Archive member included to satisfy reference by file (symbol)

H:\nrf54l15\spi\.pio\build\seeed-xiao-nrf54l15\zephyr/libzephyr.a(heap.c.o)
                              (--whole-archive)
H:\nrf54l15\spi\.pio\build\seeed-xiao-nrf54l15\zephyr/libzephyr.a(cbprintf_packaged.c.o)
                              (--whole-archive)
H:\nrf54l15\spi\.pio\build\seeed-xiao-nrf54l15\zephyr/libzephyr.a(clock.c.o)
                              (--whole-archive)
H:\nrf54l15\spi\.pio\build\seeed-xiao-nrf54l15\zephyr/libzephyr.a(printk.c.o)
                              (--whole-archive)
H:\nrf54l15\spi\.pio\build\seeed-xiao-nrf54l15\zephyr/libzephyr.a(sem.c.o)
                              (--whole-archive)
H:\nrf54l15\spi\.pio\build\seeed-xiao-nrf54l15\zephyr/libzephyr.a(thread_entry.c.o)
                              (--whole-archive)
H:\nrf54l15\spi\.pio\build\seeed-xiao-nrf54l15\zephyr/libzephyr.a(cbprintf_complete.c.o)
                              (--whole-archive)
H:\nrf54l15\spi\.pio\build\seeed-xiao-nrf54l15\zephyr/libzephyr.a(assert.c.o)
                              (--whole-archive)
H:\nrf54l15\spi\.pio\build\seeed-xiao-nrf54l15\zephyr/libzephyr.a(dec.c.o)
                              (--whole-archive)
H:\nrf54l15\spi\.pio\build\seeed-xiao-nrf54l15\zephyr/libzephyr.a(hex.c.o)
                              (--whole-archive)
H:\nrf54l15\spi\.pio\build\seeed-xiao-nrf54l15\zephyr/libzephyr.a(rb.c.o)
                              (--whole-archive)
H:\nrf54l15\spi\.pio\build\seeed-xiao-nrf54l15\zephyr/libzephyr.a(timeutil.c.o)
                              (--whole-archive)
H:\nrf54l15\spi\.pio\build\seeed-xiao-nrf54l15\zephyr/libzephyr.a(bitarray.c.o)
                              (--whole-archive)
H:\nrf54l15\spi\.pio\build\seeed-xiao-nrf54l15\zephyr/libzephyr.a(onoff.c.o)
                              (--whole-archive)
H:\nrf54l15\spi\.pio\build\seeed-xiao-nrf54l15\zephyr/libzephyr.a(notify.c.o)
                              (--whole-archive)
H:\nrf54l15\spi\.pio\build\seeed-xiao-nrf54l15\zephyr/libzephyr.a(ring_buffer.c.o)
                              (--whole-archive)
H:\nrf54l15\spi\.pio\build\seeed-xiao-nrf54l15\zephyr/libzephyr.a(last_section_id.c.o)
                              (--whole-archive)
H:\nrf54l15\spi\.pio\build\seeed-xiao-nrf54l15\zephyr/libzephyr.a(configs.c.o)
                              (--whole-archive)
H:\nrf54l15\spi\.pio\build\seeed-xiao-nrf54l15\zephyr/libzephyr.a(log_core.c.o)
                              (--whole-archive)
H:\nrf54l15\spi\.pio\build\seeed-xiao-nrf54l15\zephyr/libzephyr.a(log_mgmt.c.o)
                              (--whole-archive)
H:\nrf54l15\spi\.pio\build\seeed-xiao-nrf54l15\zephyr/libzephyr.a(log_cache.c.o)
                              (--whole-archive)
H:\nrf54l15\spi\.pio\build\seeed-xiao-nrf54l15\zephyr/libzephyr.a(log_msg.c.o)
                              (--whole-archive)
H:\nrf54l15\spi\.pio\build\seeed-xiao-nrf54l15\zephyr/libzephyr.a(log_output.c.o)
                              (--whole-archive)
H:\nrf54l15\spi\.pio\build\seeed-xiao-nrf54l15\zephyr/libzephyr.a(log_backend_uart.c.o)
                              (--whole-archive)
H:\nrf54l15\spi\.pio\build\seeed-xiao-nrf54l15\zephyr/libzephyr.a(mem_attr.c.o)
                              (--whole-archive)
H:\nrf54l15\spi\.pio\build\seeed-xiao-nrf54l15\zephyr/libzephyr.a(device.c.o)
                              (--whole-archive)
H:\nrf54l15\spi\.pio\build\seeed-xiao-nrf54l15\zephyr/libzephyr.a(device_system_managed.c.o)
                              (--whole-archive)
H:\nrf54l15\spi\.pio\build\seeed-xiao-nrf54l15\zephyr/libzephyr.a(tracing_none.c.o)
                              (--whole-archive)
H:\nrf54l15\spi\.pio\build\seeed-xiao-nrf54l15\zephyr/arch/common/libarch__common.a(sw_isr_common.c.o)
                              (--whole-archive)
H:\nrf54l15\spi\.pio\build\seeed-xiao-nrf54l15\zephyr/arch/arch/arm/core/libarch__arm__core.a(fatal.c.o)
                              (--whole-archive)
H:\nrf54l15\spi\.pio\build\seeed-xiao-nrf54l15\zephyr/arch/arch/arm/core/libarch__arm__core.a(nmi.c.o)
                              (--whole-archive)
H:\nrf54l15\spi\.pio\build\seeed-xiao-nrf54l15\zephyr/arch/arch/arm/core/libarch__arm__core.a(nmi_on_reset.S.o)
                              (--whole-archive)
H:\nrf54l15\spi\.pio\build\seeed-xiao-nrf54l15\zephyr/arch/arch/arm/core/cortex_m/libarch__arm__core__cortex_m.a(exc_exit.c.o)
                              (--whole-archive)
H:\nrf54l15\spi\.pio\build\seeed-xiao-nrf54l15\zephyr/arch/arch/arm/core/cortex_m/libarch__arm__core__cortex_m.a(fault.c.o)
                              (--whole-archive)
H:\nrf54l15\spi\.pio\build\seeed-xiao-nrf54l15\zephyr/arch/arch/arm/core/cortex_m/libarch__arm__core__cortex_m.a(fault_s.S.o)
                              (--whole-archive)
H:\nrf54l15\spi\.pio\build\seeed-xiao-nrf54l15\zephyr/arch/arch/arm/core/cortex_m/libarch__arm__core__cortex_m.a(fpu.c.o)
                              (--whole-archive)
[...]
Memory Configuration

Name             Origin             Length             Attributes
FLASH            0x0000000000000000 0x0000000000165000 xr
RAM              0x0000000020000000 0x000000000002f000 xw
IDT_LIST         0x00000000ffff7fff 0x0000000000008000 xw
*default*        0x0000000000000000 0xffffffffffffffff

Linker script and memory map

LOAD .pio\build\seeed-xiao-nrf54l15\zephyr_pre0\zephyr\misc\empty_file.c.o
LOAD .pio\build\seeed-xiao-nrf54l15\src\main.o
LOAD .pio\build\seeed-xiao-nrf54l15\zephyr_final\zephyr\misc\empty_file.c.o
LOAD .pio\build\seeed-xiao-nrf54l15\zephyr_final\zephyr\isr_tables.c.o
LOAD H:\nrf54l15\spi\.pio\build\seeed-xiao-nrf54l15\zephyr/libzephyr.a
LOAD H:\nrf54l15\spi\.pio\build\seeed-xiao-nrf54l15\zephyr/arch/common/libarch__common.a
LOAD H:\nrf54l15\spi\.pio\build\seeed-xiao-nrf54l15\zephyr/arch/arch/arm/core/libarch__arm__core.a
LOAD H:\nrf54l15\spi\.pio\build\seeed-xiao-nrf54l15\zephyr/arch/arch/arm/core/cortex_m/libarch__arm__core__cortex_m.a
LOAD H:\nrf54l15\spi\.pio\build\seeed-xiao-nrf54l15\zephyr/arch/arch/arm/core/cortex_m/cmse/libarch__arm__core__cortex_m__cmse.a
LOAD H:\nrf54l15\spi\.pio\build\seeed-xiao-nrf54l15\zephyr/arch/arch/arm/core/mpu/libarch__arm__core__mpu.a
LOAD H:\nrf54l15\spi\.pio\build\seeed-xiao-nrf54l15\zephyr/lib/libc/picolibc/liblib__libc__picolibc.a
LOAD H:\nrf54l15\spi\.pio\build\seeed-xiao-nrf54l15\zephyr/lib/libc/common/liblib__libc__common.a
LOAD H:\nrf54l15\spi\.pio\build\seeed-xiao-nrf54l15\zephyr/soc/soc/nrf54l15/libsoc__nordic.a
LOAD H:\nrf54l15\spi\.pio\build\seeed-xiao-nrf54l15\zephyr/drivers/cache/libdrivers__cache.a
LOAD H:\nrf54l15\spi\.pio\build\seeed-xiao-nrf54l15\zephyr/drivers/clock_control/libdrivers__clock_control.a
LOAD H:\nrf54l15\spi\.pio\build\seeed-xiao-nrf54l15\zephyr/drivers/console/libdrivers__console.a
LOAD H:\nrf54l15\spi\.pio\build\seeed-xiao-nrf54l15\zephyr/drivers/gpio/libdrivers__gpio.a
LOAD H:\nrf54l15\spi\.pio\build\seeed-xiao-nrf54l15\zephyr/drivers/pinctrl/libdrivers__pinctrl.a
LOAD H:\nrf54l15\spi\.pio\build\seeed-xiao-nrf54l15\zephyr/drivers/regulator/libdrivers__regulator.a
LOAD H:\nrf54l15\spi\.pio\build\seeed-xiao-nrf54l15\zephyr/drivers/serial/libdrivers__serial.a
LOAD H:\nrf54l15\spi\.pio\build\seeed-xiao-nrf54l15\zephyr/drivers/spi/libdrivers__spi.a
LOAD H:\nrf54l15\spi\.pio\build\seeed-xiao-nrf54l15\zephyr/drivers/timer/libdrivers__timer.a
LOAD H:\nrf54l15\spi\.pio\build\seeed-xiao-nrf54l15\modules/_bare_module/lib_pio___bare_module.a
LOAD H:\nrf54l15\spi\.pio\build\seeed-xiao-nrf54l15\modules/hal_nordic/nrfx/libmodules__hal_nordic__nrfx.a
LOAD H:\nrf54l15\spi\.pio\build\seeed-xiao-nrf54l15\zephyr\liboffsets.a
LOAD H:\nrf54l15\spi\.pio\build\seeed-xiao-nrf54l15\zephyr/kernel/libkernel.a
LOAD H:\nrf54l15\spi\.pio\build\seeed-xiao-nrf54l15\zephyr/arch/common/libisr_tables.a
LOAD H:\nrf54l15\spi\.pio\build\seeed-xiao-nrf54l15\modules\picolibc\libc.a
LOAD c:/users/33846/.platformio/packages/toolchain-gccarmnoneeabi@1.80201.181220/bin/../lib/gcc/arm-none-eabi/8.2.1/thumb/v8-m.main/nofp\libgcc.a
                0x0000000000000020                _region_min_align = 0x20

.rel.plt        0x0000000000000000        0x0
 *(SORT_BY_ALIGNMENT(.rel.plt))
                [!provide]                        PROVIDE (__rel_iplt_start = .)
 *(SORT_BY_ALIGNMENT(.rel.iplt))
 .rel.iplt      0x0000000000000000        0x0 .pio\build\seeed-xiao-nrf54l15\src\main.o
                [!provide]                        PROVIDE (__rel_iplt_end = .)

.rela.plt       0x0000000000000000        0x0
 *(SORT_BY_ALIGNMENT(.rela.plt))
                [!provide]                        PROVIDE (__rela_iplt_start = .)
 *(SORT_BY_ALIGNMENT(.rela.iplt))
                [!provide]                        PROVIDE (__rela_iplt_end = .)

.rel.dyn
 *(SORT_BY_ALIGNMENT(.rel.*))

.rela.dyn
 *(SORT_BY_ALIGNMENT(.rela.*))

/DISCARD/
 *(SORT_BY_ALIGNMENT(.plt))
 *(SORT_BY_ALIGNMENT(.iplt))
 *(SORT_BY_ALIGNMENT(.eh_frame))
 *(SORT_BY_ALIGNMENT(.got.plt))
 *(SORT_BY_ALIGNMENT(.igot.plt))
 *(SORT_BY_ALIGNMENT(.got))
 *(SORT_BY_ALIGNMENT(.igot))
 *(SORT_BY_ALIGNMENT(.irq_info*))
 *(SORT_BY_ALIGNMENT(.intList*))
 *(SORT_BY_ALIGNMENT(.note.GNU-stack))
                0x0000000000000000                __rom_region_start = 0x0

rom_start       0x0000000000000000      0x47c
                0x0000000000000000                __rom_start_address = .
 FILL mask 0x00
                0x0000000000000000                . = (. + (0x0 - (. - __rom_start_address)))
                0x0000000000000000                . = ALIGN (0x4)
                0x0000000000000000                . = ALIGN (0x80)
                0x0000000000000000                . = ALIGN (0x800)
                0x0000000000000000                _vector_start = .
 *(SORT_BY_ALIGNMENT(.exc_vector_table))
 *(SORT_BY_ALIGNMENT(.exc_vector_table.*))
 .exc_vector_table._vector_table_section
                0x0000000000000000       0x40 H:\nrf54l15\spi\.pio\build\seeed-xiao-nrf54l15\zephyr/arch/arch/arm/core/cortex_m/libarch__arm__core__cortex_m.a(vector_table.S.o)
                0x0000000000000000                _vector_table
 *(SORT_BY_ALIGNMENT(.vectors))
                0x0000000000000040                _vector_end = .
                0x0000000000000040                . = ALIGN (0x4)
 *(SORT_BY_ALIGNMENT(.gnu.linkonce.irq_vector_table*))
 .gnu.linkonce.irq_vector_table
                0x0000000000000040      0x43c .pio\build\seeed-xiao-nrf54l15\zephyr_final\zephyr\isr_tables.c.o
                0x0000000000000040                _irq_vector_table
                0x000000000000047c                _vector_end = .

text            0x000000000000047c     0x79e4
                0x000000000000047c                __text_region_start = .
 *(SORT_BY_ALIGNMENT(.text))
 .text          0x000000000000047c       0x30 c:/users/33846/.platformio/packages/toolchain-gccarmnoneeabi@1.80201.181220/bin/../lib/gcc/arm-none-eabi/8.2.1/thumb/v8-m.main/nofp\libgcc.a(_aeabi_uldivmod.o)
                0x000000000000047c                __aeabi_uldivmod
 .text          0x00000000000004ac        0x4 c:/users/33846/.platformio/packages/toolchain-gccarmnoneeabi@1.80201.181220/bin/../lib/gcc/arm-none-eabi/8.2.1/thumb/v8-m.main/nofp\libgcc.a(_dvmd_tls.o)
                0x00000000000004ac                __aeabi_idiv0
                0x00000000000004ac                __aeabi_ldiv0
 .text          0x00000000000004b0       0x10 H:\nrf54l15\spi\.pio\build\seeed-xiao-nrf54l15\modules\picolibc\libc.a(strlen.S.o)
                0x00000000000004b0                strlen
 *(SORT_BY_ALIGNMENT(.text.*))
 .text.dump_hex.constprop.0
                0x00000000000004c0       0x74 .pio\build\seeed-xiao-nrf54l15\src\main.o
 .text.spi_write.constprop.5
                0x0000000000000534       0x18 .pio\build\seeed-xiao-nrf54l15\src\main.o
 .text.spi_transceive.constprop.6
                0x000000000000054c       0x18 .pio\build\seeed-xiao-nrf54l15\src\main.o
 .text.cs_high  0x0000000000000564       0x1c .pio\build\seeed-xiao-nrf54l15\src\main.o
 .text.cs_low   0x0000000000000580       0x1c .pio\build\seeed-xiao-nrf54l15\src\main.o
 .text.wait_busy
                0x000000000000059c       0x58 .pio\build\seeed-xiao-nrf54l15\src\main.o
 .text.write_enable
                0x00000000000005f4       0x34 .pio\build\seeed-xiao-nrf54l15\src\main.o
 .text.main     0x0000000000000628      0x374 .pio\build\seeed-xiao-nrf54l15\src\main.o
                0x0000000000000628                main
 .text.cbvprintf_package
                0x000000000000099c      0x354 H:\nrf54l15\spi\.pio\build\seeed-xiao-nrf54l15\zephyr/libzephyr.a(cbprintf_packaged.c.o)
                0x000000000000099c                cbvprintf_package
 .text.__printk_hook_install
                0x0000000000000cf0        0xc H:\nrf54l15\spi\.pio\build\seeed-xiao-nrf54l15\zephyr/libzephyr.a(printk.c.o)
                0x0000000000000cf0                __printk_hook_install
 .text.process_event
                0x0000000000000cfc      0x1b8 H:\nrf54l15\spi\.pio\build\seeed-xiao-nrf54l15\zephyr/libzephyr.a(onoff.c.o)
 .text.z_log_init
                0x0000000000000eb4       0xe4 H:\nrf54l15\spi\.pio\build\seeed-xiao-nrf54l15\zephyr/libzephyr.a(log_core.c.o)
 .text.log_format_func_t_get
                0x0000000000000f98        0xc H:\nrf54l15\spi\.pio\build\seeed-xiao-nrf54l15\zephyr/libzephyr.a(log_core.c.o)
                0x0000000000000f98                log_format_func_t_get
 .text.log_set_timestamp_func
                0x0000000000000fa4       0x1c H:\nrf54l15\spi\.pio\build\seeed-xiao-nrf54l15\zephyr/libzephyr.a(log_core.c.o)
                0x0000000000000fa4                log_set_timestamp_func
 .text.log_core_init
                0x0000000000000fc0       0x50 H:\nrf54l15\spi\.pio\build\seeed-xiao-nrf54l15\zephyr/libzephyr.a(log_core.c.o)
                0x0000000000000fc0                log_core_init
 .text.z_impl_log_panic
                0x0000000000001010       0x3c H:\nrf54l15\spi\.pio\build\seeed-xiao-nrf54l15\zephyr/libzephyr.a(log_core.c.o)
                0x0000000000001010                z_impl_log_panic
 .text.z_log_dropped
                0x000000000000104c       0x28 H:\nrf54l15\spi\.pio\build\seeed-xiao-nrf54l15\zephyr/libzephyr.a(log_core.c.o)
                0x000000000000104c                z_log_dropped
 .text.z_log_msg_commit
                0x0000000000001074       0x38 H:\nrf54l15\spi\.pio\build\seeed-xiao-nrf54l15\zephyr/libzephyr.a(log_core.c.o)
                0x0000000000001074                z_log_msg_commit
 .text.log_source_name_get
                0x00000000000010ac       0x1c H:\nrf54l15\spi\.pio\build\seeed-xiao-nrf54l15\zephyr/libzephyr.a(log_mgmt.c.o)
                0x00000000000010ac                log_source_name_get
 .text.z_log_msg_runtime_vcreate
                0x00000000000010c8       0xa0 H:\nrf54l15\spi\.pio\build\seeed-xiao-nrf54l15\zephyr/libzephyr.a(log_msg.c.o)
                0x00000000000010c8                z_log_msg_runtime_vcreate
 .text.log_msg_get_source_id
                0x0000000000001168       0x18 H:\nrf54l15\spi\.pio\build\seeed-xiao-nrf54l15\zephyr/libzephyr.a(log_msg.c.o)
                0x0000000000001168                log_msg_get_source_id
 .text.print_formatted
                0x0000000000001180       0x24 H:\nrf54l15\spi\.pio\build\seeed-xiao-nrf54l15\zephyr/libzephyr.a(log_output.c.o)
 .text.log_output_process
                0x00000000000011a4      0x2ac H:\nrf54l15\spi\.pio\build\seeed-xiao-nrf54l15\zephyr/libzephyr.a(log_output.c.o)
                0x00000000000011a4                log_output_process
 .text.log_output_timestamp_freq_set
                0x0000000000001450       0x30 H:\nrf54l15\spi\.pio\build\seeed-xiao-nrf54l15\zephyr/libzephyr.a(log_output.c.o)
                0x0000000000001450                log_output_timestamp_freq_set
 .text.panic    0x0000000000001480       0x54 H:\nrf54l15\spi\.pio\build\seeed-xiao-nrf54l15\zephyr/libzephyr.a(log_backend_uart.c.o)
 .text.char_out
                0x00000000000014d4       0x24 H:\nrf54l15\spi\.pio\build\seeed-xiao-nrf54l15\zephyr/libzephyr.a(log_backend_uart.c.o)
 .text.mem_attr_get_regions
                0x00000000000014f8        0xc H:\nrf54l15\spi\.pio\build\seeed-xiao-nrf54l15\zephyr/libzephyr.a(mem_attr.c.o)
                0x00000000000014f8                mem_attr_get_regions
 .text.pm_device_action_run
                0x0000000000001504       0x88 H:\nrf54l15\spi\.pio\build\seeed-xiao-nrf54l15\zephyr/libzephyr.a(device.c.o)
                0x0000000000001504                pm_device_action_run
 .text.z_arm_fatal_error
                0x000000000000158c       0xc4 H:\nrf54l15\spi\.pio\build\seeed-xiao-nrf54l15\zephyr/arch/arch/arm/core/libarch__arm__core.a(fatal.c.o)
                0x000000000000158c                z_arm_fatal_error
 .text.z_SysNmiOnReset
                0x0000000000001650        0x8 H:\nrf54l15\spi\.pio\build\seeed-xiao-nrf54l15\zephyr/arch/arch/arm/core/libarch__arm__core.a(nmi_on_reset.S.o)
                0x0000000000001650                z_SysNmiOnReset
 .text._HandlerModeExit
                0x0000000000001658       0x20 H:\nrf54l15\spi\.pio\build\seeed-xiao-nrf54l15\zephyr/arch/arch/arm/core/cortex_m/libarch__arm__core__cortex_m.a(exc_exit.c.o)
                0x0000000000001658                z_arm_int_exit
                0x0000000000001658                z_arm_exc_exit
 .text.usage_fault.isra.5
                0x0000000000001678      0x128 H:\nrf54l15\spi\.pio\build\seeed-xiao-nrf54l15\zephyr/arch/arch/arm/core/cortex_m/libarch__arm__core__cortex_m.a(fault.c.o)
 .text.bus_fault.isra.4
                0x00000000000017a0      0x140 H:\nrf54l15\spi\.pio\build\seeed-xiao-nrf54l15\zephyr/arch/arch/arm/core/cortex_m/libarch__arm__core__cortex_m.a(fault.c.o)
 .text.mem_manage_fault.isra.3
                0x00000000000018e0      0x134 H:\nrf54l15\spi\.pio\build\seeed-xiao-nrf54l15\zephyr/arch/arch/arm/core/cortex_m/libarch__arm__core__cortex_m.a(fault.c.o)
 .text.z_arm_fault
                0x0000000000001a14      0x230 H:\nrf54l15\spi\.pio\build\seeed-xiao-nrf54l15\zephyr/arch/arch/arm/core/cortex_m/libarch__arm__core__cortex_m.a(fault.c.o)
                0x0000000000001a14                z_arm_fault
 .text.z_arm_fault_init
                0x0000000000001c44       0x20 H:\nrf54l15\spi\.pio\build\seeed-xiao-nrf54l15\zephyr/arch/arch/arm/core/cortex_m/libarch__arm__core__cortex_m.a(fault.c.o)
                0x0000000000001c44                z_arm_fault_init
 .text.__fault  0x0000000000001c64       0x14 H:\nrf54l15\spi\.pio\build\seeed-xiao-nrf54l15\zephyr/arch/arch/arm/core/cortex_m/libarch__arm__core__cortex_m.a(fault_s.S.o)
                0x0000000000001c64                z_arm_usage_fault
                0x0000000000001c64                z_arm_mpu_fault
                0x0000000000001c64                z_arm_exc_spurious
                0x0000000000001c64                z_arm_debug_monitor
                0x0000000000001c64                z_arm_hard_fault
                0x0000000000001c64                z_arm_bus_fault
 .text._reset_section
                0x0000000000001c78       0x38 H:\nrf54l15\spi\.pio\build\seeed-xiao-nrf54l15\zephyr/arch/arch/arm/core/cortex_m/libarch__arm__core__cortex_m.a(reset.S.o)
                0x0000000000001c78                __start
                0x0000000000001c78                z_arm_reset
 .text.z_impl_k_thread_abort
                0x0000000000001cb0       0x2c H:\nrf54l15\spi\.pio\build\seeed-xiao-nrf54l15\zephyr/arch/arch/arm/core/cortex_m/libarch__arm__core__cortex_m.a(thread_abort.c.o)
                0x0000000000001cb0                z_impl_k_thread_abort
 .text.z_arm_pendsv
                0x0000000000001cdc       0x58 H:\nrf54l15\spi\.pio\build\seeed-xiao-nrf54l15\zephyr/arch/arch/arm/core/cortex_m/libarch__arm__core__cortex_m.a(swap_helper.S.o)
                0x0000000000001cdc                z_arm_pendsv
 .text.z_arm_svc
                0x0000000000001d34       0x24 H:\nrf54l15\spi\.pio\build\seeed-xiao-nrf54l15\zephyr/arch/arch/arm/core/cortex_m/libarch__arm__core__cortex_m.a(swap_helper.S.o)
                0x0000000000001d34                z_arm_svc
 .text.arm_irq_enable
                0x0000000000001d58       0x20 H:\nrf54l15\spi\.pio\build\seeed-xiao-nrf54l15\zephyr/arch/arch/arm/core/cortex_m/libarch__arm__core__cortex_m.a(irq_manage.c.o)
                0x0000000000001d58                arm_irq_enable
 .text.arm_irq_disable
                0x0000000000001d78       0x28 H:\nrf54l15\spi\.pio\build\seeed-xiao-nrf54l15\zephyr/arch/arch/arm/core/cortex_m/libarch__arm__core__cortex_m.a(irq_manage.c.o)
                0x0000000000001d78                arm_irq_disable
 .text.arm_irq_is_enabled
                0x0000000000001da0       0x1c H:\nrf54l15\spi\.pio\build\seeed-xiao-nrf54l15\zephyr/arch/arch/arm/core/cortex_m/libarch__arm__core__cortex_m.a(irq_manage.c.o)
                0x0000000000001da0                arm_irq_is_enabled
 .text.arm_irq_priority_set
                0x0000000000001dbc       0x30 H:\nrf54l15\spi\.pio\build\seeed-xiao-nrf54l15\zephyr/arch/arch/arm/core/cortex_m/libarch__arm__core__cortex_m.a(irq_manage.c.o)
                0x0000000000001dbc                arm_irq_priority_set
 .text.relocate_vector_table
                0x0000000000001dec       0x1c H:\nrf54l15\spi\.pio\build\seeed-xiao-nrf54l15\zephyr/arch/arch/arm/core/cortex_m/libarch__arm__core__cortex_m.a(prep_c.c.o)
                0x0000000000001dec                relocate_vector_table
 .text.z_prep_c
                0x0000000000001e08       0x38 H:\nrf54l15\spi\.pio\build\seeed-xiao-nrf54l15\zephyr/arch/arch/arm/core/cortex_m/libarch__arm__core__cortex_m.a(prep_c.c.o)
                0x0000000000001e08                z_prep_c
 .text.arch_new_thread
                0x0000000000001e40       0x38 H:\nrf54l15\spi\.pio\build\seeed-xiao-nrf54l15\zephyr/arch/arch/arm/core/cortex_m/libarch__arm__core__cortex_m.a(thread.c.o)
                0x0000000000001e40                arch_new_thread
 .text.arch_switch_to_main_thread
                0x0000000000001e78       0x38 H:\nrf54l15\spi\.pio\build\seeed-xiao-nrf54l15\zephyr/arch/arch/arm/core/cortex_m/libarch__arm__core__cortex_m.a(thread.c.o)
                0x0000000000001e78                arch_switch_to_main_thread
 .text.z_arm_cpu_idle_init
                0x0000000000001eb0        0xc H:\nrf54l15\spi\.pio\build\seeed-xiao-nrf54l15\zephyr/arch/arch/arm/core/cortex_m/libarch__arm__core__cortex_m.a(cpu_idle.c.o)
                0x0000000000001eb0                z_arm_cpu_idle_init
 .text.z_arm_interrupt_init
                0x0000000000001ebc       0x20 H:\nrf54l15\spi\.pio\build\seeed-xiao-nrf54l15\zephyr/arch/arch/arm/core/cortex_m/libarch__arm__core__cortex_m.a(irq_init.c.o)
                0x0000000000001ebc                z_arm_interrupt_init
 .text._isr_wrapper
                0x0000000000001edc       0x24 H:\nrf54l15\spi\.pio\build\seeed-xiao-nrf54l15\zephyr/arch/arch/arm/core/cortex_m/libarch__arm__core__cortex_m.a(isr_wrapper.c.o)
                0x0000000000001edc                _isr_wrapper
 .text.z_arm_configure_static_mpu_regions
                0x0000000000001f00       0x38 H:\nrf54l15\spi\.pio\build\seeed-xiao-nrf54l15\zephyr/arch/arch/arm/core/mpu/libarch__arm__core__mpu.a(arm_core_mpu.c.o)
                0x0000000000001f00                z_arm_configure_static_mpu_regions
 .text.region_init
                0x0000000000001f38       0x30 H:\nrf54l15\spi\.pio\build\seeed-xiao-nrf54l15\zephyr/arch/arch/arm/core/mpu/libarch__arm__core__mpu.a(arm_mpu.c.o)
 .text.region_allocate_and_init
                0x0000000000001f68       0x44 H:\nrf54l15\spi\.pio\build\seeed-xiao-nrf54l15\zephyr/arch/arch/arm/core/mpu/libarch__arm__core__mpu.a(arm_mpu.c.o)
 .text.mpu_configure_regions_and_partition.constprop.3
                0x0000000000001fac      0x16c H:\nrf54l15\spi\.pio\build\seeed-xiao-nrf54l15\zephyr/arch/arch/arm/core/mpu/libarch__arm__core__mpu.a(arm_mpu.c.o)
 .text.arm_core_mpu_enable
                0x0000000000002118       0x14 H:\nrf54l15\spi\.pio\build\seeed-xiao-nrf54l15\zephyr/arch/arch/arm/core/mpu/libarch__arm__core__mpu.a(arm_mpu.c.o)
                0x0000000000002118                arm_core_mpu_enable
 .text.arm_core_mpu_disable
                0x000000000000212c       0x10 H:\nrf54l15\spi\.pio\build\seeed-xiao-nrf54l15\zephyr/arch/arch/arm/core/mpu/libarch__arm__core__mpu.a(arm_mpu.c.o)
                0x000000000000212c                arm_core_mpu_disable
 .text.arm_core_mpu_configure_static_mpu_regions
                0x000000000000213c       0x14 H:\nrf54l15\spi\.pio\build\seeed-xiao-nrf54l15\zephyr/arch/arch/arm/core/mpu/libarch__arm__core__mpu.a(arm_mpu.c.o)
                0x000000000000213c                arm_core_mpu_configure_static_mpu_regions
 .text.arm_core_mpu_mark_areas_for_dynamic_regions
                0x0000000000002150       0xa8 H:\nrf54l15\spi\.pio\build\seeed-xiao-nrf54l15\zephyr/arch/arch/arm/core/mpu/libarch__arm__core__mpu.a(arm_mpu.c.o)
                0x0000000000002150                arm_core_mpu_mark_areas_for_dynamic_regions
 .text.z_arm_mpu_init
                0x00000000000021f8      0x124 H:\nrf54l15\spi\.pio\build\seeed-xiao-nrf54l15\zephyr/arch/arch/arm/core/mpu/libarch__arm__core__mpu.a(arm_mpu.c.o)
                0x00000000000021f8                z_arm_mpu_init
 .text.cbvprintf
                0x000000000000231c       0x38 H:\nrf54l15\spi\.pio\build\seeed-xiao-nrf54l15\zephyr/lib/libc/picolibc/liblib__libc__picolibc.a(cbprintf.c.o)
                0x000000000000231c                cbvprintf
 .text.z_impl_zephyr_fputc
                0x0000000000002354       0x10 H:\nrf54l15\spi\.pio\build\seeed-xiao-nrf54l15\zephyr/lib/libc/picolibc/liblib__libc__picolibc.a(stdio.c.o)
                0x0000000000002354                z_impl_zephyr_fputc
 .text.__stdout_hook_install
                0x0000000000002364       0x18 H:\nrf54l15\spi\.pio\build\seeed-xiao-nrf54l15\zephyr/lib/libc/picolibc/liblib__libc__picolibc.a(stdio.c.o)
                0x0000000000002364                __stdout_hook_install
 .text.malloc_prepare
                0x000000000000237c       0x24 H:\nrf54l15\spi\.pio\build\seeed-xiao-nrf54l15\zephyr/lib/libc/common/liblib__libc__common.a(malloc.c.o)
 .text.nordicsemi_nrf54l_init
                0x00000000000023a0       0xa8 H:\nrf54l15\spi\.pio\build\seeed-xiao-nrf54l15\zephyr/soc/soc/nrf54l15/libsoc__nordic.a(soc.c.o)
                0x00000000000023a0                nordicsemi_nrf54l_init
 .text.arch_busy_wait
                0x0000000000002448       0x24 H:\nrf54l15\spi\.pio\build\seeed-xiao-nrf54l15\zephyr/soc/soc/nrf54l15/libsoc__nordic.a(soc.c.o)
                0x0000000000002448                arch_busy_wait
 .text.cache_instr_enable
                0x000000000000246c       0x10 H:\nrf54l15\spi\.pio\build\seeed-xiao-nrf54l15\zephyr/drivers/cache/libdrivers__cache.a(cache_nrf.c.o)
                0x000000000000246c                cache_instr_enable
 .text.onoff_stop
                0x000000000000247c       0x30 H:\nrf54l15\spi\.pio\build\seeed-xiao-nrf54l15\zephyr/drivers/clock_control/libdrivers__clock_control.a(clock_control_nrf.c.o)
 .text.generic_hfclk_stop
                0x00000000000024ac       0x34 H:\nrf54l15\spi\.pio\build\seeed-xiao-nrf54l15\zephyr/drivers/clock_control/libdrivers__clock_control.a(clock_control_nrf.c.o)
 .text.clk_init
                0x00000000000024e0       0x5c H:\nrf54l15\spi\.pio\build\seeed-xiao-nrf54l15\zephyr/drivers/clock_control/libdrivers__clock_control.a(clock_control_nrf.c.o)
 .text.clkstarted_handle.constprop.10
                0x000000000000253c       0x4c H:\nrf54l15\spi\.pio\build\seeed-xiao-nrf54l15\zephyr/drivers/clock_control/libdrivers__clock_control.a(clock_control_nrf.c.o)
 .text.generic_hfclk_start
                0x0000000000002588       0x78 H:\nrf54l15\spi\.pio\build\seeed-xiao-nrf54l15\zephyr/drivers/clock_control/libdrivers__clock_control.a(clock_control_nrf.c.o)
 .text.api_blocking_start
                0x0000000000002600       0x34 H:\nrf54l15\spi\.pio\build\seeed-xiao-nrf54l15\zephyr/drivers/clock_control/libdrivers__clock_control.a(clock_control_nrf.c.o)
 .text.onoff_start
                0x0000000000002634       0x7c H:\nrf54l15\spi\.pio\build\seeed-xiao-nrf54l15\zephyr/drivers/clock_control/libdrivers__clock_control.a(clock_control_nrf.c.o)
 .text.z_nrf_clock_control_lf_on
                0x00000000000026b0       0xfc H:\nrf54l15\spi\.pio\build\seeed-xiao-nrf54l15\zephyr/drivers/clock_control/libdrivers__clock_control.a(clock_control_nrf.c.o)
                0x00000000000026b0                z_nrf_clock_control_lf_on
 .text.uart_console_init
                0x00000000000027ac       0x28 H:\nrf54l15\spi\.pio\build\seeed-xiao-nrf54l15\zephyr/drivers/console/libdrivers__console.a(uart_console.c.o)
 .text.console_out
                0x00000000000027d4       0x28 H:\nrf54l15\spi\.pio\build\seeed-xiao-nrf54l15\zephyr/drivers/console/libdrivers__console.a(uart_console.c.o)
 .text.nrfx_gpio_handler
                0x00000000000027fc       0x50 H:\nrf54l15\spi\.pio\build\seeed-xiao-nrf54l15\zephyr/drivers/gpio/libdrivers__gpio.a(gpio_nrfx.c.o)
 .text.gpio_nrfx_init
                0x000000000000284c       0x64 H:\nrf54l15\spi\.pio\build\seeed-xiao-nrf54l15\zephyr/drivers/gpio/libdrivers__gpio.a(gpio_nrfx.c.o)
 .text.gpio_nrfx_pin_configure
                0x00000000000028b0      0x194 H:\nrf54l15\spi\.pio\build\seeed-xiao-nrf54l15\zephyr/drivers/gpio/libdrivers__gpio.a(gpio_nrfx.c.o)
 .text.gpio_nrfx_pin_interrupt_configure
                0x0000000000002a44      0x118 H:\nrf54l15\spi\.pio\build\seeed-xiao-nrf54l15\zephyr/drivers/gpio/libdrivers__gpio.a(gpio_nrfx.c.o)
 .text.gpio_hogs_init
                0x0000000000002b5c       0x7c H:\nrf54l15\spi\.pio\build\seeed-xiao-nrf54l15\zephyr/drivers/gpio/libdrivers__gpio.a(gpio_hogs.c.o)
 .text.nrf_gpio_pin_port_decode
                0x0000000000002bd8       0x1c H:\nrf54l15\spi\.pio\build\seeed-xiao-nrf54l15\zephyr/drivers/pinctrl/libdrivers__pinctrl.a(pinctrl_nrf.c.o)
 .text.pinctrl_configure_pins
                0x0000000000002bf4      0x170 H:\nrf54l15\spi\.pio\build\seeed-xiao-nrf54l15\zephyr/drivers/pinctrl/libdrivers__pinctrl.a(pinctrl_nrf.c.o)
                0x0000000000002bf4                pinctrl_configure_pins
 .text.z_log_msg_runtime_create.constprop.2
                0x0000000000002d64       0x24 H:\nrf54l15\spi\.pio\build\seeed-xiao-nrf54l15\zephyr/drivers/regulator/libdrivers__regulator.a(regulator_fixed.c.o)
 .text.regulator_fixed_init
                0x0000000000002d88       0xb0 H:\nrf54l15\spi\.pio\build\seeed-xiao-nrf54l15\zephyr/drivers/regulator/libdrivers__regulator.a(regulator_fixed.c.o)
 .text.uarte_instance_init.isra.4
                0x0000000000002e38       0x68 H:\nrf54l15\spi\.pio\build\seeed-xiao-nrf54l15\zephyr/drivers/serial/libdrivers__serial.a(uart_nrfx_uarte.c.o)
 .text.uarte_nrfx_poll_out
                0x0000000000002ea0       0xc4 H:\nrf54l15\spi\.pio\build\seeed-xiao-nrf54l15\zephyr/drivers/serial/libdrivers__serial.a(uart_nrfx_uarte.c.o)
 .text.spi_nrfx_init
                0x0000000000002f64      0x100 H:\nrf54l15\spi\.pio\build\seeed-xiao-nrf54l15\zephyr/drivers/spi/libdrivers__spi.a(spi_nrfx_spim.c.o)
 .text.transfer_next_chunk
                0x0000000000003064       0xb0 H:\nrf54l15\spi\.pio\build\seeed-xiao-nrf54l15\zephyr/drivers/spi/libdrivers__spi.a(spi_nrfx_spim.c.o)
 .text.event_handler
                0x0000000000003114       0xf0 H:\nrf54l15\spi\.pio\build\seeed-xiao-nrf54l15\zephyr/drivers/spi/libdrivers__spi.a(spi_nrfx_spim.c.o)
 .text.spi_nrfx_transceive
                0x0000000000003204      0x418 H:\nrf54l15\spi\.pio\build\seeed-xiao-nrf54l15\zephyr/drivers/spi/libdrivers__spi.a(spi_nrfx_spim.c.o)
 .text.spi_nrfx_wake_init
                0x000000000000361c       0x60 H:\nrf54l15\spi\.pio\build\seeed-xiao-nrf54l15\zephyr/drivers/spi/libdrivers__spi.a(spi_nrfx_common.c.o)
                0x000000000000361c                spi_nrfx_wake_init
 .text.spi_nrfx_wake_request
                0x000000000000367c       0x8c H:\nrf54l15\spi\.pio\build\seeed-xiao-nrf54l15\zephyr/drivers/spi/libdrivers__spi.a(spi_nrfx_common.c.o)
                0x000000000000367c                spi_nrfx_wake_request
 .text.sys_clock_timeout_handler
                0x0000000000003708       0x40 H:\nrf54l15\spi\.pio\build\seeed-xiao-nrf54l15\zephyr/drivers/timer/libdrivers__timer.a(nrf_grtc_timer.c.o)
 .text.sys_clock_driver_init
                0x0000000000003748       0x88 H:\nrf54l15\spi\.pio\build\seeed-xiao-nrf54l15\zephyr/drivers/timer/libdrivers__timer.a(nrf_grtc_timer.c.o)
 .text.sys_clock_elapsed
                0x00000000000037d0       0x20 H:\nrf54l15\spi\.pio\build\seeed-xiao-nrf54l15\zephyr/drivers/timer/libdrivers__timer.a(nrf_grtc_timer.c.o)
                0x00000000000037d0                sys_clock_elapsed
 .text.sys_clock_set_timeout
                0x00000000000037f0       0x5c H:\nrf54l15\spi\.pio\build\seeed-xiao-nrf54l15\zephyr/drivers/timer/libdrivers__timer.a(nrf_grtc_timer.c.o)
                0x00000000000037f0                sys_clock_set_timeout
 .text.nrf54l_errata_31
                0x000000000000384c       0x1c H:\nrf54l15\spi\.pio\build\seeed-xiao-nrf54l15\modules/hal_nordic/nrfx/libmodules__hal_nordic__nrfx.a(system_nrf54l.c.o)
 .text.nrf54l_handle_approtect_signal
                0x0000000000003868       0x34 H:\nrf54l15\spi\.pio\build\seeed-xiao-nrf54l15\modules/hal_nordic/nrfx/libmodules__hal_nordic__nrfx.a(system_nrf54l.c.o)
 .text.nrf54l_handle_secureapprotect_signal
                0x000000000000389c       0x34 H:\nrf54l15\spi\.pio\build\seeed-xiao-nrf54l15\modules/hal_nordic/nrfx/libmodules__hal_nordic__nrfx.a(system_nrf54l.c.o)
 .text.SystemInit
                0x00000000000038d0      0x108 H:\nrf54l15\spi\.pio\build\seeed-xiao-nrf54l15\modules/hal_nordic/nrfx/libmodules__hal_nordic__nrfx.a(system_nrf54l.c.o)
                0x00000000000038d0                SystemInit
 .text.nrfx_flag32_alloc
                0x00000000000039d8       0x40 H:\nrf54l15\spi\.pio\build\seeed-xiao-nrf54l15\modules/hal_nordic/nrfx/libmodules__hal_nordic__nrfx.a(nrfx_flag32_allocator.c.o)
                0x00000000000039d8                nrfx_flag32_alloc
 .text.nrfx_flag32_free
                0x0000000000003a18       0x38 H:\nrf54l15\spi\.pio\build\seeed-xiao-nrf54l15\modules/hal_nordic/nrfx/libmodules__hal_nordic__nrfx.a(nrfx_flag32_allocator.c.o)
                0x0000000000003a18                nrfx_flag32_free
 .text.clock_stop
                0x0000000000003a50       0xc0 H:\nrf54l15\spi\.pio\build\seeed-xiao-nrf54l15\modules/hal_nordic/nrfx/libmodules__hal_nordic__nrfx.a(nrfx_clock.c.o)
 .text.nrfx_clock_init
                0x0000000000003b10       0x20 H:\nrf54l15\spi\.pio\build\seeed-xiao-nrf54l15\modules/hal_nordic/nrfx/libmodules__hal_nordic__nrfx.a(nrfx_clock.c.o)
                0x0000000000003b10                nrfx_clock_init
 .text.nrfx_clock_enable
                0x0000000000003b30       0x38 H:\nrf54l15\spi\.pio\build\seeed-xiao-nrf54l15\modules/hal_nordic/nrfx/libmodules__hal_nordic__nrfx.a(nrfx_clock.c.o)
                0x0000000000003b30                nrfx_clock_enable
 .text.nrfx_clock_start
                0x0000000000003b68       0xe8 H:\nrf54l15\spi\.pio\build\seeed-xiao-nrf54l15\modules/hal_nordic/nrfx/libmodules__hal_nordic__nrfx.a(nrfx_clock.c.o)
                0x0000000000003b68                nrfx_clock_start
 .text.nrfx_clock_irq_handler
                0x0000000000003c50       0x90 H:\nrf54l15\spi\.pio\build\seeed-xiao-nrf54l15\modules/hal_nordic/nrfx/libmodules__hal_nordic__nrfx.a(nrfx_clock.c.o)
                0x0000000000003c50                nrfx_clock_irq_handler
 .text.nrf_gpio_pin_port_decode
                0x0000000000003ce0       0x1c H:\nrf54l15\spi\.pio\build\seeed-xiao-nrf54l15\modules/hal_nordic/nrfx/libmodules__hal_nordic__nrfx.a(nrfx_gpiote.c.o)
 .text.get_pin_idx
                0x0000000000003cfc       0x14 H:\nrf54l15\spi\.pio\build\seeed-xiao-nrf54l15\modules/hal_nordic/nrfx/libmodules__hal_nordic__nrfx.a(nrfx_gpiote.c.o)
 .text.pin_in_use_by_te.isra.1
                0x0000000000003d10       0x24 H:\nrf54l15\spi\.pio\build\seeed-xiao-nrf54l15\modules/hal_nordic/nrfx/libmodules__hal_nordic__nrfx.a(nrfx_gpiote.c.o)
 .text.pin_te_get.isra.4
                0x0000000000003d34       0x20 H:\nrf54l15\spi\.pio\build\seeed-xiao-nrf54l15\modules/hal_nordic/nrfx/libmodules__hal_nordic__nrfx.a(nrfx_gpiote.c.o)
 .text.release_handler
                0x0000000000003d54       0x74 H:\nrf54l15\spi\.pio\build\seeed-xiao-nrf54l15\modules/hal_nordic/nrfx/libmodules__hal_nordic__nrfx.a(nrfx_gpiote.c.o)
 .text.latch_pending_read_and_check
                0x0000000000003dc8       0x5c H:\nrf54l15\spi\.pio\build\seeed-xiao-nrf54l15\modules/hal_nordic/nrfx/libmodules__hal_nordic__nrfx.a(nrfx_gpiote.c.o)
 .text.pin_is_input
                0x0000000000003e24       0x28 H:\nrf54l15\spi\.pio\build\seeed-xiao-nrf54l15\modules/hal_nordic/nrfx/libmodules__hal_nordic__nrfx.a(nrfx_gpiote.c.o)
 .text.pin_uninit
                0x0000000000003e4c       0xa4 H:\nrf54l15\spi\.pio\build\seeed-xiao-nrf54l15\modules/hal_nordic/nrfx/libmodules__hal_nordic__nrfx.a(nrfx_gpiote.c.o)
 .text.irq_handler
                0x0000000000003ef0      0x1a4 H:\nrf54l15\spi\.pio\build\seeed-xiao-nrf54l15\modules/hal_nordic/nrfx/libmodules__hal_nordic__nrfx.a(nrfx_gpiote.c.o)
 .text.nrfx_gpiote_input_configure
                0x0000000000004094      0x200 H:\nrf54l15\spi\.pio\build\seeed-xiao-nrf54l15\modules/hal_nordic/nrfx/libmodules__hal_nordic__nrfx.a(nrfx_gpiote.c.o)
                0x0000000000004094                nrfx_gpiote_input_configure
 .text.nrfx_gpiote_output_configure
                0x0000000000004294      0x13c H:\nrf54l15\spi\.pio\build\seeed-xiao-nrf54l15\modules/hal_nordic/nrfx/libmodules__hal_nordic__nrfx.a(nrfx_gpiote.c.o)
                0x0000000000004294                nrfx_gpiote_output_configure
 .text.nrfx_gpiote_global_callback_set
                0x00000000000043d0       0x1c H:\nrf54l15\spi\.pio\build\seeed-xiao-nrf54l15\modules/hal_nordic/nrfx/libmodules__hal_nordic__nrfx.a(nrfx_gpiote.c.o)
                0x00000000000043d0                nrfx_gpiote_global_callback_set
 .text.nrfx_gpiote_channel_get
                0x00000000000043ec       0x3c H:\nrf54l15\spi\.pio\build\seeed-xiao-nrf54l15\modules/hal_nordic/nrfx/libmodules__hal_nordic__nrfx.a(nrfx_gpiote.c.o)
                0x00000000000043ec                nrfx_gpiote_channel_get
 .text.nrfx_gpiote_init
                0x0000000000004428       0x88 H:\nrf54l15\spi\.pio\build\seeed-xiao-nrf54l15\modules/hal_nordic/nrfx/libmodules__hal_nordic__nrfx.a(nrfx_gpiote.c.o)
                0x0000000000004428                nrfx_gpiote_init
 .text.nrfx_gpiote_init_check
                0x00000000000044b0       0x1c H:\nrf54l15\spi\.pio\build\seeed-xiao-nrf54l15\modules/hal_nordic/nrfx/libmodules__hal_nordic__nrfx.a(nrfx_gpiote.c.o)
                0x00000000000044b0                nrfx_gpiote_init_check
 .text.nrfx_gpiote_channel_free
                0x00000000000044cc       0x14 H:\nrf54l15\spi\.pio\build\seeed-xiao-nrf54l15\modules/hal_nordic/nrfx/libmodules__hal_nordic__nrfx.a(nrfx_gpiote.c.o)
                0x00000000000044cc                nrfx_gpiote_channel_free
 .text.nrfx_gpiote_channel_alloc
                0x00000000000044e0       0x14 H:\nrf54l15\spi\.pio\build\seeed-xiao-nrf54l15\modules/hal_nordic/nrfx/libmodules__hal_nordic__nrfx.a(nrfx_gpiote.c.o)
                0x00000000000044e0                nrfx_gpiote_channel_alloc
 .text.nrfx_gpiote_trigger_enable
                0x00000000000044f4       0xa8 H:\nrf54l15\spi\.pio\build\seeed-xiao-nrf54l15\modules/hal_nordic/nrfx/libmodules__hal_nordic__nrfx.a(nrfx_gpiote.c.o)
                0x00000000000044f4                nrfx_gpiote_trigger_enable
 .text.nrfx_gpiote_20_irq_handler
                0x000000000000459c       0x10 H:\nrf54l15\spi\.pio\build\seeed-xiao-nrf54l15\modules/hal_nordic/nrfx/libmodules__hal_nordic__nrfx.a(nrfx_gpiote.c.o)
                0x000000000000459c                nrfx_gpiote_20_irq_handler
 .text.nrfx_gpiote_30_irq_handler
                0x00000000000045ac       0x10 H:\nrf54l15\spi\.pio\build\seeed-xiao-nrf54l15\modules/hal_nordic/nrfx/libmodules__hal_nordic__nrfx.a(nrfx_gpiote.c.o)
                0x00000000000045ac                nrfx_gpiote_30_irq_handler
 .text.sleep_configure
                0x00000000000045bc       0x24 H:\nrf54l15\spi\.pio\build\seeed-xiao-nrf54l15\modules/hal_nordic/nrfx/libmodules__hal_nordic__nrfx.a(nrfx_grtc.c.o)
 .text.cc_channel_prepare
                0x00000000000045e0       0x40 H:\nrf54l15\spi\.pio\build\seeed-xiao-nrf54l15\modules/hal_nordic/nrfx/libmodules__hal_nordic__nrfx.a(nrfx_grtc.c.o)
 .text.syscounter_check
                0x0000000000004620       0x38 H:\nrf54l15\spi\.pio\build\seeed-xiao-nrf54l15\modules/hal_nordic/nrfx/libmodules__hal_nordic__nrfx.a(nrfx_grtc.c.o)
 .text.nrfx_grtc_syscounter_get
                0x0000000000004658       0x44 H:\nrf54l15\spi\.pio\build\seeed-xiao-nrf54l15\modules/hal_nordic/nrfx/libmodules__hal_nordic__nrfx.a(nrfx_grtc.c.o)
                0x0000000000004658                nrfx_grtc_syscounter_get
 .text.nrfx_grtc_init
                0x000000000000469c      0x124 H:\nrf54l15\spi\.pio\build\seeed-xiao-nrf54l15\modules/hal_nordic/nrfx/libmodules__hal_nordic__nrfx.a(nrfx_grtc.c.o)
                0x000000000000469c                nrfx_grtc_init
 .text.nrfx_grtc_syscounter_start
                0x00000000000047c0       0xc8 H:\nrf54l15\spi\.pio\build\seeed-xiao-nrf54l15\modules/hal_nordic/nrfx/libmodules__hal_nordic__nrfx.a(nrfx_grtc.c.o)
                0x00000000000047c0                nrfx_grtc_syscounter_start
 .text.nrfx_grtc_syscounter_cc_absolute_set
                0x0000000000004888       0x98 H:\nrf54l15\spi\.pio\build\seeed-xiao-nrf54l15\modules/hal_nordic/nrfx/libmodules__hal_nordic__nrfx.a(nrfx_grtc.c.o)
                0x0000000000004888                nrfx_grtc_syscounter_cc_absolute_set
 .text.nrfx_grtc_irq_handler
                0x0000000000004920       0xb0 H:\nrf54l15\spi\.pio\build\seeed-xiao-nrf54l15\modules/hal_nordic/nrfx/libmodules__hal_nordic__nrfx.a(nrfx_grtc.c.o)
                0x0000000000004920                nrfx_grtc_irq_handler
 .text.nrfx_power_irq_handler
                0x00000000000049d0       0x6c H:\nrf54l15\spi\.pio\build\seeed-xiao-nrf54l15\modules/hal_nordic/nrfx/libmodules__hal_nordic__nrfx.a(nrfx_power.c.o)
                0x00000000000049d0                nrfx_power_irq_handler
 .text.nrf54l_errata_8
                0x0000000000004a3c       0x14 H:\nrf54l15\spi\.pio\build\seeed-xiao-nrf54l15\modules/hal_nordic/nrfx/libmodules__hal_nordic__nrfx.a(nrfx_spim.c.o)
 .text.nrf_gpio_pin_port_decode
                0x0000000000004a50       0x1c H:\nrf54l15\spi\.pio\build\seeed-xiao-nrf54l15\modules/hal_nordic/nrfx/libmodules__hal_nordic__nrfx.a(nrfx_spim.c.o)
 .text.spim_configuration_verify
                0x0000000000004a6c       0x84 H:\nrf54l15\spi\.pio\build\seeed-xiao-nrf54l15\modules/hal_nordic/nrfx/libmodules__hal_nordic__nrfx.a(nrfx_spim.c.o)
 .text.pin_init.constprop.9
                0x0000000000004af0       0x50 H:\nrf54l15\spi\.pio\build\seeed-xiao-nrf54l15\modules/hal_nordic/nrfx/libmodules__hal_nordic__nrfx.a(nrfx_spim.c.o)
 .text.spim_configure
                0x0000000000004b40      0x1e8 H:\nrf54l15\spi\.pio\build\seeed-xiao-nrf54l15\modules/hal_nordic/nrfx/libmodules__hal_nordic__nrfx.a(nrfx_spim.c.o)
 .text.spim_pin_uninit
                0x0000000000004d28       0x30 H:\nrf54l15\spi\.pio\build\seeed-xiao-nrf54l15\modules/hal_nordic/nrfx/libmodules__hal_nordic__nrfx.a(nrfx_spim.c.o)
 .text.nrfx_spim_init
                0x0000000000004d58       0x64 H:\nrf54l15\spi\.pio\build\seeed-xiao-nrf54l15\modules/hal_nordic/nrfx/libmodules__hal_nordic__nrfx.a(nrfx_spim.c.o)
                0x0000000000004d58                nrfx_spim_init
 .text.nrfx_spim_uninit
                0x0000000000004dbc       0x98 H:\nrf54l15\spi\.pio\build\seeed-xiao-nrf54l15\modules/hal_nordic/nrfx/libmodules__hal_nordic__nrfx.a(nrfx_spim.c.o)
                0x0000000000004dbc                nrfx_spim_uninit
 .text.nrfx_spim_xfer
                0x0000000000004e54      0x18c H:\nrf54l15\spi\.pio\build\seeed-xiao-nrf54l15\modules/hal_nordic/nrfx/libmodules__hal_nordic__nrfx.a(nrfx_spim.c.o)
                0x0000000000004e54                nrfx_spim_xfer
 .text.nrfx_spim_00_irq_handler
                0x0000000000004fe0       0x88 H:\nrf54l15\spi\.pio\build\seeed-xiao-nrf54l15\modules/hal_nordic/nrfx/libmodules__hal_nordic__nrfx.a(nrfx_spim.c.o)
                0x0000000000004fe0                nrfx_spim_00_irq_handler
 .text.k_sys_fatal_error_handler
                0x0000000000005068       0x2c H:\nrf54l15\spi\.pio\build\seeed-xiao-nrf54l15\zephyr/kernel/libkernel.a(fatal.c.o)
                0x0000000000005068                k_sys_fatal_error_handler
 .text.z_fatal_error
                0x0000000000005094       0xcc H:\nrf54l15\spi\.pio\build\seeed-xiao-nrf54l15\zephyr/kernel/libkernel.a(fatal.c.o)
                0x0000000000005094                z_fatal_error
 .text.z_sys_init_run_level
                0x0000000000005160       0x30 H:\nrf54l15\spi\.pio\build\seeed-xiao-nrf54l15\zephyr/kernel/libkernel.a(init.c.o)
 .text.bg_thread_main
                0x0000000000005190       0xc0 H:\nrf54l15\spi\.pio\build\seeed-xiao-nrf54l15\zephyr/kernel/libkernel.a(init.c.o)
 .text.z_bss_zero
                0x0000000000005250       0x18 H:\nrf54l15\spi\.pio\build\seeed-xiao-nrf54l15\zephyr/kernel/libkernel.a(init.c.o)
                0x0000000000005250                z_bss_zero
 .text.z_init_cpu
                0x0000000000005268       0x68 H:\nrf54l15\spi\.pio\build\seeed-xiao-nrf54l15\zephyr/kernel/libkernel.a(init.c.o)
                0x0000000000005268                z_init_cpu
 .text.z_cstart
                0x00000000000052d0       0xd4 H:\nrf54l15\spi\.pio\build\seeed-xiao-nrf54l15\zephyr/kernel/libkernel.a(init.c.o)
                0x00000000000052d0                z_cstart
 .text.z_impl_k_mutex_lock
                0x00000000000053a4       0xfc H:\nrf54l15\spi\.pio\build\seeed-xiao-nrf54l15\zephyr/kernel/libkernel.a(mutex.c.o)
                0x00000000000053a4                z_impl_k_mutex_lock
 .text.z_impl_k_mutex_unlock
                0x00000000000054a0       0xa8 H:\nrf54l15\spi\.pio\build\seeed-xiao-nrf54l15\zephyr/kernel/libkernel.a(mutex.c.o)
                0x00000000000054a0                z_impl_k_mutex_unlock
 .text.z_impl_k_sem_give
                0x0000000000005548       0x68 H:\nrf54l15\spi\.pio\build\seeed-xiao-nrf54l15\zephyr/kernel/libkernel.a(sem.c.o)
                0x0000000000005548                z_impl_k_sem_give
 .text.z_impl_k_sem_take
                0x00000000000055b0       0x50 H:\nrf54l15\spi\.pio\build\seeed-xiao-nrf54l15\zephyr/kernel/libkernel.a(sem.c.o)
                0x00000000000055b0                z_impl_k_sem_take
 .text.z_impl_k_sem_reset
                0x0000000000005600       0x74 H:\nrf54l15\spi\.pio\build\seeed-xiao-nrf54l15\zephyr/kernel/libkernel.a(sem.c.o)
                0x0000000000005600                z_impl_k_sem_reset
 .text.z_setup_new_thread
                0x0000000000005674       0x5c H:\nrf54l15\spi\.pio\build\seeed-xiao-nrf54l15\zephyr/kernel/libkernel.a(thread.c.o)
                0x0000000000005674                z_setup_new_thread
 .text.z_dummy_thread_init
                0x00000000000056d0       0x18 H:\nrf54l15\spi\.pio\build\seeed-xiao-nrf54l15\zephyr/kernel/libkernel.a(thread.c.o)
                0x00000000000056d0                z_dummy_thread_init
 .text.z_swap_irqlock
                0x00000000000056e8       0x30 H:\nrf54l15\spi\.pio\build\seeed-xiao-nrf54l15\zephyr/kernel/libkernel.a(sched.c.o)
 .text.unready_thread
                0x0000000000005718       0x50 H:\nrf54l15\spi\.pio\build\seeed-xiao-nrf54l15\zephyr/kernel/libkernel.a(sched.c.o)
 .text.add_thread_timeout
                0x0000000000005768       0x18 H:\nrf54l15\spi\.pio\build\seeed-xiao-nrf54l15\zephyr/kernel/libkernel.a(sched.c.o)
 .text.ready_thread
                0x0000000000005780       0x88 H:\nrf54l15\spi\.pio\build\seeed-xiao-nrf54l15\zephyr/kernel/libkernel.a(sched.c.o)
 .text.move_thread_to_end_of_prio_q
                0x0000000000005808       0x94 H:\nrf54l15\spi\.pio\build\seeed-xiao-nrf54l15\zephyr/kernel/libkernel.a(sched.c.o)
                0x0000000000005808                move_thread_to_end_of_prio_q
 .text.z_pend_curr
                0x000000000000589c       0x44 H:\nrf54l15\spi\.pio\build\seeed-xiao-nrf54l15\zephyr/kernel/libkernel.a(sched.c.o)
                0x000000000000589c                z_pend_curr
 .text.z_thread_prio_set
                0x00000000000058e0       0xe8 H:\nrf54l15\spi\.pio\build\seeed-xiao-nrf54l15\zephyr/kernel/libkernel.a(sched.c.o)
                0x00000000000058e0                z_thread_prio_set
 .text.z_reschedule
                0x00000000000059c8       0x24 H:\nrf54l15\spi\.pio\build\seeed-xiao-nrf54l15\zephyr/kernel/libkernel.a(sched.c.o)
                0x00000000000059c8                z_reschedule
 .text.z_reschedule_irqlock
                0x00000000000059ec       0x28 H:\nrf54l15\spi\.pio\build\seeed-xiao-nrf54l15\zephyr/kernel/libkernel.a(sched.c.o)
                0x00000000000059ec                z_reschedule_irqlock
 .text.k_sched_lock
                0x0000000000005a14       0x28 H:\nrf54l15\spi\.pio\build\seeed-xiao-nrf54l15\zephyr/kernel/libkernel.a(sched.c.o)
                0x0000000000005a14                k_sched_lock
 .text.k_sched_unlock
                0x0000000000005a3c       0x6c H:\nrf54l15\spi\.pio\build\seeed-xiao-nrf54l15\zephyr/kernel/libkernel.a(sched.c.o)
                0x0000000000005a3c                k_sched_unlock
 .text.z_sched_init
                0x0000000000005aa8       0x10 H:\nrf54l15\spi\.pio\build\seeed-xiao-nrf54l15\zephyr/kernel/libkernel.a(sched.c.o)
                0x0000000000005aa8                z_sched_init
 .text.z_impl_k_yield
                0x0000000000005ab8       0x88 H:\nrf54l15\spi\.pio\build\seeed-xiao-nrf54l15\zephyr/kernel/libkernel.a(sched.c.o)
                0x0000000000005ab8                z_impl_k_yield
 .text.z_tick_sleep
                0x0000000000005b40       0x7c H:\nrf54l15\spi\.pio\build\seeed-xiao-nrf54l15\zephyr/kernel/libkernel.a(sched.c.o)
 .text.z_impl_k_sleep
                0x0000000000005bbc       0x60 H:\nrf54l15\spi\.pio\build\seeed-xiao-nrf54l15\zephyr/kernel/libkernel.a(sched.c.o)
                0x0000000000005bbc                z_impl_k_sleep
 .text.z_impl_k_wakeup
                0x0000000000005c1c       0x48 H:\nrf54l15\spi\.pio\build\seeed-xiao-nrf54l15\zephyr/kernel/libkernel.a(sched.c.o)
                0x0000000000005c1c                z_impl_k_wakeup
 .text.z_impl_k_sched_current_thread_query
                0x0000000000005c64        0xc H:\nrf54l15\spi\.pio\build\seeed-xiao-nrf54l15\zephyr/kernel/libkernel.a(sched.c.o)
                0x0000000000005c64                z_impl_k_sched_current_thread_query
 .text.z_thread_abort
                0x0000000000005c70      0x138 H:\nrf54l15\spi\.pio\build\seeed-xiao-nrf54l15\zephyr/kernel/libkernel.a(sched.c.o)
                0x0000000000005c70                z_thread_abort
 .text.slice_timeout
                0x0000000000005da8       0x20 H:\nrf54l15\spi\.pio\build\seeed-xiao-nrf54l15\zephyr/kernel/libkernel.a(timeslicing.c.o)
 .text.thread_is_sliceable
                0x0000000000005dc8       0x3c H:\nrf54l15\spi\.pio\build\seeed-xiao-nrf54l15\zephyr/kernel/libkernel.a(timeslicing.c.o)
                0x0000000000005dc8                thread_is_sliceable
 .text.z_reset_time_slice
                0x0000000000005e04       0x50 H:\nrf54l15\spi\.pio\build\seeed-xiao-nrf54l15\zephyr/kernel/libkernel.a(timeslicing.c.o)
                0x0000000000005e04                z_reset_time_slice
 .text.z_time_slice
                0x0000000000005e54       0x60 H:\nrf54l15\spi\.pio\build\seeed-xiao-nrf54l15\zephyr/kernel/libkernel.a(timeslicing.c.o)
                0x0000000000005e54                z_time_slice
 .text.z_data_copy
                0x0000000000005eb4       0x38 H:\nrf54l15\spi\.pio\build\seeed-xiao-nrf54l15\zephyr/kernel/libkernel.a(xip.c.o)
                0x0000000000005eb4                z_data_copy
 .text.first    0x0000000000005eec       0x10 H:\nrf54l15\spi\.pio\build\seeed-xiao-nrf54l15\zephyr/kernel/libkernel.a(timeout.c.o)
 .text.elapsed  0x0000000000005efc       0x14 H:\nrf54l15\spi\.pio\build\seeed-xiao-nrf54l15\zephyr/kernel/libkernel.a(timeout.c.o)
 .text.remove_timeout
                0x0000000000005f10       0x38 H:\nrf54l15\spi\.pio\build\seeed-xiao-nrf54l15\zephyr/kernel/libkernel.a(timeout.c.o)
 .text.z_add_timeout
                0x0000000000005f48      0x12c H:\nrf54l15\spi\.pio\build\seeed-xiao-nrf54l15\zephyr/kernel/libkernel.a(timeout.c.o)
                0x0000000000005f48                z_add_timeout
 .text.sys_clock_announce
                0x0000000000006074       0xd0 H:\nrf54l15\spi\.pio\build\seeed-xiao-nrf54l15\zephyr/kernel/libkernel.a(timeout.c.o)
                0x0000000000006074                sys_clock_announce
 .text.sys_clock_tick_get
                0x0000000000006144       0x38 H:\nrf54l15\spi\.pio\build\seeed-xiao-nrf54l15\zephyr/kernel/libkernel.a(timeout.c.o)
                0x0000000000006144                sys_clock_tick_get
 .text.boot_banner
                0x000000000000617c        0xc H:\nrf54l15\spi\.pio\build\seeed-xiao-nrf54l15\zephyr/kernel/libkernel.a(banner.c.o)
                0x000000000000617c                boot_banner
 .text.snprintf
                0x0000000000006188       0x54 H:\nrf54l15\spi\.pio\build\seeed-xiao-nrf54l15\modules\picolibc\libc.a(snprintf.c.o)
                0x0000000000006188                snprintf
 .text.vfprintf
                0x00000000000061dc      0x4b0 H:\nrf54l15\spi\.pio\build\seeed-xiao-nrf54l15\modules\picolibc\libc.a(vflprintf.c.o)
                0x00000000000061dc                vfprintf
                0x00000000000061dc                __l_vfprintf
 .text.__udivmoddi4
                0x000000000000668c      0x2c8 c:/users/33846/.platformio/packages/toolchain-gccarmnoneeabi@1.80201.181220/bin/../lib/gcc/arm-none-eabi/8.2.1/thumb/v8-m.main/nofp\libgcc.a(_udivmoddi4.o)
                0x000000000000668c                __udivmoddi4
 .text.z_log_msg_runtime_create.constprop.4
                0x0000000000006954       0x1e .pio\build\seeed-xiao-nrf54l15\src\main.o
 .text.chunk_size
                0x0000000000006972        0xa H:\nrf54l15\spi\.pio\build\seeed-xiao-nrf54l15\zephyr/libzephyr.a(heap.c.o)
 .text.free_list_add
                0x000000000000697c       0x4e H:\nrf54l15\spi\.pio\build\seeed-xiao-nrf54l15\zephyr/libzephyr.a(heap.c.o)
 .text.sys_heap_init
                0x00000000000069ca       0x62 H:\nrf54l15\spi\.pio\build\seeed-xiao-nrf54l15\zephyr/libzephyr.a(heap.c.o)
                0x00000000000069ca                sys_heap_init
 .text.cbpprintf_external
                0x0000000000006a2c       0x5e H:\nrf54l15\spi\.pio\build\seeed-xiao-nrf54l15\zephyr/libzephyr.a(cbprintf_packaged.c.o)
                0x0000000000006a2c                cbpprintf_external
 .text.arch_printk_char_out
                0x0000000000006a8a        0x4 H:\nrf54l15\spi\.pio\build\seeed-xiao-nrf54l15\zephyr/libzephyr.a(printk.c.o)
                0x0000000000006a8a                arch_printk_char_out
 .text.printk   0x0000000000006a8e       0x1a H:\nrf54l15\spi\.pio\build\seeed-xiao-nrf54l15\zephyr/libzephyr.a(printk.c.o)
                0x0000000000006a8e                printk
 .text.z_thread_entry
                0x0000000000006aa8       0x14 H:\nrf54l15\spi\.pio\build\seeed-xiao-nrf54l15\zephyr/libzephyr.a(thread_entry.c.o)
                0x0000000000006aa8                z_thread_entry
 .text.process_recheck
                0x0000000000006abc       0x38 H:\nrf54l15\spi\.pio\build\seeed-xiao-nrf54l15\zephyr/libzephyr.a(onoff.c.o)
 .text.notify_one
                0x0000000000006af4       0x2c H:\nrf54l15\spi\.pio\build\seeed-xiao-nrf54l15\zephyr/libzephyr.a(onoff.c.o)
 .text.transition_complete
                0x0000000000006b20       0x1a H:\nrf54l15\spi\.pio\build\seeed-xiao-nrf54l15\zephyr/libzephyr.a(onoff.c.o)
 .text.validate_args
                0x0000000000006b3a       0x1e H:\nrf54l15\spi\.pio\build\seeed-xiao-nrf54l15\zephyr/libzephyr.a(onoff.c.o)
 .text.onoff_manager_init
                0x0000000000006b58       0x26 H:\nrf54l15\spi\.pio\build\seeed-xiao-nrf54l15\zephyr/libzephyr.a(onoff.c.o)
                0x0000000000006b58                onoff_manager_init
 .text.onoff_request
                0x0000000000006b7e       0x90 H:\nrf54l15\spi\.pio\build\seeed-xiao-nrf54l15\zephyr/libzephyr.a(onoff.c.o)
                0x0000000000006b7e                onoff_request
 .text.sys_notify_validate
                0x0000000000006c0e       0x22 H:\nrf54l15\spi\.pio\build\seeed-xiao-nrf54l15\zephyr/libzephyr.a(notify.c.o)
                0x0000000000006c0e                sys_notify_validate
 .text.sys_notify_finalize
                0x0000000000006c30       0x1a H:\nrf54l15\spi\.pio\build\seeed-xiao-nrf54l15\zephyr/libzephyr.a(notify.c.o)
                0x0000000000006c30                sys_notify_finalize
 .text._ConfigAbsSyms
                0x0000000000006c4a        0x2 H:\nrf54l15\spi\.pio\build\seeed-xiao-nrf54l15\zephyr/libzephyr.a(configs.c.o)
                0x0000000000006c4a                _ConfigAbsSyms
 .text.dummy_timestamp
                0x0000000000006c4c        0x4 H:\nrf54l15\spi\.pio\build\seeed-xiao-nrf54l15\zephyr/libzephyr.a(log_core.c.o)
 .text.default_get_timestamp
                0x0000000000006c50        0x4 H:\nrf54l15\spi\.pio\build\seeed-xiao-nrf54l15\zephyr/libzephyr.a(log_core.c.o)
 .text.atomic_inc
                0x0000000000006c54       0x12 H:\nrf54l15\spi\.pio\build\seeed-xiao-nrf54l15\zephyr/libzephyr.a(log_core.c.o)
 .text.enable_logger
                0x0000000000006c66        0xe H:\nrf54l15\spi\.pio\build\seeed-xiao-nrf54l15\zephyr/libzephyr.a(log_core.c.o)
 .text.z_log_vprintk
                0x0000000000006c74       0x1c H:\nrf54l15\spi\.pio\build\seeed-xiao-nrf54l15\zephyr/libzephyr.a(log_core.c.o)
                0x0000000000006c74                z_log_vprintk
 .text.z_log_notify_backend_enabled
                0x0000000000006c90        0x2 H:\nrf54l15\spi\.pio\build\seeed-xiao-nrf54l15\zephyr/libzephyr.a(log_core.c.o)
                0x0000000000006c90                z_log_notify_backend_enabled
 .text.z_log_get_tag
                0x0000000000006c92        0x4 H:\nrf54l15\spi\.pio\build\seeed-xiao-nrf54l15\zephyr/libzephyr.a(log_core.c.o)
                0x0000000000006c92                z_log_get_tag
 .text.log_backend_enable
                0x0000000000006c96       0x12 H:\nrf54l15\spi\.pio\build\seeed-xiao-nrf54l15\zephyr/libzephyr.a(log_mgmt.c.o)
                0x0000000000006c96                log_backend_enable
 .text.z_log_msg_finalize
                0x0000000000006ca8       0x34 H:\nrf54l15\spi\.pio\build\seeed-xiao-nrf54l15\zephyr/libzephyr.a(log_msg.c.o)
                0x0000000000006ca8                z_log_msg_finalize
 .text.z_log_msg_runtime_create.constprop.2
                0x0000000000006cdc       0x20 H:\nrf54l15\spi\.pio\build\seeed-xiao-nrf54l15\zephyr/libzephyr.a(log_msg.c.o)
 .text.log_output_write
                0x0000000000006cfc       0x1c H:\nrf54l15\spi\.pio\build\seeed-xiao-nrf54l15\zephyr/libzephyr.a(log_output.c.o)
 .text.out_func
                0x0000000000006d18       0x1c H:\nrf54l15\spi\.pio\build\seeed-xiao-nrf54l15\zephyr/libzephyr.a(log_output.c.o)
 .text.cr_out_func
                0x0000000000006d34       0x1c H:\nrf54l15\spi\.pio\build\seeed-xiao-nrf54l15\zephyr/libzephyr.a(log_output.c.o)
 .text.log_output_msg_process
                0x0000000000006d50       0x66 H:\nrf54l15\spi\.pio\build\seeed-xiao-nrf54l15\zephyr/libzephyr.a(log_output.c.o)
                0x0000000000006d50                log_output_msg_process
 .text.format_set
                0x0000000000006db6        0xc H:\nrf54l15\spi\.pio\build\seeed-xiao-nrf54l15\zephyr/libzephyr.a(log_backend_uart.c.o)
 .text.log_backend_uart_init
                0x0000000000006dc2        0xc H:\nrf54l15\spi\.pio\build\seeed-xiao-nrf54l15\zephyr/libzephyr.a(log_backend_uart.c.o)
 .text.process  0x0000000000006dce       0x1e H:\nrf54l15\spi\.pio\build\seeed-xiao-nrf54l15\zephyr/libzephyr.a(log_backend_uart.c.o)
 .text.pm_device_state_get
                0x0000000000006dec       0x12 H:\nrf54l15\spi\.pio\build\seeed-xiao-nrf54l15\zephyr/libzephyr.a(device.c.o)
                0x0000000000006dec                pm_device_state_get
 .text.pm_device_is_powered
                0x0000000000006dfe       0x18 H:\nrf54l15\spi\.pio\build\seeed-xiao-nrf54l15\zephyr/libzephyr.a(device.c.o)
                0x0000000000006dfe                pm_device_is_powered
 .text.pm_device_driver_init
                0x0000000000006e16       0x40 H:\nrf54l15\spi\.pio\build\seeed-xiao-nrf54l15\zephyr/libzephyr.a(device.c.o)
                0x0000000000006e16                pm_device_driver_init
 .text.z_log_msg_runtime_create.constprop.0
                0x0000000000006e56       0x20 H:\nrf54l15\spi\.pio\build\seeed-xiao-nrf54l15\zephyr/arch/arch/arm/core/libarch__arm__core.a(fatal.c.o)
 .text.z_do_kernel_oops
                0x0000000000006e76        0x8 H:\nrf54l15\spi\.pio\build\seeed-xiao-nrf54l15\zephyr/arch/arch/arm/core/libarch__arm__core.a(fatal.c.o)
                0x0000000000006e76                z_do_kernel_oops
 .text.z_arm_nmi
                0x0000000000006e7e        0xe H:\nrf54l15\spi\.pio\build\seeed-xiao-nrf54l15\zephyr/arch/arch/arm/core/libarch__arm__core.a(nmi.c.o)
                0x0000000000006e7e                z_arm_nmi
 .text.z_log_msg_runtime_create.constprop.8
                0x0000000000006e8c       0x20 H:\nrf54l15\spi\.pio\build\seeed-xiao-nrf54l15\zephyr/arch/arch/arm/core/cortex_m/libarch__arm__core__cortex_m.a(fault.c.o)
 .text.z_irq_spurious
                0x0000000000006eac        0x8 H:\nrf54l15\spi\.pio\build\seeed-xiao-nrf54l15\zephyr/arch/arch/arm/core/cortex_m/libarch__arm__core__cortex_m.a(irq_manage.c.o)
                0x0000000000006eac                z_irq_spurious
 .text.configure_builtin_stack_guard
                0x0000000000006eb4        0x8 H:\nrf54l15\spi\.pio\build\seeed-xiao-nrf54l15\zephyr/arch/arch/arm/core/cortex_m/libarch__arm__core__cortex_m.a(thread.c.o)
                0x0000000000006eb4                configure_builtin_stack_guard
 .text.arch_irq_unlock_outlined
                0x0000000000006ebc        0xe H:\nrf54l15\spi\.pio\build\seeed-xiao-nrf54l15\zephyr/arch/arch/arm/core/cortex_m/libarch__arm__core__cortex_m.a(thread.c.o)
                0x0000000000006ebc                arch_irq_unlock_outlined
 .text.arch_cpu_idle
                0x0000000000006eca       0x1a H:\nrf54l15\spi\.pio\build\seeed-xiao-nrf54l15\zephyr/arch/arch/arm/core/cortex_m/libarch__arm__core__cortex_m.a(cpu_idle.c.o)
                0x0000000000006eca                arch_cpu_idle
 .text.arch_cpu_atomic_idle
                0x0000000000006ee4       0x1e H:\nrf54l15\spi\.pio\build\seeed-xiao-nrf54l15\zephyr/arch/arch/arm/core/cortex_m/libarch__arm__core__cortex_m.a(cpu_idle.c.o)
                0x0000000000006ee4                arch_cpu_atomic_idle
 .text.arm_cmse_mpu_region_get
                0x0000000000006f02       0x12 H:\nrf54l15\spi\.pio\build\seeed-xiao-nrf54l15\zephyr/arch/arch/arm/core/cortex_m/cmse/libarch__arm__core__cortex_m__cmse.a(arm_core_cmse.c.o)
                0x0000000000006f02                arm_cmse_mpu_region_get
 .text.z_log_msg_runtime_create.constprop.4
                0x0000000000006f14       0x20 H:\nrf54l15\spi\.pio\build\seeed-xiao-nrf54l15\zephyr/arch/arch/arm/core/mpu/libarch__arm__core__mpu.a(arm_mpu.c.o)
 .text.mpu_configure_region
                0x0000000000006f34       0x36 H:\nrf54l15\spi\.pio\build\seeed-xiao-nrf54l15\zephyr/arch/arch/arm/core/mpu/libarch__arm__core__mpu.a(arm_mpu.c.o)
 .text.cbputc   0x0000000000006f6a        0xc H:\nrf54l15\spi\.pio\build\seeed-xiao-nrf54l15\zephyr/lib/libc/picolibc/liblib__libc__picolibc.a(cbprintf.c.o)
 .text.picolibc_put
                0x0000000000006f76        0xa H:\nrf54l15\spi\.pio\build\seeed-xiao-nrf54l15\zephyr/lib/libc/picolibc/liblib__libc__picolibc.a(stdio.c.o)
 .text.get_status
                0x0000000000006f80       0x12 H:\nrf54l15\spi\.pio\build\seeed-xiao-nrf54l15\zephyr/drivers/clock_control/libdrivers__clock_control.a(clock_control_nrf.c.o)
 .text.stop     0x0000000000006f92       0x52 H:\nrf54l15\spi\.pio\build\seeed-xiao-nrf54l15\zephyr/drivers/clock_control/libdrivers__clock_control.a(clock_control_nrf.c.o)
 .text.api_stop
                0x0000000000006fe4        0x6 H:\nrf54l15\spi\.pio\build\seeed-xiao-nrf54l15\zephyr/drivers/clock_control/libdrivers__clock_control.a(clock_control_nrf.c.o)
 .text.onoff_started_callback
                0x0000000000006fea       0x12 H:\nrf54l15\spi\.pio\build\seeed-xiao-nrf54l15\zephyr/drivers/clock_control/libdrivers__clock_control.a(clock_control_nrf.c.o)
 .text.lfclk_start
                0x0000000000006ffc        0x6 H:\nrf54l15\spi\.pio\build\seeed-xiao-nrf54l15\zephyr/drivers/clock_control/libdrivers__clock_control.a(clock_control_nrf.c.o)
 .text.lfclk_stop
                0x0000000000007002        0x6 H:\nrf54l15\spi\.pio\build\seeed-xiao-nrf54l15\zephyr/drivers/clock_control/libdrivers__clock_control.a(clock_control_nrf.c.o)
 .text.blocking_start_callback
                0x0000000000007008        0x6 H:\nrf54l15\spi\.pio\build\seeed-xiao-nrf54l15\zephyr/drivers/clock_control/libdrivers__clock_control.a(clock_control_nrf.c.o)
 .text.clock_event_handler
                0x000000000000700e       0x14 H:\nrf54l15\spi\.pio\build\seeed-xiao-nrf54l15\zephyr/drivers/clock_control/libdrivers__clock_control.a(clock_control_nrf.c.o)
 .text.api_start
                0x0000000000007022       0x5c H:\nrf54l15\spi\.pio\build\seeed-xiao-nrf54l15\zephyr/drivers/clock_control/libdrivers__clock_control.a(clock_control_nrf.c.o)
 .text.gpio_nrfx_port_get_raw
                0x000000000000707e        0xc H:\nrf54l15\spi\.pio\build\seeed-xiao-nrf54l15\zephyr/drivers/gpio/libdrivers__gpio.a(gpio_nrfx.c.o)
 .text.gpio_nrfx_port_set_masked_raw
                0x000000000000708a       0x14 H:\nrf54l15\spi\.pio\build\seeed-xiao-nrf54l15\zephyr/drivers/gpio/libdrivers__gpio.a(gpio_nrfx.c.o)
 .text.gpio_nrfx_port_set_bits_raw
                0x000000000000709e        0xa H:\nrf54l15\spi\.pio\build\seeed-xiao-nrf54l15\zephyr/drivers/gpio/libdrivers__gpio.a(gpio_nrfx.c.o)
 .text.gpio_nrfx_port_clear_bits_raw
                0x00000000000070a8        0xa H:\nrf54l15\spi\.pio\build\seeed-xiao-nrf54l15\zephyr/drivers/gpio/libdrivers__gpio.a(gpio_nrfx.c.o)
 .text.gpio_nrfx_port_toggle_bits
                0x00000000000070b2       0x14 H:\nrf54l15\spi\.pio\build\seeed-xiao-nrf54l15\zephyr/drivers/gpio/libdrivers__gpio.a(gpio_nrfx.c.o)
 .text.gpio_nrfx_manage_callback
                0x00000000000070c6       0x58 H:\nrf54l15\spi\.pio\build\seeed-xiao-nrf54l15\zephyr/drivers/gpio/libdrivers__gpio.a(gpio_nrfx.c.o)
 .text.gpio_nrfx_pm_hook
                0x000000000000711e        0xc H:\nrf54l15\spi\.pio\build\seeed-xiao-nrf54l15\zephyr/drivers/gpio/libdrivers__gpio.a(gpio_nrfx.c.o)
 .text.z_log_msg_runtime_create.constprop.1
                0x000000000000712a       0x20 H:\nrf54l15\spi\.pio\build\seeed-xiao-nrf54l15\zephyr/drivers/gpio/libdrivers__gpio.a(gpio_hogs.c.o)
 .text.pinctrl_lookup_state
                0x000000000000714a       0x28 H:\nrf54l15\spi\.pio\build\seeed-xiao-nrf54l15\zephyr/drivers/pinctrl/libdrivers__pinctrl.a(common.c.o)
                0x000000000000714a                pinctrl_lookup_state
 .text.regulator_delay
                0x0000000000007172       0x18 H:\nrf54l15\spi\.pio\build\seeed-xiao-nrf54l15\zephyr/drivers/regulator/libdrivers__regulator.a(regulator_common.c.o)
 .text.regulator_common_data_init
                0x000000000000718a       0x10 H:\nrf54l15\spi\.pio\build\seeed-xiao-nrf54l15\zephyr/drivers/regulator/libdrivers__regulator.a(regulator_common.c.o)
                0x000000000000718a                regulator_common_data_init
 .text.regulator_disable
                0x000000000000719a       0x54 H:\nrf54l15\spi\.pio\build\seeed-xiao-nrf54l15\zephyr/drivers/regulator/libdrivers__regulator.a(regulator_common.c.o)
                0x000000000000719a                regulator_disable
 .text.regulator_set_voltage
                0x00000000000071ee       0x28 H:\nrf54l15\spi\.pio\build\seeed-xiao-nrf54l15\zephyr/drivers/regulator/libdrivers__regulator.a(regulator_common.c.o)
                0x00000000000071ee                regulator_set_voltage
 .text.regulator_set_current_limit
                0x0000000000007216       0x28 H:\nrf54l15\spi\.pio\build\seeed-xiao-nrf54l15\zephyr/drivers/regulator/libdrivers__regulator.a(regulator_common.c.o)
                0x0000000000007216                regulator_set_current_limit
 .text.regulator_set_mode
                0x000000000000723e       0x3e H:\nrf54l15\spi\.pio\build\seeed-xiao-nrf54l15\zephyr/drivers/regulator/libdrivers__regulator.a(regulator_common.c.o)
                0x000000000000723e                regulator_set_mode
 .text.regulator_common_init
                0x000000000000727c       0xf4 H:\nrf54l15\spi\.pio\build\seeed-xiao-nrf54l15\zephyr/drivers/regulator/libdrivers__regulator.a(regulator_common.c.o)
                0x000000000000727c                regulator_common_init
 .text.gpio_pin_set_raw
                0x0000000000007370       0x18 H:\nrf54l15\spi\.pio\build\seeed-xiao-nrf54l15\zephyr/drivers/regulator/libdrivers__regulator.a(regulator_fixed.c.o)
 .text.regulator_fixed_enable
                0x0000000000007388       0x2c H:\nrf54l15\spi\.pio\build\seeed-xiao-nrf54l15\zephyr/drivers/regulator/libdrivers__regulator.a(regulator_fixed.c.o)
 .text.regulator_fixed_count_voltages
                0x00000000000073b4        0xe H:\nrf54l15\spi\.pio\build\seeed-xiao-nrf54l15\zephyr/drivers/regulator/libdrivers__regulator.a(regulator_fixed.c.o)
 .text.regulator_fixed_list_voltage
                0x00000000000073c2       0x18 H:\nrf54l15\spi\.pio\build\seeed-xiao-nrf54l15\zephyr/drivers/regulator/libdrivers__regulator.a(regulator_fixed.c.o)
 .text.regulator_fixed_disable
                0x00000000000073da       0x24 H:\nrf54l15\spi\.pio\build\seeed-xiao-nrf54l15\zephyr/drivers/regulator/libdrivers__regulator.a(regulator_fixed.c.o)
 .text.uarte_nrfx_isr_int
                0x00000000000073fe        0xa H:\nrf54l15\spi\.pio\build\seeed-xiao-nrf54l15\zephyr/drivers/serial/libdrivers__serial.a(uart_nrfx_uarte.c.o)
 .text.uarte_nrfx_err_check
                0x0000000000007408        0xe H:\nrf54l15\spi\.pio\build\seeed-xiao-nrf54l15\zephyr/drivers/serial/libdrivers__serial.a(uart_nrfx_uarte.c.o)
 .text.uarte_nrfx_poll_in
                0x0000000000007416       0x26 H:\nrf54l15\spi\.pio\build\seeed-xiao-nrf54l15\zephyr/drivers/serial/libdrivers__serial.a(uart_nrfx_uarte.c.o)
 .text.pinctrl_apply_state
                0x000000000000743c       0x1e H:\nrf54l15\spi\.pio\build\seeed-xiao-nrf54l15\zephyr/drivers/serial/libdrivers__serial.a(uart_nrfx_uarte.c.o)
 .text.uarte_nrfx_pm_action
                0x000000000000745a       0xa4 H:\nrf54l15\spi\.pio\build\seeed-xiao-nrf54l15\zephyr/drivers/serial/libdrivers__serial.a(uart_nrfx_uarte.c.o)
 .text.uarte_20_init
                0x00000000000074fe       0x1e H:\nrf54l15\spi\.pio\build\seeed-xiao-nrf54l15\zephyr/drivers/serial/libdrivers__serial.a(uart_nrfx_uarte.c.o)
 .text.uarte_21_init
                0x000000000000751c       0x1e H:\nrf54l15\spi\.pio\build\seeed-xiao-nrf54l15\zephyr/drivers/serial/libdrivers__serial.a(uart_nrfx_uarte.c.o)
 .text.gpio_pin_set_dt
                0x000000000000753a       0x28 H:\nrf54l15\spi\.pio\build\seeed-xiao-nrf54l15\zephyr/drivers/spi/libdrivers__spi.a(spi_nrfx_spim.c.o)
 .text.spi_nrfx_deinit
                0x0000000000007562       0x22 H:\nrf54l15\spi\.pio\build\seeed-xiao-nrf54l15\zephyr/drivers/spi/libdrivers__spi.a(spi_nrfx_spim.c.o)
 .text.irq_connect00
                0x0000000000007584        0xa H:\nrf54l15\spi\.pio\build\seeed-xiao-nrf54l15\zephyr/drivers/spi/libdrivers__spi.a(spi_nrfx_spim.c.o)
 .text.pinctrl_apply_state
                0x000000000000758e       0x1e H:\nrf54l15\spi\.pio\build\seeed-xiao-nrf54l15\zephyr/drivers/spi/libdrivers__spi.a(spi_nrfx_spim.c.o)
 .text.spi_context_get_next_buf.constprop.20
                0x00000000000075ac       0x26 H:\nrf54l15\spi\.pio\build\seeed-xiao-nrf54l15\zephyr/drivers/spi/libdrivers__spi.a(spi_nrfx_spim.c.o)
 .text.z_log_msg_runtime_create.constprop.23
                0x00000000000075d2       0x1e H:\nrf54l15\spi\.pio\build\seeed-xiao-nrf54l15\zephyr/drivers/spi/libdrivers__spi.a(spi_nrfx_spim.c.o)
 .text.spim_nrfx_pm_action
                0x00000000000075f0       0x38 H:\nrf54l15\spi\.pio\build\seeed-xiao-nrf54l15\zephyr/drivers/spi/libdrivers__spi.a(spi_nrfx_spim.c.o)
 .text._spi_context_cs_control.isra.11
                0x0000000000007628       0x40 H:\nrf54l15\spi\.pio\build\seeed-xiao-nrf54l15\zephyr/drivers/spi/libdrivers__spi.a(spi_nrfx_spim.c.o)
 .text.spi_context_unlock_unconditionally
                0x0000000000007668       0x20 H:\nrf54l15\spi\.pio\build\seeed-xiao-nrf54l15\zephyr/drivers/spi/libdrivers__spi.a(spi_nrfx_spim.c.o)
 .text.spi_nrfx_release
                0x0000000000007688       0x24 H:\nrf54l15\spi\.pio\build\seeed-xiao-nrf54l15\zephyr/drivers/spi/libdrivers__spi.a(spi_nrfx_spim.c.o)
 .text.finish_transaction
                0x00000000000076ac       0x22 H:\nrf54l15\spi\.pio\build\seeed-xiao-nrf54l15\zephyr/drivers/spi/libdrivers__spi.a(spi_nrfx_spim.c.o)
 .text.counter  0x00000000000076ce       0x12 H:\nrf54l15\spi\.pio\build\seeed-xiao-nrf54l15\zephyr/drivers/timer/libdrivers__timer.a(nrf_grtc_timer.c.o)
 .text.sys_clock_cycle_get_32
                0x00000000000076e0       0x1e H:\nrf54l15\spi\.pio\build\seeed-xiao-nrf54l15\zephyr/drivers/timer/libdrivers__timer.a(nrf_grtc_timer.c.o)
                0x00000000000076e0                sys_clock_cycle_get_32
 .text.nrfx_isr
                0x00000000000076fe        0x2 H:\nrf54l15\spi\.pio\build\seeed-xiao-nrf54l15\modules/hal_nordic/nrfx/libmodules__hal_nordic__nrfx.a(nrfx_glue.c.o)
                0x00000000000076fe                nrfx_isr
 .text.nrfx_busy_wait
                0x0000000000007700        0x4 H:\nrf54l15\spi\.pio\build\seeed-xiao-nrf54l15\modules/hal_nordic/nrfx/libmodules__hal_nordic__nrfx.a(nrfx_glue.c.o)
                0x0000000000007700                nrfx_busy_wait
 .text.nrfx_clock_stop
                0x0000000000007704        0x4 H:\nrf54l15\spi\.pio\build\seeed-xiao-nrf54l15\modules/hal_nordic/nrfx/libmodules__hal_nordic__nrfx.a(nrfx_clock.c.o)
                0x0000000000007704                nrfx_clock_stop
 .text.nrf_gpio_reconfigure
                0x0000000000007708       0x90 H:\nrf54l15\spi\.pio\build\seeed-xiao-nrf54l15\modules/hal_nordic/nrfx/libmodules__hal_nordic__nrfx.a(nrfx_gpiote.c.o)
 .text.nrf_gpio_cfg_sense_set
                0x0000000000007798       0x1e H:\nrf54l15\spi\.pio\build\seeed-xiao-nrf54l15\modules/hal_nordic/nrfx/libmodules__hal_nordic__nrfx.a(nrfx_gpiote.c.o)
 .text.call_handler
                0x00000000000077b6       0x3e H:\nrf54l15\spi\.pio\build\seeed-xiao-nrf54l15\modules/hal_nordic/nrfx/libmodules__hal_nordic__nrfx.a(nrfx_gpiote.c.o)
 .text.pin_in_event_get
                0x00000000000077f4       0x24 H:\nrf54l15\spi\.pio\build\seeed-xiao-nrf54l15\modules/hal_nordic/nrfx/libmodules__hal_nordic__nrfx.a(nrfx_gpiote.c.o)
 .text.__nrfy_internal_gpiote_events_process
                0x0000000000007818       0x4e H:\nrf54l15\spi\.pio\build\seeed-xiao-nrf54l15\modules/hal_nordic/nrfx/libmodules__hal_nordic__nrfx.a(nrfx_gpiote.c.o)
 .text.pin_trigger_disable
                0x0000000000007866       0x4a H:\nrf54l15\spi\.pio\build\seeed-xiao-nrf54l15\modules/hal_nordic/nrfx/libmodules__hal_nordic__nrfx.a(nrfx_gpiote.c.o)
 .text.nrfx_gpiote_pin_uninit
                0x00000000000078b0        0x4 H:\nrf54l15\spi\.pio\build\seeed-xiao-nrf54l15\modules/hal_nordic/nrfx/libmodules__hal_nordic__nrfx.a(nrfx_gpiote.c.o)
                0x00000000000078b0                nrfx_gpiote_pin_uninit
 .text.nrfx_gpiote_trigger_disable
                0x00000000000078b4        0x4 H:\nrf54l15\spi\.pio\build\seeed-xiao-nrf54l15\modules/hal_nordic/nrfx/libmodules__hal_nordic__nrfx.a(nrfx_gpiote.c.o)
                0x00000000000078b4                nrfx_gpiote_trigger_disable
 .text.nrfx_gpiote_in_event_get
                0x00000000000078b8        0x4 H:\nrf54l15\spi\.pio\build\seeed-xiao-nrf54l15\modules/hal_nordic/nrfx/libmodules__hal_nordic__nrfx.a(nrfx_gpiote.c.o)
                0x00000000000078b8                nrfx_gpiote_in_event_get
 .text.nrfx_power_clock_irq_handler
                0x00000000000078bc        0xe H:\nrf54l15\spi\.pio\build\seeed-xiao-nrf54l15\modules/hal_nordic/nrfx/libmodules__hal_nordic__nrfx.a(nrfx_power.c.o)
                0x00000000000078bc                nrfx_power_clock_irq_handler
 .text.__nrfy_internal_spim_event_handle
                0x00000000000078ca       0x2a H:\nrf54l15\spi\.pio\build\seeed-xiao-nrf54l15\modules/hal_nordic/nrfx/libmodules__hal_nordic__nrfx.a(nrfx_spim.c.o)
 .text.__nrfy_internal_spim_events_process
                0x00000000000078f4       0x80 H:\nrf54l15\spi\.pio\build\seeed-xiao-nrf54l15\modules/hal_nordic/nrfx/libmodules__hal_nordic__nrfx.a(nrfx_spim.c.o)
 .text.nrf_gpio_pin_set
                0x0000000000007974       0x18 H:\nrf54l15\spi\.pio\build\seeed-xiao-nrf54l15\modules/hal_nordic/nrfx/libmodules__hal_nordic__nrfx.a(nrfx_spim.c.o)
 .text.nrf_gpio_pin_clear
                0x000000000000798c       0x18 H:\nrf54l15\spi\.pio\build\seeed-xiao-nrf54l15\modules/hal_nordic/nrfx/libmodules__hal_nordic__nrfx.a(nrfx_spim.c.o)
 .text.spim_abort
                0x00000000000079a4       0x2c H:\nrf54l15\spi\.pio\build\seeed-xiao-nrf54l15\modules/hal_nordic/nrfx/libmodules__hal_nordic__nrfx.a(nrfx_spim.c.o)
 .text._OffsetAbsSyms
                0x00000000000079d0        0x2 H:\nrf54l15\spi\.pio\build\seeed-xiao-nrf54l15\zephyr\liboffsets.a(offsets.c.o)
                0x00000000000079d0                _OffsetAbsSyms
 .text.z_impl_k_busy_wait
                0x00000000000079d2        0x8 H:\nrf54l15\spi\.pio\build\seeed-xiao-nrf54l15\zephyr/kernel/libkernel.a(busy_wait.c.o)
                0x00000000000079d2                z_impl_k_busy_wait
 .text.z_device_state_init
                0x00000000000079da        0x2 H:\nrf54l15\spi\.pio\build\seeed-xiao-nrf54l15\zephyr/kernel/libkernel.a(device.c.o)
                0x00000000000079da                z_device_state_init
 .text.z_impl_device_is_ready
                0x00000000000079dc       0x16 H:\nrf54l15\spi\.pio\build\seeed-xiao-nrf54l15\zephyr/kernel/libkernel.a(device.c.o)
                0x00000000000079dc                z_impl_device_is_ready
 .text.z_log_msg_runtime_create.constprop.1
                0x00000000000079f2       0x20 H:\nrf54l15\spi\.pio\build\seeed-xiao-nrf54l15\zephyr/kernel/libkernel.a(fatal.c.o)
 .text.arch_system_halt
                0x0000000000007a12       0x10 H:\nrf54l15\spi\.pio\build\seeed-xiao-nrf54l15\zephyr/kernel/libkernel.a(fatal.c.o)
                0x0000000000007a12                arch_system_halt
 .text.do_device_init
                0x0000000000007a22       0x2e H:\nrf54l15\spi\.pio\build\seeed-xiao-nrf54l15\zephyr/kernel/libkernel.a(init.c.o)
 .text.z_early_memset
                0x0000000000007a50        0x4 H:\nrf54l15\spi\.pio\build\seeed-xiao-nrf54l15\zephyr/kernel/libkernel.a(init.c.o)
                0x0000000000007a50                z_early_memset
 .text.z_early_memcpy
                0x0000000000007a54        0x4 H:\nrf54l15\spi\.pio\build\seeed-xiao-nrf54l15\zephyr/kernel/libkernel.a(init.c.o)
                0x0000000000007a54                z_early_memcpy
 .text.idle     0x0000000000007a58       0x16 H:\nrf54l15\spi\.pio\build\seeed-xiao-nrf54l15\zephyr/kernel/libkernel.a(idle.c.o)
                0x0000000000007a58                idle
 .text.z_impl_k_mutex_init
                0x0000000000007a6e        0xe H:\nrf54l15\spi\.pio\build\seeed-xiao-nrf54l15\zephyr/kernel/libkernel.a(mutex.c.o)
                0x0000000000007a6e                z_impl_k_mutex_init
 .text.k_is_in_isr
                0x0000000000007a7c        0xc H:\nrf54l15\spi\.pio\build\seeed-xiao-nrf54l15\zephyr/kernel/libkernel.a(thread.c.o)
                0x0000000000007a7c                k_is_in_isr
 .text.k_thread_name_get
                0x0000000000007a88        0x4 H:\nrf54l15\spi\.pio\build\seeed-xiao-nrf54l15\zephyr/kernel/libkernel.a(thread.c.o)
                0x0000000000007a88                k_thread_name_get
 .text.sys_dlist_remove
                0x0000000000007a8c       0x10 H:\nrf54l15\spi\.pio\build\seeed-xiao-nrf54l15\zephyr/kernel/libkernel.a(sched.c.o)
 .text.unpend_thread_no_timeout
                0x0000000000007a9c       0x14 H:\nrf54l15\spi\.pio\build\seeed-xiao-nrf54l15\zephyr/kernel/libkernel.a(sched.c.o)
 .text.add_to_waitq_locked
                0x0000000000007ab0       0x54 H:\nrf54l15\spi\.pio\build\seeed-xiao-nrf54l15\zephyr/kernel/libkernel.a(sched.c.o)
 .text.z_ready_thread
                0x0000000000007b04       0x1e H:\nrf54l15\spi\.pio\build\seeed-xiao-nrf54l15\zephyr/kernel/libkernel.a(sched.c.o)
                0x0000000000007b04                z_ready_thread
 .text.z_sched_wake_thread
                0x0000000000007b22       0x3a H:\nrf54l15\spi\.pio\build\seeed-xiao-nrf54l15\zephyr/kernel/libkernel.a(sched.c.o)
                0x0000000000007b22                z_sched_wake_thread
 .text.z_thread_timeout
                0x0000000000007b5c        0x8 H:\nrf54l15\spi\.pio\build\seeed-xiao-nrf54l15\zephyr/kernel/libkernel.a(sched.c.o)
                0x0000000000007b5c                z_thread_timeout
 .text.next_timeout
                0x0000000000007b64       0x38 H:\nrf54l15\spi\.pio\build\seeed-xiao-nrf54l15\zephyr/kernel/libkernel.a(timeout.c.o)
 .text.z_abort_timeout
                0x0000000000007b9c       0x50 H:\nrf54l15\spi\.pio\build\seeed-xiao-nrf54l15\zephyr/kernel/libkernel.a(timeout.c.o)
                0x0000000000007b9c                z_abort_timeout
 .text.sys_clock_tick_get_32
                0x0000000000007bec        0x8 H:\nrf54l15\spi\.pio\build\seeed-xiao-nrf54l15\zephyr/kernel/libkernel.a(timeout.c.o)
                0x0000000000007bec                sys_clock_tick_get_32
 .text.memcpy   0x0000000000007bf4       0x1c H:\nrf54l15\spi\.pio\build\seeed-xiao-nrf54l15\modules\picolibc\libc.a(memcpy.c.o)
                0x0000000000007bf4                __aeabi_memcpy
                0x0000000000007bf4                __aeabi_memcpy4
                0x0000000000007bf4                __aeabi_memcpy8
                0x0000000000007bf4                memcpy
 .text.memset   0x0000000000007c10       0x10 H:\nrf54l15\spi\.pio\build\seeed-xiao-nrf54l15\modules\picolibc\libc.a(memset.c.o)
                0x0000000000007c10                memset
 .text.memcmp   0x0000000000007c20       0x1c H:\nrf54l15\spi\.pio\build\seeed-xiao-nrf54l15\modules\picolibc\libc.a(memcmp.c.o)
                0x0000000000007c20                memcmp
 .text.strnlen  0x0000000000007c3c       0x18 H:\nrf54l15\spi\.pio\build\seeed-xiao-nrf54l15\modules\picolibc\libc.a(strnlen.c.o)
                0x0000000000007c3c                strnlen
 .text.__ultoa_invert
                0x0000000000007c54       0xe0 H:\nrf54l15\spi\.pio\build\seeed-xiao-nrf54l15\modules\picolibc\libc.a(vflprintf.c.o)
 .text.skip_to_arg
                0x0000000000007d34      0x11c H:\nrf54l15\spi\.pio\build\seeed-xiao-nrf54l15\modules\picolibc\libc.a(vflprintf.c.o)
 .text.__file_str_put
                0x0000000000007e50       0x10 H:\nrf54l15\spi\.pio\build\seeed-xiao-nrf54l15\modules\picolibc\libc.a(filestrput.c.o)
                0x0000000000007e50                __file_str_put
 *(SORT_BY_ALIGNMENT(.TEXT.*))
 *(SORT_BY_ALIGNMENT(.gnu.linkonce.t.*))
 *(SORT_BY_ALIGNMENT(.glue_7t))
 .glue_7t       0x0000000000007e60        0x0 linker stubs
 *(SORT_BY_ALIGNMENT(.glue_7))
 .glue_7        0x0000000000007e60        0x0 linker stubs
 *(SORT_BY_ALIGNMENT(.vfp11_veneer))
 .vfp11_veneer  0x0000000000007e60        0x0 linker stubs
 *(SORT_BY_ALIGNMENT(.v4_bx))
 .v4_bx         0x0000000000007e60        0x0 linker stubs
                0x0000000000007e60                . = ALIGN (0x4)
                0x0000000000007e60                __text_region_end = .

.ARM.exidx      0x0000000000007e60        0x8
                0x0000000000007e60                __exidx_start = .
 *(SORT_BY_ALIGNMENT(.ARM.exidx*) SORT_BY_ALIGNMENT(gnu.linkonce.armexidx.*))
 .ARM.exidx.text.__udivmoddi4
                0x0000000000007e60        0x8 c:/users/33846/.platformio/packages/toolchain-gccarmnoneeabi@1.80201.181220/bin/../lib/gcc/arm-none-eabi/8.2.1/thumb/v8-m.main/nofp\libgcc.a(_udivmoddi4.o)
                0x0000000000007e68                __exidx_end = .
                0x0000000000007e68                __rodata_region_start = .

initlevel       0x0000000000007e68       0x88
                0x0000000000007e68                __init_start = .
                0x0000000000007e68                __init_EARLY_start = .
 *(SORT_BY_NAME(SORT_BY_ALIGNMENT(.z_init_EARLY_P_?_*)))
 *(SORT_BY_NAME(SORT_BY_ALIGNMENT(.z_init_EARLY_P_??_*)))
 *(SORT_BY_NAME(SORT_BY_ALIGNMENT(.z_init_EARLY_P_???_*)))
                0x0000000000007e68                __init_PRE_KERNEL_1_start = .
 *(SORT_BY_NAME(SORT_BY_ALIGNMENT(.z_init_PRE_KERNEL_1_P_?_*)))
 .z_init_PRE_KERNEL_1_P_0_SUB_0_
                0x0000000000007e68        0x8 H:\nrf54l15\spi\.pio\build\seeed-xiao-nrf54l15\zephyr/soc/soc/nrf54l15/libsoc__nordic.a(soc.c.o)
 *(SORT_BY_NAME(SORT_BY_ALIGNMENT(.z_init_PRE_KERNEL_1_P_??_*)))
 .z_init_PRE_KERNEL_1_P_30_SUB_00063_
                0x0000000000007e70        0x8 H:\nrf54l15\spi\.pio\build\seeed-xiao-nrf54l15\zephyr/drivers/clock_control/libdrivers__clock_control.a(clock_control_nrf.c.o)
 .z_init_PRE_KERNEL_1_P_40_SUB_00010_
                0x0000000000007e78        0x8 H:\nrf54l15\spi\.pio\build\seeed-xiao-nrf54l15\zephyr/drivers/gpio/libdrivers__gpio.a(gpio_nrfx.c.o)
 .z_init_PRE_KERNEL_1_P_40_SUB_00013_
                0x0000000000007e80        0x8 H:\nrf54l15\spi\.pio\build\seeed-xiao-nrf54l15\zephyr/drivers/gpio/libdrivers__gpio.a(gpio_nrfx.c.o)
 .z_init_PRE_KERNEL_1_P_40_SUB_00018_
                0x0000000000007e88        0x8 H:\nrf54l15\spi\.pio\build\seeed-xiao-nrf54l15\zephyr/drivers/gpio/libdrivers__gpio.a(gpio_nrfx.c.o)
 .z_init_PRE_KERNEL_1_P_50_SUB_00109_
                0x0000000000007e90        0x8 H:\nrf54l15\spi\.pio\build\seeed-xiao-nrf54l15\zephyr/drivers/serial/libdrivers__serial.a(uart_nrfx_uarte.c.o)
 .z_init_PRE_KERNEL_1_P_50_SUB_00110_
                0x0000000000007e98        0x8 H:\nrf54l15\spi\.pio\build\seeed-xiao-nrf54l15\zephyr/drivers/serial/libdrivers__serial.a(uart_nrfx_uarte.c.o)
 .z_init_PRE_KERNEL_1_P_60_SUB_0_
                0x0000000000007ea0        0x8 H:\nrf54l15\spi\.pio\build\seeed-xiao-nrf54l15\zephyr/drivers/console/libdrivers__console.a(uart_console.c.o)
 *(SORT_BY_NAME(SORT_BY_ALIGNMENT(.z_init_PRE_KERNEL_1_P_???_*)))
                0x0000000000007ea8                __init_PRE_KERNEL_2_start = .
 *(SORT_BY_NAME(SORT_BY_ALIGNMENT(.z_init_PRE_KERNEL_2_P_?_*)))
 .z_init_PRE_KERNEL_2_P_0_SUB_0_
                0x0000000000007ea8        0x8 H:\nrf54l15\spi\.pio\build\seeed-xiao-nrf54l15\zephyr/drivers/timer/libdrivers__timer.a(nrf_grtc_timer.c.o)
 *(SORT_BY_NAME(SORT_BY_ALIGNMENT(.z_init_PRE_KERNEL_2_P_??_*)))
 *(SORT_BY_NAME(SORT_BY_ALIGNMENT(.z_init_PRE_KERNEL_2_P_???_*)))
                0x0000000000007eb0                __init_POST_KERNEL_start = .
 *(SORT_BY_NAME(SORT_BY_ALIGNMENT(.z_init_POST_KERNEL_P_?_*)))
 .z_init_POST_KERNEL_P_0_SUB_0_
                0x0000000000007eb0        0x8 H:\nrf54l15\spi\.pio\build\seeed-xiao-nrf54l15\zephyr/libzephyr.a(log_core.c.o)
 *(SORT_BY_NAME(SORT_BY_ALIGNMENT(.z_init_POST_KERNEL_P_??_*)))
 .z_init_POST_KERNEL_P_35_SUB_0_
                0x0000000000007eb8        0x8 H:\nrf54l15\spi\.pio\build\seeed-xiao-nrf54l15\zephyr/lib/libc/common/liblib__libc__common.a(malloc.c.o)
 .z_init_POST_KERNEL_P_41_SUB_0_
                0x0000000000007ec0        0x8 H:\nrf54l15\spi\.pio\build\seeed-xiao-nrf54l15\zephyr/drivers/gpio/libdrivers__gpio.a(gpio_hogs.c.o)
 .z_init_POST_KERNEL_P_45_SUB_00011_
                0x0000000000007ec8        0x8 H:\nrf54l15\spi\.pio\build\seeed-xiao-nrf54l15\zephyr/drivers/regulator/libdrivers__regulator.a(regulator_fixed.c.o)
 .z_init_POST_KERNEL_P_45_SUB_00014_
                0x0000000000007ed0        0x8 H:\nrf54l15\spi\.pio\build\seeed-xiao-nrf54l15\zephyr/drivers/regulator/libdrivers__regulator.a(regulator_fixed.c.o)
 .z_init_POST_KERNEL_P_45_SUB_00015_
                0x0000000000007ed8        0x8 H:\nrf54l15\spi\.pio\build\seeed-xiao-nrf54l15\zephyr/drivers/regulator/libdrivers__regulator.a(regulator_fixed.c.o)
 .z_init_POST_KERNEL_P_45_SUB_00019_
                0x0000000000007ee0        0x8 H:\nrf54l15\spi\.pio\build\seeed-xiao-nrf54l15\zephyr/drivers/regulator/libdrivers__regulator.a(regulator_fixed.c.o)
 .z_init_POST_KERNEL_P_50_SUB_00094_
                0x0000000000007ee8        0x8 H:\nrf54l15\spi\.pio\build\seeed-xiao-nrf54l15\zephyr/drivers/spi/libdrivers__spi.a(spi_nrfx_spim.c.o)
 *(SORT_BY_NAME(SORT_BY_ALIGNMENT(.z_init_POST_KERNEL_P_???_*)))
                0x0000000000007ef0                __init_APPLICATION_start = .
 *(SORT_BY_NAME(SORT_BY_ALIGNMENT(.z_init_APPLICATION_P_?_*)))
 *(SORT_BY_NAME(SORT_BY_ALIGNMENT(.z_init_APPLICATION_P_??_*)))
 *(SORT_BY_NAME(SORT_BY_ALIGNMENT(.z_init_APPLICATION_P_???_*)))
                0x0000000000007ef0                __init_SMP_start = .
 *(SORT_BY_NAME(SORT_BY_ALIGNMENT(.z_init_SMP_P_?_*)))
 *(SORT_BY_NAME(SORT_BY_ALIGNMENT(.z_init_SMP_P_??_*)))
 *(SORT_BY_NAME(SORT_BY_ALIGNMENT(.z_init_SMP_P_???_*)))
                0x0000000000007ef0                __init_end = .

device_area     0x0000000000007ef0      0x18c
                0x0000000000007ef0                _device_list_start = .
 *(SORT_BY_NAME(SORT_BY_ALIGNMENT(._device.static.*_?_*)))
 *(SORT_BY_NAME(SORT_BY_ALIGNMENT(._device.static.*_??_*)))
 ._device.static.1_30_
                0x0000000000007ef0       0x24 H:\nrf54l15\spi\.pio\build\seeed-xiao-nrf54l15\zephyr/drivers/clock_control/libdrivers__clock_control.a(clock_control_nrf.c.o)
                0x0000000000007ef0                __device_dts_ord_63
 ._device.static.1_40_
                0x0000000000007f14       0x6c H:\nrf54l15\spi\.pio\build\seeed-xiao-nrf54l15\zephyr/drivers/gpio/libdrivers__gpio.a(gpio_nrfx.c.o)
                0x0000000000007f14                __device_dts_ord_18
                0x0000000000007f38                __device_dts_ord_13
                0x0000000000007f5c                __device_dts_ord_10
 ._device.static.1_50_
                0x0000000000007f80       0x48 H:\nrf54l15\spi\.pio\build\seeed-xiao-nrf54l15\zephyr/drivers/serial/libdrivers__serial.a(uart_nrfx_uarte.c.o)
                0x0000000000007f80                __device_dts_ord_110
                0x0000000000007fa4                __device_dts_ord_109
 ._device.static.3_45_
                0x0000000000007fc8       0x90 H:\nrf54l15\spi\.pio\build\seeed-xiao-nrf54l15\zephyr/drivers/regulator/libdrivers__regulator.a(regulator_fixed.c.o)
                0x0000000000007fc8                __device_dts_ord_19
                0x0000000000007fec                __device_dts_ord_15
                0x0000000000008010                __device_dts_ord_14
                0x0000000000008034                __device_dts_ord_11
 ._device.static.3_50_
                0x0000000000008058       0x24 H:\nrf54l15\spi\.pio\build\seeed-xiao-nrf54l15\zephyr/drivers/spi/libdrivers__spi.a(spi_nrfx_spim.c.o)
                0x0000000000008058                __device_dts_ord_94
 *(SORT_BY_NAME(SORT_BY_ALIGNMENT(._device.static.*_???_*)))
 *(SORT_BY_NAME(SORT_BY_ALIGNMENT(._device.static.*_????_*)))
 *(SORT_BY_NAME(SORT_BY_ALIGNMENT(._device.static.*_?????_*)))
                0x000000000000807c                _device_list_end = .

sw_isr_table    0x000000000000807c      0x878
                0x000000000000807c                . = ALIGN (0x4)
 *(SORT_BY_ALIGNMENT(.gnu.linkonce.sw_isr_table*))
 .gnu.linkonce.sw_isr_table
                0x000000000000807c      0x878 .pio\build\seeed-xiao-nrf54l15\zephyr_final\zephyr\isr_tables.c.o
                0x000000000000807c                _sw_isr_table

initlevel_error
                0x0000000000007e68        0x0
 *(SORT_BY_NAME(SORT_BY_ALIGNMENT(.z_init_*)))
                0x0000000000000001                ASSERT ((SIZEOF (initlevel_error) == 0x0), Undefined initialization levels used.)

app_shmem_regions
                0x00000000000088f4        0x0
                0x00000000000088f4                __app_shmem_regions_start = .
 *(SORT_BY_NAME(SORT_BY_ALIGNMENT(.app_regions.*)))
                0x00000000000088f4                __app_shmem_regions_end = .

k_p4wq_initparam_area
                0x00000000000088f4        0x0
                0x00000000000088f4                _k_p4wq_initparam_list_start = .
 *(SORT_BY_NAME(SORT_BY_ALIGNMENT(._k_p4wq_initparam.static.*)))
                0x00000000000088f4                _k_p4wq_initparam_list_end = .

_static_thread_data_area
                0x00000000000088f4        0x0
                0x00000000000088f4                __static_thread_data_list_start = .
 *(SORT_BY_NAME(SORT_BY_ALIGNMENT(.__static_thread_data.static.*)))
                0x00000000000088f4                __static_thread_data_list_end = .

device_deps     0x00000000000088f4        0x0
                0x00000000000088f4                __device_deps_start = .
 *(SORT_BY_NAME(SORT_BY_ALIGNMENT(.__device_deps_pass2*)))
                0x00000000000088f4                __device_deps_end = .

gpio_driver_api_area
                0x00000000000088f4       0x24
                0x00000000000088f4                _gpio_driver_api_list_start = .
 *(SORT_BY_NAME(SORT_BY_ALIGNMENT(._gpio_driver_api.static.*)))
 ._gpio_driver_api.static.gpio_nrfx_drv_api_funcs_
                0x00000000000088f4       0x24 H:\nrf54l15\spi\.pio\build\seeed-xiao-nrf54l15\zephyr/drivers/gpio/libdrivers__gpio.a(gpio_nrfx.c.o)
                0x0000000000008918                _gpio_driver_api_list_end = .

spi_driver_api_area
                0x0000000000008918        0x8
                0x0000000000008918                _spi_driver_api_list_start = .
 *(SORT_BY_NAME(SORT_BY_ALIGNMENT(._spi_driver_api.static.*)))
 ._spi_driver_api.static.spi_nrfx_driver_api_
                0x0000000000008918        0x8 H:\nrf54l15\spi\.pio\build\seeed-xiao-nrf54l15\zephyr/drivers/spi/libdrivers__spi.a(spi_nrfx_spim.c.o)
                0x0000000000008920                _spi_driver_api_list_end = .

shared_irq_driver_api_area
                0x0000000000008920        0x0
                0x0000000000008920                _shared_irq_driver_api_list_start = .
 *(SORT_BY_NAME(SORT_BY_ALIGNMENT(._shared_irq_driver_api.static.*)))
                0x0000000000008920                _shared_irq_driver_api_list_end = .

crypto_driver_api_area
                0x0000000000008920        0x0
                0x0000000000008920                _crypto_driver_api_list_start = .
 *(SORT_BY_NAME(SORT_BY_ALIGNMENT(._crypto_driver_api.static.*)))
                0x0000000000008920                _crypto_driver_api_list_end = .

adc_driver_api_area
                0x0000000000008920        0x0
                0x0000000000008920                _adc_driver_api_list_start = .
 *(SORT_BY_NAME(SORT_BY_ALIGNMENT(._adc_driver_api.static.*)))
                0x0000000000008920                _adc_driver_api_list_end = .

auxdisplay_driver_api_area
                0x0000000000008920        0x0
                0x0000000000008920                _auxdisplay_driver_api_list_start = .
 *(SORT_BY_NAME(SORT_BY_ALIGNMENT(._auxdisplay_driver_api.static.*)))
                0x0000000000008920                _auxdisplay_driver_api_list_end = .

bbram_driver_api_area
                0x0000000000008920        0x0
                0x0000000000008920                _bbram_driver_api_list_start = .
 *(SORT_BY_NAME(SORT_BY_ALIGNMENT(._bbram_driver_api.static.*)))
                0x0000000000008920                _bbram_driver_api_list_end = .

bt_hci_driver_api_area
                0x0000000000008920        0x0
                0x0000000000008920                _bt_hci_driver_api_list_start = .
 *(SORT_BY_NAME(SORT_BY_ALIGNMENT(._bt_hci_driver_api.static.*)))
                0x0000000000008920                _bt_hci_driver_api_list_end = .

can_driver_api_area
                0x0000000000008920        0x0
                0x0000000000008920                _can_driver_api_list_start = .
 *(SORT_BY_NAME(SORT_BY_ALIGNMENT(._can_driver_api.static.*)))
                0x0000000000008920                _can_driver_api_list_end = .

cellular_driver_api_area
                0x0000000000008920        0x0
                0x0000000000008920                _cellular_driver_api_list_start = .
 *(SORT_BY_NAME(SORT_BY_ALIGNMENT(._cellular_driver_api.static.*)))
                0x0000000000008920                _cellular_driver_api_list_end = .

charger_driver_api_area
                0x0000000000008920        0x0
                0x0000000000008920                _charger_driver_api_list_start = .
 *(SORT_BY_NAME(SORT_BY_ALIGNMENT(._charger_driver_api.static.*)))
                0x0000000000008920                _charger_driver_api_list_end = .

clock_control_driver_api_area
                0x0000000000008920       0x1c
                0x0000000000008920                _clock_control_driver_api_list_start = .
 *(SORT_BY_NAME(SORT_BY_ALIGNMENT(._clock_control_driver_api.static.*)))
 ._clock_control_driver_api.static.clock_control_api_
                0x0000000000008920       0x1c H:\nrf54l15\spi\.pio\build\seeed-xiao-nrf54l15\zephyr/drivers/clock_control/libdrivers__clock_control.a(clock_control_nrf.c.o)
                0x000000000000893c                _clock_control_driver_api_list_end = .

comparator_driver_api_area
                0x000000000000893c        0x0
                0x000000000000893c                _comparator_driver_api_list_start = .
 *(SORT_BY_NAME(SORT_BY_ALIGNMENT(._comparator_driver_api.static.*)))
                0x000000000000893c                _comparator_driver_api_list_end = .

coredump_driver_api_area
                0x000000000000893c        0x0
                0x000000000000893c                _coredump_driver_api_list_start = .
 *(SORT_BY_NAME(SORT_BY_ALIGNMENT(._coredump_driver_api.static.*)))
                0x000000000000893c                _coredump_driver_api_list_end = .

counter_driver_api_area
                0x000000000000893c        0x0
                0x000000000000893c                _counter_driver_api_list_start = .
 *(SORT_BY_NAME(SORT_BY_ALIGNMENT(._counter_driver_api.static.*)))
                0x000000000000893c                _counter_driver_api_list_end = .

dac_driver_api_area
                0x000000000000893c        0x0
                0x000000000000893c                _dac_driver_api_list_start = .
 *(SORT_BY_NAME(SORT_BY_ALIGNMENT(._dac_driver_api.static.*)))
                0x000000000000893c                _dac_driver_api_list_end = .

dai_driver_api_area
                0x000000000000893c        0x0