Archive member included to satisfy reference by file (symbol)

H:\nrf54l15\spi_speed\.pio\build\seeed-xiao-nrf54l15\zephyr/libzephyr.a(heap.c.o)
                              (--whole-archive)
H:\nrf54l15\spi_speed\.pio\build\seeed-xiao-nrf54l15\zephyr/libzephyr.a(cbprintf_packaged.c.o)
                              (--whole-archive)
H:\nrf54l15\spi_speed\.pio\build\seeed-xiao-nrf54l15\zephyr/libzephyr.a(clock.c.o)
                              (--whole-archive)
H:\nrf54l15\spi_speed\.pio\build\seeed-xiao-nrf54l15\zephyr/libzephyr.a(printk.c.o)
                              (--whole-archive)
H:\nrf54l15\spi_speed\.pio\build\seeed-xiao-nrf54l15\zephyr/libzephyr.a(sem.c.o)
                              (--whole-archive)
H:\nrf54l15\spi_speed\.pio\build\seeed-xiao-nrf54l15\zephyr/libzephyr.a(thread_entry.c.o)
                              (--whole-archive)
H:\nrf54l15\spi_speed\.pio\build\seeed-xiao-nrf54l15\zephyr/libzephyr.a(cbprintf_complete.c.o)
                              (--whole-archive)
H:\nrf54l15\spi_speed\.pio\build\seeed-xiao-nrf54l15\zephyr/libzephyr.a(assert.c.o)
                              (--whole-archive)
H:\nrf54l15\spi_speed\.pio\build\seeed-xiao-nrf54l15\zephyr/libzephyr.a(dec.c.o)
                              (--whole-archive)
H:\nrf54l15\spi_speed\.pio\build\seeed-xiao-nrf54l15\zephyr/libzephyr.a(hex.c.o)
                              (--whole-archive)
H:\nrf54l15\spi_speed\.pio\build\seeed-xiao-nrf54l15\zephyr/libzephyr.a(rb.c.o)
                              (--whole-archive)
H:\nrf54l15\spi_speed\.pio\build\seeed-xiao-nrf54l15\zephyr/libzephyr.a(timeutil.c.o)
                              (--whole-archive)
H:\nrf54l15\spi_speed\.pio\build\seeed-xiao-nrf54l15\zephyr/libzephyr.a(bitarray.c.o)
                              (--whole-archive)
H:\nrf54l15\spi_speed\.pio\build\seeed-xiao-nrf54l15\zephyr/libzephyr.a(onoff.c.o)
                              (--whole-archive)
H:\nrf54l15\spi_speed\.pio\build\seeed-xiao-nrf54l15\zephyr/libzephyr.a(notify.c.o)
                              (--whole-archive)
H:\nrf54l15\spi_speed\.pio\build\seeed-xiao-nrf54l15\zephyr/libzephyr.a(ring_buffer.c.o)
                              (--whole-archive)
H:\nrf54l15\spi_speed\.pio\build\seeed-xiao-nrf54l15\zephyr/libzephyr.a(last_section_id.c.o)
                              (--whole-archive)
H:\nrf54l15\spi_speed\.pio\build\seeed-xiao-nrf54l15\zephyr/libzephyr.a(configs.c.o)
                              (--whole-archive)
H:\nrf54l15\spi_speed\.pio\build\seeed-xiao-nrf54l15\zephyr/libzephyr.a(log_core.c.o)
                              (--whole-archive)
H:\nrf54l15\spi_speed\.pio\build\seeed-xiao-nrf54l15\zephyr/libzephyr.a(log_mgmt.c.o)
                              (--whole-archive)
H:\nrf54l15\spi_speed\.pio\build\seeed-xiao-nrf54l15\zephyr/libzephyr.a(log_cache.c.o)
                              (--whole-archive)
H:\nrf54l15\spi_speed\.pio\build\seeed-xiao-nrf54l15\zephyr/libzephyr.a(log_msg.c.o)
                              (--whole-archive)
H:\nrf54l15\spi_speed\.pio\build\seeed-xiao-nrf54l15\zephyr/libzephyr.a(log_output.c.o)
                              (--whole-archive)
H:\nrf54l15\spi_speed\.pio\build\seeed-xiao-nrf54l15\zephyr/libzephyr.a(log_backend_uart.c.o)
                              (--whole-archive)
H:\nrf54l15\spi_speed\.pio\build\seeed-xiao-nrf54l15\zephyr/libzephyr.a(mem_attr.c.o)
                              (--whole-archive)
H:\nrf54l15\spi_speed\.pio\build\seeed-xiao-nrf54l15\zephyr/libzephyr.a(device.c.o)
                              (--whole-archive)
H:\nrf54l15\spi_speed\.pio\build\seeed-xiao-nrf54l15\zephyr/libzephyr.a(device_system_managed.c.o)
                              (--whole-archive)
H:\nrf54l15\spi_speed\.pio\build\seeed-xiao-nrf54l15\zephyr/libzephyr.a(tracing_none.c.o)
                              (--whole-archive)
H:\nrf54l15\spi_speed\.pio\build\seeed-xiao-nrf54l15\zephyr/arch/common/libarch__common.a(sw_isr_common.c.o)
                              (--whole-archive)
H:\nrf54l15\spi_speed\.pio\build\seeed-xiao-nrf54l15\zephyr/arch/arch/arm/core/libarch__arm__core.a(fatal.c.o)
                              (--whole-archive)
H:\nrf54l15\spi_speed\.pio\build\seeed-xiao-nrf54l15\zephyr/arch/arch/arm/core/libarch__arm__core.a(nmi.c.o)
                              (--whole-archive)
H:\nrf54l15\spi_speed\.pio\build\seeed-xiao-nrf54l15\zephyr/arch/arch/arm/core/libarch__arm__core.a(nmi_on_reset.S.o)
                              (--whole-archive)
H:\nrf54l15\spi_speed\.pio\build\seeed-xiao-nrf54l15\zephyr/arch/arch/arm/core/cortex_m/libarch__arm__core__cortex_m.a(exc_exit.c.o)
                              (--whole-archive)
H:\nrf54l15\spi_speed\.pio\build\seeed-xiao-nrf54l15\zephyr/arch/arch/arm/core/cortex_m/libarch__arm__core__cortex_m.a(fault.c.o)
                              (--whole-archive)
H:\nrf54l15\spi_speed\.pio\build\seeed-xiao-nrf54l15\zephyr/arch/arch/arm/core/cortex_m/libarch__arm__core__cortex_m.a(fault_s.S.o)
[...]
Memory Configuration

Name             Origin             Length             Attributes
FLASH            0x0000000000000000 0x0000000000165000 xr
RAM              0x0000000020000000 0x000000000002f000 xw
IDT_LIST         0x00000000ffff7fff 0x0000000000008000 xw
*default*        0x0000000000000000 0xffffffffffffffff

Linker script and memory map

LOAD .pio\build\seeed-xiao-nrf54l15\zephyr_pre0\zephyr\misc\empty_file.c.o
LOAD .pio\build\seeed-xiao-nrf54l15\src\main.o
LOAD .pio\build\seeed-xiao-nrf54l15\zephyr_final\zephyr\misc\empty_file.c.o
LOAD .pio\build\seeed-xiao-nrf54l15\zephyr_final\zephyr\isr_tables.c.o
LOAD H:\nrf54l15\spi_speed\.pio\build\seeed-xiao-nrf54l15\zephyr/libzephyr.a
LOAD H:\nrf54l15\spi_speed\.pio\build\seeed-xiao-nrf54l15\zephyr/arch/common/libarch__common.a
LOAD H:\nrf54l15\spi_speed\.pio\build\seeed-xiao-nrf54l15\zephyr/arch/arch/arm/core/libarch__arm__core.a
LOAD H:\nrf54l15\spi_speed\.pio\build\seeed-xiao-nrf54l15\zephyr/arch/arch/arm/core/cortex_m/libarch__arm__core__cortex_m.a
LOAD H:\nrf54l15\spi_speed\.pio\build\seeed-xiao-nrf54l15\zephyr/arch/arch/arm/core/cortex_m/cmse/libarch__arm__core__cortex_m__cmse.a
LOAD H:\nrf54l15\spi_speed\.pio\build\seeed-xiao-nrf54l15\zephyr/arch/arch/arm/core/mpu/libarch__arm__core__mpu.a
LOAD H:\nrf54l15\spi_speed\.pio\build\seeed-xiao-nrf54l15\zephyr/lib/libc/picolibc/liblib__libc__picolibc.a
LOAD H:\nrf54l15\spi_speed\.pio\build\seeed-xiao-nrf54l15\zephyr/lib/libc/common/liblib__libc__common.a
LOAD H:\nrf54l15\spi_speed\.pio\build\seeed-xiao-nrf54l15\zephyr/soc/soc/nrf54l15/libsoc__nordic.a
LOAD H:\nrf54l15\spi_speed\.pio\build\seeed-xiao-nrf54l15\zephyr/drivers/cache/libdrivers__cache.a
LOAD H:\nrf54l15\spi_speed\.pio\build\seeed-xiao-nrf54l15\zephyr/drivers/clock_control/libdrivers__clock_control.a
LOAD H:\nrf54l15\spi_speed\.pio\build\seeed-xiao-nrf54l15\zephyr/drivers/console/libdrivers__console.a
LOAD H:\nrf54l15\spi_speed\.pio\build\seeed-xiao-nrf54l15\zephyr/drivers/gpio/libdrivers__gpio.a
LOAD H:\nrf54l15\spi_speed\.pio\build\seeed-xiao-nrf54l15\zephyr/drivers/pinctrl/libdrivers__pinctrl.a
LOAD H:\nrf54l15\spi_speed\.pio\build\seeed-xiao-nrf54l15\zephyr/drivers/regulator/libdrivers__regulator.a
LOAD H:\nrf54l15\spi_speed\.pio\build\seeed-xiao-nrf54l15\zephyr/drivers/serial/libdrivers__serial.a
LOAD H:\nrf54l15\spi_speed\.pio\build\seeed-xiao-nrf54l15\zephyr/drivers/spi/libdrivers__spi.a
LOAD H:\nrf54l15\spi_speed\.pio\build\seeed-xiao-nrf54l15\zephyr/drivers/timer/libdrivers__timer.a
LOAD H:\nrf54l15\spi_speed\.pio\build\seeed-xiao-nrf54l15\modules/_bare_module/lib_pio___bare_module.a
LOAD H:\nrf54l15\spi_speed\.pio\build\seeed-xiao-nrf54l15\modules/hal_nordic/nrfx/libmodules__hal_nordic__nrfx.a
LOAD H:\nrf54l15\spi_speed\.pio\build\seeed-xiao-nrf54l15\zephyr\liboffsets.a
LOAD H:\nrf54l15\spi_speed\.pio\build\seeed-xiao-nrf54l15\zephyr/kernel/libkernel.a
LOAD H:\nrf54l15\spi_speed\.pio\build\seeed-xiao-nrf54l15\zephyr/arch/common/libisr_tables.a
LOAD H:\nrf54l15\spi_speed\.pio\build\seeed-xiao-nrf54l15\modules\picolibc\libc.a
LOAD c:/users/33846/.platformio/packages/toolchain-gccarmnoneeabi@1.80201.181220/bin/../lib/gcc/arm-none-eabi/8.2.1/thumb/v8-m.main/nofp\libgcc.a
                0x0000000000000020                _region_min_align = 0x20

.rel.plt        0x0000000000000000        0x0
 *(SORT_BY_ALIGNMENT(.rel.plt))
                [!provide]                        PROVIDE (__rel_iplt_start = .)
 *(SORT_BY_ALIGNMENT(.rel.iplt))
 .rel.iplt      0x0000000000000000        0x0 .pio\build\seeed-xiao-nrf54l15\src\main.o
                [!provide]                        PROVIDE (__rel_iplt_end = .)

.rela.plt       0x0000000000000000        0x0
 *(SORT_BY_ALIGNMENT(.rela.plt))
                [!provide]                        PROVIDE (__rela_iplt_start = .)
 *(SORT_BY_ALIGNMENT(.rela.iplt))
                [!provide]                        PROVIDE (__rela_iplt_end = .)

.rel.dyn
 *(SORT_BY_ALIGNMENT(.rel.*))

.rela.dyn
 *(SORT_BY_ALIGNMENT(.rela.*))

/DISCARD/
 *(SORT_BY_ALIGNMENT(.plt))
 *(SORT_BY_ALIGNMENT(.iplt))
 *(SORT_BY_ALIGNMENT(.eh_frame))
 *(SORT_BY_ALIGNMENT(.got.plt))
 *(SORT_BY_ALIGNMENT(.igot.plt))
 *(SORT_BY_ALIGNMENT(.got))
 *(SORT_BY_ALIGNMENT(.igot))
 *(SORT_BY_ALIGNMENT(.irq_info*))
 *(SORT_BY_ALIGNMENT(.intList*))
 *(SORT_BY_ALIGNMENT(.note.GNU-stack))
                0x0000000000000000                __rom_region_start = 0x0

rom_start       0x0000000000000000      0x47c
                0x0000000000000000                __rom_start_address = .
 FILL mask 0x00
                0x0000000000000000                . = (. + (0x0 - (. - __rom_start_address)))
                0x0000000000000000                . = ALIGN (0x4)
                0x0000000000000000                . = ALIGN (0x80)
                0x0000000000000000                . = ALIGN (0x800)
                0x0000000000000000                _vector_start = .
 *(SORT_BY_ALIGNMENT(.exc_vector_table))
 *(SORT_BY_ALIGNMENT(.exc_vector_table.*))
 .exc_vector_table._vector_table_section
                0x0000000000000000       0x40 H:\nrf54l15\spi_speed\.pio\build\seeed-xiao-nrf54l15\zephyr/arch/arch/arm/core/cortex_m/libarch__arm__core__cortex_m.a(vector_table.S.o)
                0x0000000000000000                _vector_table
 *(SORT_BY_ALIGNMENT(.vectors))
                0x0000000000000040                _vector_end = .
                0x0000000000000040                . = ALIGN (0x4)
 *(SORT_BY_ALIGNMENT(.gnu.linkonce.irq_vector_table*))
 .gnu.linkonce.irq_vector_table
                0x0000000000000040      0x43c .pio\build\seeed-xiao-nrf54l15\zephyr_final\zephyr\isr_tables.c.o
                0x0000000000000040                _irq_vector_table
                0x000000000000047c                _vector_end = .

text            0x000000000000047c     0x78fc
                0x000000000000047c                __text_region_start = .
 *(SORT_BY_ALIGNMENT(.text))
 .text          0x000000000000047c       0x30 c:/users/33846/.platformio/packages/toolchain-gccarmnoneeabi@1.80201.181220/bin/../lib/gcc/arm-none-eabi/8.2.1/thumb/v8-m.main/nofp\libgcc.a(_aeabi_uldivmod.o)
                0x000000000000047c                __aeabi_uldivmod
 .text          0x00000000000004ac        0x4 c:/users/33846/.platformio/packages/toolchain-gccarmnoneeabi@1.80201.181220/bin/../lib/gcc/arm-none-eabi/8.2.1/thumb/v8-m.main/nofp\libgcc.a(_dvmd_tls.o)
                0x00000000000004ac                __aeabi_idiv0
                0x00000000000004ac                __aeabi_ldiv0
 .text          0x00000000000004b0       0x10 H:\nrf54l15\spi_speed\.pio\build\seeed-xiao-nrf54l15\modules\picolibc\libc.a(strlen.S.o)
                0x00000000000004b0                strlen
 *(SORT_BY_ALIGNMENT(.text.*))
 .text.z_impl_spi_transceive.constprop.6
                0x00000000000004c0       0x18 .pio\build\seeed-xiao-nrf54l15\src\main.o
 .text.cs_high  0x00000000000004d8       0x1c .pio\build\seeed-xiao-nrf54l15\src\main.o
 .text.cs_low   0x00000000000004f4       0x1c .pio\build\seeed-xiao-nrf54l15\src\main.o
 .text.wait_busy
                0x0000000000000510       0x58 .pio\build\seeed-xiao-nrf54l15\src\main.o
 .text.write_enable
                0x0000000000000568       0x38 .pio\build\seeed-xiao-nrf54l15\src\main.o
 .text.main     0x00000000000005a0      0x378 .pio\build\seeed-xiao-nrf54l15\src\main.o
                0x00000000000005a0                main
 .text.cbvprintf_package
                0x0000000000000918      0x354 H:\nrf54l15\spi_speed\.pio\build\seeed-xiao-nrf54l15\zephyr/libzephyr.a(cbprintf_packaged.c.o)
                0x0000000000000918                cbvprintf_package
 .text.__printk_hook_install
                0x0000000000000c6c        0xc H:\nrf54l15\spi_speed\.pio\build\seeed-xiao-nrf54l15\zephyr/libzephyr.a(printk.c.o)
                0x0000000000000c6c                __printk_hook_install
 .text.process_event
                0x0000000000000c78      0x1b8 H:\nrf54l15\spi_speed\.pio\build\seeed-xiao-nrf54l15\zephyr/libzephyr.a(onoff.c.o)
 .text.z_log_init
                0x0000000000000e30       0xe4 H:\nrf54l15\spi_speed\.pio\build\seeed-xiao-nrf54l15\zephyr/libzephyr.a(log_core.c.o)
 .text.log_format_func_t_get
                0x0000000000000f14        0xc H:\nrf54l15\spi_speed\.pio\build\seeed-xiao-nrf54l15\zephyr/libzephyr.a(log_core.c.o)
                0x0000000000000f14                log_format_func_t_get
 .text.log_set_timestamp_func
                0x0000000000000f20       0x1c H:\nrf54l15\spi_speed\.pio\build\seeed-xiao-nrf54l15\zephyr/libzephyr.a(log_core.c.o)
                0x0000000000000f20                log_set_timestamp_func
 .text.log_core_init
                0x0000000000000f3c       0x50 H:\nrf54l15\spi_speed\.pio\build\seeed-xiao-nrf54l15\zephyr/libzephyr.a(log_core.c.o)
                0x0000000000000f3c                log_core_init
 .text.z_impl_log_panic
                0x0000000000000f8c       0x3c H:\nrf54l15\spi_speed\.pio\build\seeed-xiao-nrf54l15\zephyr/libzephyr.a(log_core.c.o)
                0x0000000000000f8c                z_impl_log_panic
 .text.z_log_dropped
                0x0000000000000fc8       0x28 H:\nrf54l15\spi_speed\.pio\build\seeed-xiao-nrf54l15\zephyr/libzephyr.a(log_core.c.o)
                0x0000000000000fc8                z_log_dropped
 .text.z_log_msg_commit
                0x0000000000000ff0       0x38 H:\nrf54l15\spi_speed\.pio\build\seeed-xiao-nrf54l15\zephyr/libzephyr.a(log_core.c.o)
                0x0000000000000ff0                z_log_msg_commit
 .text.log_source_name_get
                0x0000000000001028       0x1c H:\nrf54l15\spi_speed\.pio\build\seeed-xiao-nrf54l15\zephyr/libzephyr.a(log_mgmt.c.o)
                0x0000000000001028                log_source_name_get
 .text.z_log_msg_runtime_vcreate
                0x0000000000001044       0xa0 H:\nrf54l15\spi_speed\.pio\build\seeed-xiao-nrf54l15\zephyr/libzephyr.a(log_msg.c.o)
                0x0000000000001044                z_log_msg_runtime_vcreate
 .text.log_msg_get_source_id
                0x00000000000010e4       0x18 H:\nrf54l15\spi_speed\.pio\build\seeed-xiao-nrf54l15\zephyr/libzephyr.a(log_msg.c.o)
                0x00000000000010e4                log_msg_get_source_id
 .text.print_formatted
                0x00000000000010fc       0x24 H:\nrf54l15\spi_speed\.pio\build\seeed-xiao-nrf54l15\zephyr/libzephyr.a(log_output.c.o)
 .text.log_output_process
                0x0000000000001120      0x2ac H:\nrf54l15\spi_speed\.pio\build\seeed-xiao-nrf54l15\zephyr/libzephyr.a(log_output.c.o)
                0x0000000000001120                log_output_process
 .text.log_output_timestamp_freq_set
                0x00000000000013cc       0x30 H:\nrf54l15\spi_speed\.pio\build\seeed-xiao-nrf54l15\zephyr/libzephyr.a(log_output.c.o)
                0x00000000000013cc                log_output_timestamp_freq_set
 .text.panic    0x00000000000013fc       0x54 H:\nrf54l15\spi_speed\.pio\build\seeed-xiao-nrf54l15\zephyr/libzephyr.a(log_backend_uart.c.o)
 .text.char_out
                0x0000000000001450       0x24 H:\nrf54l15\spi_speed\.pio\build\seeed-xiao-nrf54l15\zephyr/libzephyr.a(log_backend_uart.c.o)
 .text.mem_attr_get_regions
                0x0000000000001474        0xc H:\nrf54l15\spi_speed\.pio\build\seeed-xiao-nrf54l15\zephyr/libzephyr.a(mem_attr.c.o)
                0x0000000000001474                mem_attr_get_regions
 .text.pm_device_action_run
                0x0000000000001480       0x88 H:\nrf54l15\spi_speed\.pio\build\seeed-xiao-nrf54l15\zephyr/libzephyr.a(device.c.o)
                0x0000000000001480                pm_device_action_run
 .text.z_arm_fatal_error
                0x0000000000001508       0xc4 H:\nrf54l15\spi_speed\.pio\build\seeed-xiao-nrf54l15\zephyr/arch/arch/arm/core/libarch__arm__core.a(fatal.c.o)
                0x0000000000001508                z_arm_fatal_error
 .text.z_SysNmiOnReset
                0x00000000000015cc        0x8 H:\nrf54l15\spi_speed\.pio\build\seeed-xiao-nrf54l15\zephyr/arch/arch/arm/core/libarch__arm__core.a(nmi_on_reset.S.o)
                0x00000000000015cc                z_SysNmiOnReset
 .text._HandlerModeExit
                0x00000000000015d4       0x20 H:\nrf54l15\spi_speed\.pio\build\seeed-xiao-nrf54l15\zephyr/arch/arch/arm/core/cortex_m/libarch__arm__core__cortex_m.a(exc_exit.c.o)
                0x00000000000015d4                z_arm_int_exit
                0x00000000000015d4                z_arm_exc_exit
 .text.usage_fault.isra.5
                0x00000000000015f4      0x128 H:\nrf54l15\spi_speed\.pio\build\seeed-xiao-nrf54l15\zephyr/arch/arch/arm/core/cortex_m/libarch__arm__core__cortex_m.a(fault.c.o)
 .text.bus_fault.isra.4
                0x000000000000171c      0x140 H:\nrf54l15\spi_speed\.pio\build\seeed-xiao-nrf54l15\zephyr/arch/arch/arm/core/cortex_m/libarch__arm__core__cortex_m.a(fault.c.o)
 .text.mem_manage_fault.isra.3
                0x000000000000185c      0x134 H:\nrf54l15\spi_speed\.pio\build\seeed-xiao-nrf54l15\zephyr/arch/arch/arm/core/cortex_m/libarch__arm__core__cortex_m.a(fault.c.o)
 .text.z_arm_fault
                0x0000000000001990      0x230 H:\nrf54l15\spi_speed\.pio\build\seeed-xiao-nrf54l15\zephyr/arch/arch/arm/core/cortex_m/libarch__arm__core__cortex_m.a(fault.c.o)
                0x0000000000001990                z_arm_fault
 .text.z_arm_fault_init
                0x0000000000001bc0       0x20 H:\nrf54l15\spi_speed\.pio\build\seeed-xiao-nrf54l15\zephyr/arch/arch/arm/core/cortex_m/libarch__arm__core__cortex_m.a(fault.c.o)
                0x0000000000001bc0                z_arm_fault_init
 .text.__fault  0x0000000000001be0       0x14 H:\nrf54l15\spi_speed\.pio\build\seeed-xiao-nrf54l15\zephyr/arch/arch/arm/core/cortex_m/libarch__arm__core__cortex_m.a(fault_s.S.o)
                0x0000000000001be0                z_arm_usage_fault
                0x0000000000001be0                z_arm_mpu_fault
                0x0000000000001be0                z_arm_exc_spurious
                0x0000000000001be0                z_arm_debug_monitor
                0x0000000000001be0                z_arm_hard_fault
                0x0000000000001be0                z_arm_bus_fault
 .text._reset_section
                0x0000000000001bf4       0x38 H:\nrf54l15\spi_speed\.pio\build\seeed-xiao-nrf54l15\zephyr/arch/arch/arm/core/cortex_m/libarch__arm__core__cortex_m.a(reset.S.o)
                0x0000000000001bf4                __start
                0x0000000000001bf4                z_arm_reset
 .text.z_impl_k_thread_abort
                0x0000000000001c2c       0x2c H:\nrf54l15\spi_speed\.pio\build\seeed-xiao-nrf54l15\zephyr/arch/arch/arm/core/cortex_m/libarch__arm__core__cortex_m.a(thread_abort.c.o)
                0x0000000000001c2c                z_impl_k_thread_abort
 .text.z_arm_pendsv
                0x0000000000001c58       0x58 H:\nrf54l15\spi_speed\.pio\build\seeed-xiao-nrf54l15\zephyr/arch/arch/arm/core/cortex_m/libarch__arm__core__cortex_m.a(swap_helper.S.o)
                0x0000000000001c58                z_arm_pendsv
 .text.z_arm_svc
                0x0000000000001cb0       0x24 H:\nrf54l15\spi_speed\.pio\build\seeed-xiao-nrf54l15\zephyr/arch/arch/arm/core/cortex_m/libarch__arm__core__cortex_m.a(swap_helper.S.o)
                0x0000000000001cb0                z_arm_svc
 .text.arm_irq_enable
                0x0000000000001cd4       0x20 H:\nrf54l15\spi_speed\.pio\build\seeed-xiao-nrf54l15\zephyr/arch/arch/arm/core/cortex_m/libarch__arm__core__cortex_m.a(irq_manage.c.o)
                0x0000000000001cd4                arm_irq_enable
 .text.arm_irq_disable
                0x0000000000001cf4       0x28 H:\nrf54l15\spi_speed\.pio\build\seeed-xiao-nrf54l15\zephyr/arch/arch/arm/core/cortex_m/libarch__arm__core__cortex_m.a(irq_manage.c.o)
                0x0000000000001cf4                arm_irq_disable
 .text.arm_irq_is_enabled
                0x0000000000001d1c       0x1c H:\nrf54l15\spi_speed\.pio\build\seeed-xiao-nrf54l15\zephyr/arch/arch/arm/core/cortex_m/libarch__arm__core__cortex_m.a(irq_manage.c.o)
                0x0000000000001d1c                arm_irq_is_enabled
 .text.arm_irq_priority_set
                0x0000000000001d38       0x30 H:\nrf54l15\spi_speed\.pio\build\seeed-xiao-nrf54l15\zephyr/arch/arch/arm/core/cortex_m/libarch__arm__core__cortex_m.a(irq_manage.c.o)
                0x0000000000001d38                arm_irq_priority_set
 .text.relocate_vector_table
                0x0000000000001d68       0x1c H:\nrf54l15\spi_speed\.pio\build\seeed-xiao-nrf54l15\zephyr/arch/arch/arm/core/cortex_m/libarch__arm__core__cortex_m.a(prep_c.c.o)
                0x0000000000001d68                relocate_vector_table
 .text.z_prep_c
                0x0000000000001d84       0x38 H:\nrf54l15\spi_speed\.pio\build\seeed-xiao-nrf54l15\zephyr/arch/arch/arm/core/cortex_m/libarch__arm__core__cortex_m.a(prep_c.c.o)
                0x0000000000001d84                z_prep_c
 .text.arch_new_thread
                0x0000000000001dbc       0x38 H:\nrf54l15\spi_speed\.pio\build\seeed-xiao-nrf54l15\zephyr/arch/arch/arm/core/cortex_m/libarch__arm__core__cortex_m.a(thread.c.o)
                0x0000000000001dbc                arch_new_thread
 .text.arch_switch_to_main_thread
                0x0000000000001df4       0x38 H:\nrf54l15\spi_speed\.pio\build\seeed-xiao-nrf54l15\zephyr/arch/arch/arm/core/cortex_m/libarch__arm__core__cortex_m.a(thread.c.o)
                0x0000000000001df4                arch_switch_to_main_thread
 .text.z_arm_cpu_idle_init
                0x0000000000001e2c        0xc H:\nrf54l15\spi_speed\.pio\build\seeed-xiao-nrf54l15\zephyr/arch/arch/arm/core/cortex_m/libarch__arm__core__cortex_m.a(cpu_idle.c.o)
                0x0000000000001e2c                z_arm_cpu_idle_init
 .text.z_arm_interrupt_init
                0x0000000000001e38       0x20 H:\nrf54l15\spi_speed\.pio\build\seeed-xiao-nrf54l15\zephyr/arch/arch/arm/core/cortex_m/libarch__arm__core__cortex_m.a(irq_init.c.o)
                0x0000000000001e38                z_arm_interrupt_init
 .text._isr_wrapper
                0x0000000000001e58       0x24 H:\nrf54l15\spi_speed\.pio\build\seeed-xiao-nrf54l15\zephyr/arch/arch/arm/core/cortex_m/libarch__arm__core__cortex_m.a(isr_wrapper.c.o)
                0x0000000000001e58                _isr_wrapper
 .text.z_arm_configure_static_mpu_regions
                0x0000000000001e7c       0x38 H:\nrf54l15\spi_speed\.pio\build\seeed-xiao-nrf54l15\zephyr/arch/arch/arm/core/mpu/libarch__arm__core__mpu.a(arm_core_mpu.c.o)
                0x0000000000001e7c                z_arm_configure_static_mpu_regions
 .text.region_init
                0x0000000000001eb4       0x30 H:\nrf54l15\spi_speed\.pio\build\seeed-xiao-nrf54l15\zephyr/arch/arch/arm/core/mpu/libarch__arm__core__mpu.a(arm_mpu.c.o)
 .text.region_allocate_and_init
                0x0000000000001ee4       0x44 H:\nrf54l15\spi_speed\.pio\build\seeed-xiao-nrf54l15\zephyr/arch/arch/arm/core/mpu/libarch__arm__core__mpu.a(arm_mpu.c.o)
 .text.mpu_configure_regions_and_partition.constprop.3
                0x0000000000001f28      0x16c H:\nrf54l15\spi_speed\.pio\build\seeed-xiao-nrf54l15\zephyr/arch/arch/arm/core/mpu/libarch__arm__core__mpu.a(arm_mpu.c.o)
 .text.arm_core_mpu_enable
                0x0000000000002094       0x14 H:\nrf54l15\spi_speed\.pio\build\seeed-xiao-nrf54l15\zephyr/arch/arch/arm/core/mpu/libarch__arm__core__mpu.a(arm_mpu.c.o)
                0x0000000000002094                arm_core_mpu_enable
 .text.arm_core_mpu_disable
                0x00000000000020a8       0x10 H:\nrf54l15\spi_speed\.pio\build\seeed-xiao-nrf54l15\zephyr/arch/arch/arm/core/mpu/libarch__arm__core__mpu.a(arm_mpu.c.o)
                0x00000000000020a8                arm_core_mpu_disable
 .text.arm_core_mpu_configure_static_mpu_regions
                0x00000000000020b8       0x14 H:\nrf54l15\spi_speed\.pio\build\seeed-xiao-nrf54l15\zephyr/arch/arch/arm/core/mpu/libarch__arm__core__mpu.a(arm_mpu.c.o)
                0x00000000000020b8                arm_core_mpu_configure_static_mpu_regions
 .text.arm_core_mpu_mark_areas_for_dynamic_regions
                0x00000000000020cc       0xa8 H:\nrf54l15\spi_speed\.pio\build\seeed-xiao-nrf54l15\zephyr/arch/arch/arm/core/mpu/libarch__arm__core__mpu.a(arm_mpu.c.o)
                0x00000000000020cc                arm_core_mpu_mark_areas_for_dynamic_regions
 .text.z_arm_mpu_init
                0x0000000000002174      0x124 H:\nrf54l15\spi_speed\.pio\build\seeed-xiao-nrf54l15\zephyr/arch/arch/arm/core/mpu/libarch__arm__core__mpu.a(arm_mpu.c.o)
                0x0000000000002174                z_arm_mpu_init
 .text.cbvprintf
                0x0000000000002298       0x38 H:\nrf54l15\spi_speed\.pio\build\seeed-xiao-nrf54l15\zephyr/lib/libc/picolibc/liblib__libc__picolibc.a(cbprintf.c.o)
                0x0000000000002298                cbvprintf
 .text.z_impl_zephyr_fputc
                0x00000000000022d0       0x10 H:\nrf54l15\spi_speed\.pio\build\seeed-xiao-nrf54l15\zephyr/lib/libc/picolibc/liblib__libc__picolibc.a(stdio.c.o)
                0x00000000000022d0                z_impl_zephyr_fputc
 .text.__stdout_hook_install
                0x00000000000022e0       0x18 H:\nrf54l15\spi_speed\.pio\build\seeed-xiao-nrf54l15\zephyr/lib/libc/picolibc/liblib__libc__picolibc.a(stdio.c.o)
                0x00000000000022e0                __stdout_hook_install
 .text.malloc_prepare
                0x00000000000022f8       0x24 H:\nrf54l15\spi_speed\.pio\build\seeed-xiao-nrf54l15\zephyr/lib/libc/common/liblib__libc__common.a(malloc.c.o)
 .text.nordicsemi_nrf54l_init
                0x000000000000231c       0xa8 H:\nrf54l15\spi_speed\.pio\build\seeed-xiao-nrf54l15\zephyr/soc/soc/nrf54l15/libsoc__nordic.a(soc.c.o)
                0x000000000000231c                nordicsemi_nrf54l_init
 .text.arch_busy_wait
                0x00000000000023c4       0x24 H:\nrf54l15\spi_speed\.pio\build\seeed-xiao-nrf54l15\zephyr/soc/soc/nrf54l15/libsoc__nordic.a(soc.c.o)
                0x00000000000023c4                arch_busy_wait
 .text.cache_instr_enable
                0x00000000000023e8       0x10 H:\nrf54l15\spi_speed\.pio\build\seeed-xiao-nrf54l15\zephyr/drivers/cache/libdrivers__cache.a(cache_nrf.c.o)
                0x00000000000023e8                cache_instr_enable
 .text.onoff_stop
                0x00000000000023f8       0x30 H:\nrf54l15\spi_speed\.pio\build\seeed-xiao-nrf54l15\zephyr/drivers/clock_control/libdrivers__clock_control.a(clock_control_nrf.c.o)
 .text.generic_hfclk_stop
                0x0000000000002428       0x34 H:\nrf54l15\spi_speed\.pio\build\seeed-xiao-nrf54l15\zephyr/drivers/clock_control/libdrivers__clock_control.a(clock_control_nrf.c.o)
 .text.clk_init
                0x000000000000245c       0x5c H:\nrf54l15\spi_speed\.pio\build\seeed-xiao-nrf54l15\zephyr/drivers/clock_control/libdrivers__clock_control.a(clock_control_nrf.c.o)
 .text.clkstarted_handle.constprop.10
                0x00000000000024b8       0x4c H:\nrf54l15\spi_speed\.pio\build\seeed-xiao-nrf54l15\zephyr/drivers/clock_control/libdrivers__clock_control.a(clock_control_nrf.c.o)
 .text.generic_hfclk_start
                0x0000000000002504       0x78 H:\nrf54l15\spi_speed\.pio\build\seeed-xiao-nrf54l15\zephyr/drivers/clock_control/libdrivers__clock_control.a(clock_control_nrf.c.o)
 .text.api_blocking_start
                0x000000000000257c       0x34 H:\nrf54l15\spi_speed\.pio\build\seeed-xiao-nrf54l15\zephyr/drivers/clock_control/libdrivers__clock_control.a(clock_control_nrf.c.o)
 .text.onoff_start
                0x00000000000025b0       0x7c H:\nrf54l15\spi_speed\.pio\build\seeed-xiao-nrf54l15\zephyr/drivers/clock_control/libdrivers__clock_control.a(clock_control_nrf.c.o)
 .text.z_nrf_clock_control_lf_on
                0x000000000000262c       0xfc H:\nrf54l15\spi_speed\.pio\build\seeed-xiao-nrf54l15\zephyr/drivers/clock_control/libdrivers__clock_control.a(clock_control_nrf.c.o)
                0x000000000000262c                z_nrf_clock_control_lf_on
 .text.uart_console_init
                0x0000000000002728       0x28 H:\nrf54l15\spi_speed\.pio\build\seeed-xiao-nrf54l15\zephyr/drivers/console/libdrivers__console.a(uart_console.c.o)
 .text.console_out
                0x0000000000002750       0x28 H:\nrf54l15\spi_speed\.pio\build\seeed-xiao-nrf54l15\zephyr/drivers/console/libdrivers__console.a(uart_console.c.o)
 .text.nrfx_gpio_handler
                0x0000000000002778       0x50 H:\nrf54l15\spi_speed\.pio\build\seeed-xiao-nrf54l15\zephyr/drivers/gpio/libdrivers__gpio.a(gpio_nrfx.c.o)
 .text.gpio_nrfx_init
                0x00000000000027c8       0x64 H:\nrf54l15\spi_speed\.pio\build\seeed-xiao-nrf54l15\zephyr/drivers/gpio/libdrivers__gpio.a(gpio_nrfx.c.o)
 .text.gpio_nrfx_pin_configure
                0x000000000000282c      0x194 H:\nrf54l15\spi_speed\.pio\build\seeed-xiao-nrf54l15\zephyr/drivers/gpio/libdrivers__gpio.a(gpio_nrfx.c.o)
 .text.gpio_nrfx_pin_interrupt_configure
                0x00000000000029c0      0x118 H:\nrf54l15\spi_speed\.pio\build\seeed-xiao-nrf54l15\zephyr/drivers/gpio/libdrivers__gpio.a(gpio_nrfx.c.o)
 .text.gpio_hogs_init
                0x0000000000002ad8       0x7c H:\nrf54l15\spi_speed\.pio\build\seeed-xiao-nrf54l15\zephyr/drivers/gpio/libdrivers__gpio.a(gpio_hogs.c.o)
 .text.nrf_gpio_pin_port_decode
                0x0000000000002b54       0x1c H:\nrf54l15\spi_speed\.pio\build\seeed-xiao-nrf54l15\zephyr/drivers/pinctrl/libdrivers__pinctrl.a(pinctrl_nrf.c.o)
 .text.pinctrl_configure_pins
                0x0000000000002b70      0x170 H:\nrf54l15\spi_speed\.pio\build\seeed-xiao-nrf54l15\zephyr/drivers/pinctrl/libdrivers__pinctrl.a(pinctrl_nrf.c.o)
                0x0000000000002b70                pinctrl_configure_pins
 .text.z_log_msg_runtime_create.constprop.2
                0x0000000000002ce0       0x24 H:\nrf54l15\spi_speed\.pio\build\seeed-xiao-nrf54l15\zephyr/drivers/regulator/libdrivers__regulator.a(regulator_fixed.c.o)
 .text.regulator_fixed_init
                0x0000000000002d04       0xb0 H:\nrf54l15\spi_speed\.pio\build\seeed-xiao-nrf54l15\zephyr/drivers/regulator/libdrivers__regulator.a(regulator_fixed.c.o)
 .text.uarte_instance_init.isra.4
                0x0000000000002db4       0x68 H:\nrf54l15\spi_speed\.pio\build\seeed-xiao-nrf54l15\zephyr/drivers/serial/libdrivers__serial.a(uart_nrfx_uarte.c.o)
 .text.uarte_nrfx_poll_out
                0x0000000000002e1c       0xc4 H:\nrf54l15\spi_speed\.pio\build\seeed-xiao-nrf54l15\zephyr/drivers/serial/libdrivers__serial.a(uart_nrfx_uarte.c.o)
 .text.spi_nrfx_init
                0x0000000000002ee0      0x100 H:\nrf54l15\spi_speed\.pio\build\seeed-xiao-nrf54l15\zephyr/drivers/spi/libdrivers__spi.a(spi_nrfx_spim.c.o)
 .text.transfer_next_chunk
                0x0000000000002fe0       0xb0 H:\nrf54l15\spi_speed\.pio\build\seeed-xiao-nrf54l15\zephyr/drivers/spi/libdrivers__spi.a(spi_nrfx_spim.c.o)
 .text.event_handler
                0x0000000000003090       0xf0 H:\nrf54l15\spi_speed\.pio\build\seeed-xiao-nrf54l15\zephyr/drivers/spi/libdrivers__spi.a(spi_nrfx_spim.c.o)
 .text.spi_nrfx_transceive
                0x0000000000003180      0x418 H:\nrf54l15\spi_speed\.pio\build\seeed-xiao-nrf54l15\zephyr/drivers/spi/libdrivers__spi.a(spi_nrfx_spim.c.o)
 .text.spi_nrfx_wake_init
                0x0000000000003598       0x60 H:\nrf54l15\spi_speed\.pio\build\seeed-xiao-nrf54l15\zephyr/drivers/spi/libdrivers__spi.a(spi_nrfx_common.c.o)
                0x0000000000003598                spi_nrfx_wake_init
 .text.spi_nrfx_wake_request
                0x00000000000035f8       0x8c H:\nrf54l15\spi_speed\.pio\build\seeed-xiao-nrf54l15\zephyr/drivers/spi/libdrivers__spi.a(spi_nrfx_common.c.o)
                0x00000000000035f8                spi_nrfx_wake_request
 .text.sys_clock_timeout_handler
                0x0000000000003684       0x40 H:\nrf54l15\spi_speed\.pio\build\seeed-xiao-nrf54l15\zephyr/drivers/timer/libdrivers__timer.a(nrf_grtc_timer.c.o)
 .text.sys_clock_driver_init
                0x00000000000036c4       0x88 H:\nrf54l15\spi_speed\.pio\build\seeed-xiao-nrf54l15\zephyr/drivers/timer/libdrivers__timer.a(nrf_grtc_timer.c.o)
 .text.sys_clock_elapsed
                0x000000000000374c       0x20 H:\nrf54l15\spi_speed\.pio\build\seeed-xiao-nrf54l15\zephyr/drivers/timer/libdrivers__timer.a(nrf_grtc_timer.c.o)
                0x000000000000374c                sys_clock_elapsed
 .text.sys_clock_set_timeout
                0x000000000000376c       0x5c H:\nrf54l15\spi_speed\.pio\build\seeed-xiao-nrf54l15\zephyr/drivers/timer/libdrivers__timer.a(nrf_grtc_timer.c.o)
                0x000000000000376c                sys_clock_set_timeout
 .text.nrf54l_errata_31
                0x00000000000037c8       0x1c H:\nrf54l15\spi_speed\.pio\build\seeed-xiao-nrf54l15\modules/hal_nordic/nrfx/libmodules__hal_nordic__nrfx.a(system_nrf54l.c.o)
 .text.nrf54l_handle_approtect_signal
                0x00000000000037e4       0x34 H:\nrf54l15\spi_speed\.pio\build\seeed-xiao-nrf54l15\modules/hal_nordic/nrfx/libmodules__hal_nordic__nrfx.a(system_nrf54l.c.o)
 .text.nrf54l_handle_secureapprotect_signal
                0x0000000000003818       0x34 H:\nrf54l15\spi_speed\.pio\build\seeed-xiao-nrf54l15\modules/hal_nordic/nrfx/libmodules__hal_nordic__nrfx.a(system_nrf54l.c.o)
 .text.SystemInit
                0x000000000000384c      0x108 H:\nrf54l15\spi_speed\.pio\build\seeed-xiao-nrf54l15\modules/hal_nordic/nrfx/libmodules__hal_nordic__nrfx.a(system_nrf54l.c.o)
                0x000000000000384c                SystemInit
 .text.nrfx_flag32_alloc
                0x0000000000003954       0x40 H:\nrf54l15\spi_speed\.pio\build\seeed-xiao-nrf54l15\modules/hal_nordic/nrfx/libmodules__hal_nordic__nrfx.a(nrfx_flag32_allocator.c.o)
                0x0000000000003954                nrfx_flag32_alloc
 .text.nrfx_flag32_free
                0x0000000000003994       0x38 H:\nrf54l15\spi_speed\.pio\build\seeed-xiao-nrf54l15\modules/hal_nordic/nrfx/libmodules__hal_nordic__nrfx.a(nrfx_flag32_allocator.c.o)
                0x0000000000003994                nrfx_flag32_free
 .text.clock_stop
                0x00000000000039cc       0xc0 H:\nrf54l15\spi_speed\.pio\build\seeed-xiao-nrf54l15\modules/hal_nordic/nrfx/libmodules__hal_nordic__nrfx.a(nrfx_clock.c.o)
 .text.nrfx_clock_init
                0x0000000000003a8c       0x20 H:\nrf54l15\spi_speed\.pio\build\seeed-xiao-nrf54l15\modules/hal_nordic/nrfx/libmodules__hal_nordic__nrfx.a(nrfx_clock.c.o)
                0x0000000000003a8c                nrfx_clock_init
 .text.nrfx_clock_enable
                0x0000000000003aac       0x38 H:\nrf54l15\spi_speed\.pio\build\seeed-xiao-nrf54l15\modules/hal_nordic/nrfx/libmodules__hal_nordic__nrfx.a(nrfx_clock.c.o)
                0x0000000000003aac                nrfx_clock_enable
 .text.nrfx_clock_start
                0x0000000000003ae4       0xe8 H:\nrf54l15\spi_speed\.pio\build\seeed-xiao-nrf54l15\modules/hal_nordic/nrfx/libmodules__hal_nordic__nrfx.a(nrfx_clock.c.o)
                0x0000000000003ae4                nrfx_clock_start
 .text.nrfx_clock_irq_handler
                0x0000000000003bcc       0x90 H:\nrf54l15\spi_speed\.pio\build\seeed-xiao-nrf54l15\modules/hal_nordic/nrfx/libmodules__hal_nordic__nrfx.a(nrfx_clock.c.o)
                0x0000000000003bcc                nrfx_clock_irq_handler
 .text.nrf_gpio_pin_port_decode
                0x0000000000003c5c       0x1c H:\nrf54l15\spi_speed\.pio\build\seeed-xiao-nrf54l15\modules/hal_nordic/nrfx/libmodules__hal_nordic__nrfx.a(nrfx_gpiote.c.o)
 .text.get_pin_idx
                0x0000000000003c78       0x14 H:\nrf54l15\spi_speed\.pio\build\seeed-xiao-nrf54l15\modules/hal_nordic/nrfx/libmodules__hal_nordic__nrfx.a(nrfx_gpiote.c.o)
 .text.pin_in_use_by_te.isra.1
                0x0000000000003c8c       0x24 H:\nrf54l15\spi_speed\.pio\build\seeed-xiao-nrf54l15\modules/hal_nordic/nrfx/libmodules__hal_nordic__nrfx.a(nrfx_gpiote.c.o)
 .text.pin_te_get.isra.4
                0x0000000000003cb0       0x20 H:\nrf54l15\spi_speed\.pio\build\seeed-xiao-nrf54l15\modules/hal_nordic/nrfx/libmodules__hal_nordic__nrfx.a(nrfx_gpiote.c.o)
 .text.release_handler
                0x0000000000003cd0       0x74 H:\nrf54l15\spi_speed\.pio\build\seeed-xiao-nrf54l15\modules/hal_nordic/nrfx/libmodules__hal_nordic__nrfx.a(nrfx_gpiote.c.o)
 .text.latch_pending_read_and_check
                0x0000000000003d44       0x5c H:\nrf54l15\spi_speed\.pio\build\seeed-xiao-nrf54l15\modules/hal_nordic/nrfx/libmodules__hal_nordic__nrfx.a(nrfx_gpiote.c.o)
 .text.pin_is_input
                0x0000000000003da0       0x28 H:\nrf54l15\spi_speed\.pio\build\seeed-xiao-nrf54l15\modules/hal_nordic/nrfx/libmodules__hal_nordic__nrfx.a(nrfx_gpiote.c.o)
 .text.pin_uninit
                0x0000000000003dc8       0xa4 H:\nrf54l15\spi_speed\.pio\build\seeed-xiao-nrf54l15\modules/hal_nordic/nrfx/libmodules__hal_nordic__nrfx.a(nrfx_gpiote.c.o)
 .text.irq_handler
                0x0000000000003e6c      0x1a4 H:\nrf54l15\spi_speed\.pio\build\seeed-xiao-nrf54l15\modules/hal_nordic/nrfx/libmodules__hal_nordic__nrfx.a(nrfx_gpiote.c.o)
 .text.nrfx_gpiote_input_configure
                0x0000000000004010      0x200 H:\nrf54l15\spi_speed\.pio\build\seeed-xiao-nrf54l15\modules/hal_nordic/nrfx/libmodules__hal_nordic__nrfx.a(nrfx_gpiote.c.o)
                0x0000000000004010                nrfx_gpiote_input_configure
 .text.nrfx_gpiote_output_configure
                0x0000000000004210      0x13c H:\nrf54l15\spi_speed\.pio\build\seeed-xiao-nrf54l15\modules/hal_nordic/nrfx/libmodules__hal_nordic__nrfx.a(nrfx_gpiote.c.o)
                0x0000000000004210                nrfx_gpiote_output_configure
 .text.nrfx_gpiote_global_callback_set
                0x000000000000434c       0x1c H:\nrf54l15\spi_speed\.pio\build\seeed-xiao-nrf54l15\modules/hal_nordic/nrfx/libmodules__hal_nordic__nrfx.a(nrfx_gpiote.c.o)
                0x000000000000434c                nrfx_gpiote_global_callback_set
 .text.nrfx_gpiote_channel_get
                0x0000000000004368       0x3c H:\nrf54l15\spi_speed\.pio\build\seeed-xiao-nrf54l15\modules/hal_nordic/nrfx/libmodules__hal_nordic__nrfx.a(nrfx_gpiote.c.o)
                0x0000000000004368                nrfx_gpiote_channel_get
 .text.nrfx_gpiote_init
                0x00000000000043a4       0x88 H:\nrf54l15\spi_speed\.pio\build\seeed-xiao-nrf54l15\modules/hal_nordic/nrfx/libmodules__hal_nordic__nrfx.a(nrfx_gpiote.c.o)
                0x00000000000043a4                nrfx_gpiote_init
 .text.nrfx_gpiote_init_check
                0x000000000000442c       0x1c H:\nrf54l15\spi_speed\.pio\build\seeed-xiao-nrf54l15\modules/hal_nordic/nrfx/libmodules__hal_nordic__nrfx.a(nrfx_gpiote.c.o)
                0x000000000000442c                nrfx_gpiote_init_check
 .text.nrfx_gpiote_channel_free
                0x0000000000004448       0x14 H:\nrf54l15\spi_speed\.pio\build\seeed-xiao-nrf54l15\modules/hal_nordic/nrfx/libmodules__hal_nordic__nrfx.a(nrfx_gpiote.c.o)
                0x0000000000004448                nrfx_gpiote_channel_free
 .text.nrfx_gpiote_channel_alloc
                0x000000000000445c       0x14 H:\nrf54l15\spi_speed\.pio\build\seeed-xiao-nrf54l15\modules/hal_nordic/nrfx/libmodules__hal_nordic__nrfx.a(nrfx_gpiote.c.o)
                0x000000000000445c                nrfx_gpiote_channel_alloc
 .text.nrfx_gpiote_trigger_enable
                0x0000000000004470       0xa8 H:\nrf54l15\spi_speed\.pio\build\seeed-xiao-nrf54l15\modules/hal_nordic/nrfx/libmodules__hal_nordic__nrfx.a(nrfx_gpiote.c.o)
                0x0000000000004470                nrfx_gpiote_trigger_enable
 .text.nrfx_gpiote_20_irq_handler
                0x0000000000004518       0x10 H:\nrf54l15\spi_speed\.pio\build\seeed-xiao-nrf54l15\modules/hal_nordic/nrfx/libmodules__hal_nordic__nrfx.a(nrfx_gpiote.c.o)
                0x0000000000004518                nrfx_gpiote_20_irq_handler
 .text.nrfx_gpiote_30_irq_handler
                0x0000000000004528       0x10 H:\nrf54l15\spi_speed\.pio\build\seeed-xiao-nrf54l15\modules/hal_nordic/nrfx/libmodules__hal_nordic__nrfx.a(nrfx_gpiote.c.o)
                0x0000000000004528                nrfx_gpiote_30_irq_handler
 .text.sleep_configure
                0x0000000000004538       0x24 H:\nrf54l15\spi_speed\.pio\build\seeed-xiao-nrf54l15\modules/hal_nordic/nrfx/libmodules__hal_nordic__nrfx.a(nrfx_grtc.c.o)
 .text.cc_channel_prepare
                0x000000000000455c       0x40 H:\nrf54l15\spi_speed\.pio\build\seeed-xiao-nrf54l15\modules/hal_nordic/nrfx/libmodules__hal_nordic__nrfx.a(nrfx_grtc.c.o)
 .text.syscounter_check
                0x000000000000459c       0x38 H:\nrf54l15\spi_speed\.pio\build\seeed-xiao-nrf54l15\modules/hal_nordic/nrfx/libmodules__hal_nordic__nrfx.a(nrfx_grtc.c.o)
 .text.nrfx_grtc_syscounter_get
                0x00000000000045d4       0x44 H:\nrf54l15\spi_speed\.pio\build\seeed-xiao-nrf54l15\modules/hal_nordic/nrfx/libmodules__hal_nordic__nrfx.a(nrfx_grtc.c.o)
                0x00000000000045d4                nrfx_grtc_syscounter_get
 .text.nrfx_grtc_init
                0x0000000000004618      0x124 H:\nrf54l15\spi_speed\.pio\build\seeed-xiao-nrf54l15\modules/hal_nordic/nrfx/libmodules__hal_nordic__nrfx.a(nrfx_grtc.c.o)
                0x0000000000004618                nrfx_grtc_init
 .text.nrfx_grtc_syscounter_start
                0x000000000000473c       0xc8 H:\nrf54l15\spi_speed\.pio\build\seeed-xiao-nrf54l15\modules/hal_nordic/nrfx/libmodules__hal_nordic__nrfx.a(nrfx_grtc.c.o)
                0x000000000000473c                nrfx_grtc_syscounter_start
 .text.nrfx_grtc_syscounter_cc_absolute_set
                0x0000000000004804       0x98 H:\nrf54l15\spi_speed\.pio\build\seeed-xiao-nrf54l15\modules/hal_nordic/nrfx/libmodules__hal_nordic__nrfx.a(nrfx_grtc.c.o)
                0x0000000000004804                nrfx_grtc_syscounter_cc_absolute_set
 .text.nrfx_grtc_irq_handler
                0x000000000000489c       0xb0 H:\nrf54l15\spi_speed\.pio\build\seeed-xiao-nrf54l15\modules/hal_nordic/nrfx/libmodules__hal_nordic__nrfx.a(nrfx_grtc.c.o)
                0x000000000000489c                nrfx_grtc_irq_handler
 .text.nrfx_power_irq_handler
                0x000000000000494c       0x6c H:\nrf54l15\spi_speed\.pio\build\seeed-xiao-nrf54l15\modules/hal_nordic/nrfx/libmodules__hal_nordic__nrfx.a(nrfx_power.c.o)
                0x000000000000494c                nrfx_power_irq_handler
 .text.nrf54l_errata_8
                0x00000000000049b8       0x14 H:\nrf54l15\spi_speed\.pio\build\seeed-xiao-nrf54l15\modules/hal_nordic/nrfx/libmodules__hal_nordic__nrfx.a(nrfx_spim.c.o)
 .text.nrf_gpio_pin_port_decode
                0x00000000000049cc       0x1c H:\nrf54l15\spi_speed\.pio\build\seeed-xiao-nrf54l15\modules/hal_nordic/nrfx/libmodules__hal_nordic__nrfx.a(nrfx_spim.c.o)
 .text.spim_configuration_verify
                0x00000000000049e8       0x84 H:\nrf54l15\spi_speed\.pio\build\seeed-xiao-nrf54l15\modules/hal_nordic/nrfx/libmodules__hal_nordic__nrfx.a(nrfx_spim.c.o)
 .text.pin_init.constprop.9
                0x0000000000004a6c       0x50 H:\nrf54l15\spi_speed\.pio\build\seeed-xiao-nrf54l15\modules/hal_nordic/nrfx/libmodules__hal_nordic__nrfx.a(nrfx_spim.c.o)
 .text.spim_configure
                0x0000000000004abc      0x1e8 H:\nrf54l15\spi_speed\.pio\build\seeed-xiao-nrf54l15\modules/hal_nordic/nrfx/libmodules__hal_nordic__nrfx.a(nrfx_spim.c.o)
 .text.spim_pin_uninit
                0x0000000000004ca4       0x30 H:\nrf54l15\spi_speed\.pio\build\seeed-xiao-nrf54l15\modules/hal_nordic/nrfx/libmodules__hal_nordic__nrfx.a(nrfx_spim.c.o)
 .text.nrfx_spim_init
                0x0000000000004cd4       0x64 H:\nrf54l15\spi_speed\.pio\build\seeed-xiao-nrf54l15\modules/hal_nordic/nrfx/libmodules__hal_nordic__nrfx.a(nrfx_spim.c.o)
                0x0000000000004cd4                nrfx_spim_init
 .text.nrfx_spim_uninit
                0x0000000000004d38       0x98 H:\nrf54l15\spi_speed\.pio\build\seeed-xiao-nrf54l15\modules/hal_nordic/nrfx/libmodules__hal_nordic__nrfx.a(nrfx_spim.c.o)
                0x0000000000004d38                nrfx_spim_uninit
 .text.nrfx_spim_xfer
                0x0000000000004dd0      0x18c H:\nrf54l15\spi_speed\.pio\build\seeed-xiao-nrf54l15\modules/hal_nordic/nrfx/libmodules__hal_nordic__nrfx.a(nrfx_spim.c.o)
                0x0000000000004dd0                nrfx_spim_xfer
 .text.nrfx_spim_00_irq_handler
                0x0000000000004f5c       0x88 H:\nrf54l15\spi_speed\.pio\build\seeed-xiao-nrf54l15\modules/hal_nordic/nrfx/libmodules__hal_nordic__nrfx.a(nrfx_spim.c.o)
                0x0000000000004f5c                nrfx_spim_00_irq_handler
 .text.k_sys_fatal_error_handler
                0x0000000000004fe4       0x2c H:\nrf54l15\spi_speed\.pio\build\seeed-xiao-nrf54l15\zephyr/kernel/libkernel.a(fatal.c.o)
                0x0000000000004fe4                k_sys_fatal_error_handler
 .text.z_fatal_error
                0x0000000000005010       0xcc H:\nrf54l15\spi_speed\.pio\build\seeed-xiao-nrf54l15\zephyr/kernel/libkernel.a(fatal.c.o)
                0x0000000000005010                z_fatal_error
 .text.z_sys_init_run_level
                0x00000000000050dc       0x30 H:\nrf54l15\spi_speed\.pio\build\seeed-xiao-nrf54l15\zephyr/kernel/libkernel.a(init.c.o)
 .text.bg_thread_main
                0x000000000000510c       0xc0 H:\nrf54l15\spi_speed\.pio\build\seeed-xiao-nrf54l15\zephyr/kernel/libkernel.a(init.c.o)
 .text.z_bss_zero
                0x00000000000051cc       0x18 H:\nrf54l15\spi_speed\.pio\build\seeed-xiao-nrf54l15\zephyr/kernel/libkernel.a(init.c.o)
                0x00000000000051cc                z_bss_zero
 .text.z_init_cpu
                0x00000000000051e4       0x68 H:\nrf54l15\spi_speed\.pio\build\seeed-xiao-nrf54l15\zephyr/kernel/libkernel.a(init.c.o)
                0x00000000000051e4                z_init_cpu
 .text.z_cstart
                0x000000000000524c       0xd4 H:\nrf54l15\spi_speed\.pio\build\seeed-xiao-nrf54l15\zephyr/kernel/libkernel.a(init.c.o)
                0x000000000000524c                z_cstart
 .text.z_impl_k_mutex_lock
                0x0000000000005320       0xfc H:\nrf54l15\spi_speed\.pio\build\seeed-xiao-nrf54l15\zephyr/kernel/libkernel.a(mutex.c.o)
                0x0000000000005320                z_impl_k_mutex_lock
 .text.z_impl_k_mutex_unlock
                0x000000000000541c       0xa8 H:\nrf54l15\spi_speed\.pio\build\seeed-xiao-nrf54l15\zephyr/kernel/libkernel.a(mutex.c.o)
                0x000000000000541c                z_impl_k_mutex_unlock
 .text.z_impl_k_sem_give
                0x00000000000054c4       0x68 H:\nrf54l15\spi_speed\.pio\build\seeed-xiao-nrf54l15\zephyr/kernel/libkernel.a(sem.c.o)
                0x00000000000054c4                z_impl_k_sem_give
 .text.z_impl_k_sem_take
                0x000000000000552c       0x50 H:\nrf54l15\spi_speed\.pio\build\seeed-xiao-nrf54l15\zephyr/kernel/libkernel.a(sem.c.o)
                0x000000000000552c                z_impl_k_sem_take
 .text.z_impl_k_sem_reset
                0x000000000000557c       0x74 H:\nrf54l15\spi_speed\.pio\build\seeed-xiao-nrf54l15\zephyr/kernel/libkernel.a(sem.c.o)
                0x000000000000557c                z_impl_k_sem_reset
 .text.z_setup_new_thread
                0x00000000000055f0       0x5c H:\nrf54l15\spi_speed\.pio\build\seeed-xiao-nrf54l15\zephyr/kernel/libkernel.a(thread.c.o)
                0x00000000000055f0                z_setup_new_thread
 .text.z_dummy_thread_init
                0x000000000000564c       0x18 H:\nrf54l15\spi_speed\.pio\build\seeed-xiao-nrf54l15\zephyr/kernel/libkernel.a(thread.c.o)
                0x000000000000564c                z_dummy_thread_init
 .text.z_swap_irqlock
                0x0000000000005664       0x30 H:\nrf54l15\spi_speed\.pio\build\seeed-xiao-nrf54l15\zephyr/kernel/libkernel.a(sched.c.o)
 .text.unready_thread
                0x0000000000005694       0x50 H:\nrf54l15\spi_speed\.pio\build\seeed-xiao-nrf54l15\zephyr/kernel/libkernel.a(sched.c.o)
 .text.add_thread_timeout
                0x00000000000056e4       0x18 H:\nrf54l15\spi_speed\.pio\build\seeed-xiao-nrf54l15\zephyr/kernel/libkernel.a(sched.c.o)
 .text.ready_thread
                0x00000000000056fc       0x88 H:\nrf54l15\spi_speed\.pio\build\seeed-xiao-nrf54l15\zephyr/kernel/libkernel.a(sched.c.o)
 .text.move_thread_to_end_of_prio_q
                0x0000000000005784       0x94 H:\nrf54l15\spi_speed\.pio\build\seeed-xiao-nrf54l15\zephyr/kernel/libkernel.a(sched.c.o)
                0x0000000000005784                move_thread_to_end_of_prio_q
 .text.z_pend_curr
                0x0000000000005818       0x44 H:\nrf54l15\spi_speed\.pio\build\seeed-xiao-nrf54l15\zephyr/kernel/libkernel.a(sched.c.o)
                0x0000000000005818                z_pend_curr
 .text.z_thread_prio_set
                0x000000000000585c       0xe8 H:\nrf54l15\spi_speed\.pio\build\seeed-xiao-nrf54l15\zephyr/kernel/libkernel.a(sched.c.o)
                0x000000000000585c                z_thread_prio_set
 .text.z_reschedule
                0x0000000000005944       0x24 H:\nrf54l15\spi_speed\.pio\build\seeed-xiao-nrf54l15\zephyr/kernel/libkernel.a(sched.c.o)
                0x0000000000005944                z_reschedule
 .text.z_reschedule_irqlock
                0x0000000000005968       0x28 H:\nrf54l15\spi_speed\.pio\build\seeed-xiao-nrf54l15\zephyr/kernel/libkernel.a(sched.c.o)
                0x0000000000005968                z_reschedule_irqlock
 .text.k_sched_lock
                0x0000000000005990       0x28 H:\nrf54l15\spi_speed\.pio\build\seeed-xiao-nrf54l15\zephyr/kernel/libkernel.a(sched.c.o)
                0x0000000000005990                k_sched_lock
 .text.k_sched_unlock
                0x00000000000059b8       0x6c H:\nrf54l15\spi_speed\.pio\build\seeed-xiao-nrf54l15\zephyr/kernel/libkernel.a(sched.c.o)
                0x00000000000059b8                k_sched_unlock
 .text.z_sched_init
                0x0000000000005a24       0x10 H:\nrf54l15\spi_speed\.pio\build\seeed-xiao-nrf54l15\zephyr/kernel/libkernel.a(sched.c.o)
                0x0000000000005a24                z_sched_init
 .text.z_impl_k_yield
                0x0000000000005a34       0x88 H:\nrf54l15\spi_speed\.pio\build\seeed-xiao-nrf54l15\zephyr/kernel/libkernel.a(sched.c.o)
                0x0000000000005a34                z_impl_k_yield
 .text.z_tick_sleep
                0x0000000000005abc       0x7c H:\nrf54l15\spi_speed\.pio\build\seeed-xiao-nrf54l15\zephyr/kernel/libkernel.a(sched.c.o)
 .text.z_impl_k_sleep
                0x0000000000005b38       0x60 H:\nrf54l15\spi_speed\.pio\build\seeed-xiao-nrf54l15\zephyr/kernel/libkernel.a(sched.c.o)
                0x0000000000005b38                z_impl_k_sleep
 .text.z_impl_k_wakeup
                0x0000000000005b98       0x48 H:\nrf54l15\spi_speed\.pio\build\seeed-xiao-nrf54l15\zephyr/kernel/libkernel.a(sched.c.o)
                0x0000000000005b98                z_impl_k_wakeup
 .text.z_impl_k_sched_current_thread_query
                0x0000000000005be0        0xc H:\nrf54l15\spi_speed\.pio\build\seeed-xiao-nrf54l15\zephyr/kernel/libkernel.a(sched.c.o)
                0x0000000000005be0                z_impl_k_sched_current_thread_query
 .text.z_thread_abort
                0x0000000000005bec      0x138 H:\nrf54l15\spi_speed\.pio\build\seeed-xiao-nrf54l15\zephyr/kernel/libkernel.a(sched.c.o)
                0x0000000000005bec                z_thread_abort
 .text.slice_timeout
                0x0000000000005d24       0x20 H:\nrf54l15\spi_speed\.pio\build\seeed-xiao-nrf54l15\zephyr/kernel/libkernel.a(timeslicing.c.o)
 .text.thread_is_sliceable
                0x0000000000005d44       0x3c H:\nrf54l15\spi_speed\.pio\build\seeed-xiao-nrf54l15\zephyr/kernel/libkernel.a(timeslicing.c.o)
                0x0000000000005d44                thread_is_sliceable
 .text.z_reset_time_slice
                0x0000000000005d80       0x50 H:\nrf54l15\spi_speed\.pio\build\seeed-xiao-nrf54l15\zephyr/kernel/libkernel.a(timeslicing.c.o)
                0x0000000000005d80                z_reset_time_slice
 .text.z_time_slice
                0x0000000000005dd0       0x60 H:\nrf54l15\spi_speed\.pio\build\seeed-xiao-nrf54l15\zephyr/kernel/libkernel.a(timeslicing.c.o)
                0x0000000000005dd0                z_time_slice
 .text.z_data_copy
                0x0000000000005e30       0x38 H:\nrf54l15\spi_speed\.pio\build\seeed-xiao-nrf54l15\zephyr/kernel/libkernel.a(xip.c.o)
                0x0000000000005e30                z_data_copy
 .text.first    0x0000000000005e68       0x10 H:\nrf54l15\spi_speed\.pio\build\seeed-xiao-nrf54l15\zephyr/kernel/libkernel.a(timeout.c.o)
 .text.elapsed  0x0000000000005e78       0x14 H:\nrf54l15\spi_speed\.pio\build\seeed-xiao-nrf54l15\zephyr/kernel/libkernel.a(timeout.c.o)
 .text.remove_timeout
                0x0000000000005e8c       0x38 H:\nrf54l15\spi_speed\.pio\build\seeed-xiao-nrf54l15\zephyr/kernel/libkernel.a(timeout.c.o)
 .text.z_add_timeout
                0x0000000000005ec4      0x12c H:\nrf54l15\spi_speed\.pio\build\seeed-xiao-nrf54l15\zephyr/kernel/libkernel.a(timeout.c.o)
                0x0000000000005ec4                z_add_timeout
 .text.sys_clock_announce
                0x0000000000005ff0       0xd0 H:\nrf54l15\spi_speed\.pio\build\seeed-xiao-nrf54l15\zephyr/kernel/libkernel.a(timeout.c.o)
                0x0000000000005ff0                sys_clock_announce
 .text.sys_clock_tick_get
                0x00000000000060c0       0x38 H:\nrf54l15\spi_speed\.pio\build\seeed-xiao-nrf54l15\zephyr/kernel/libkernel.a(timeout.c.o)
                0x00000000000060c0                sys_clock_tick_get
 .text.boot_banner
                0x00000000000060f8        0xc H:\nrf54l15\spi_speed\.pio\build\seeed-xiao-nrf54l15\zephyr/kernel/libkernel.a(banner.c.o)
                0x00000000000060f8                boot_banner
 .text.vfprintf
                0x0000000000006104      0x4b0 H:\nrf54l15\spi_speed\.pio\build\seeed-xiao-nrf54l15\modules\picolibc\libc.a(vflprintf.c.o)
                0x0000000000006104                vfprintf
                0x0000000000006104                __l_vfprintf
 .text.__udivmoddi4
                0x00000000000065b4      0x2c8 c:/users/33846/.platformio/packages/toolchain-gccarmnoneeabi@1.80201.181220/bin/../lib/gcc/arm-none-eabi/8.2.1/thumb/v8-m.main/nofp\libgcc.a(_udivmoddi4.o)
                0x00000000000065b4                __udivmoddi4
 .text.z_log_msg_runtime_create.constprop.3
                0x000000000000687c       0x1e .pio\build\seeed-xiao-nrf54l15\src\main.o
 .text.chunk_size
                0x000000000000689a        0xa H:\nrf54l15\spi_speed\.pio\build\seeed-xiao-nrf54l15\zephyr/libzephyr.a(heap.c.o)
 .text.free_list_add
                0x00000000000068a4       0x4e H:\nrf54l15\spi_speed\.pio\build\seeed-xiao-nrf54l15\zephyr/libzephyr.a(heap.c.o)
 .text.sys_heap_init
                0x00000000000068f2       0x62 H:\nrf54l15\spi_speed\.pio\build\seeed-xiao-nrf54l15\zephyr/libzephyr.a(heap.c.o)
                0x00000000000068f2                sys_heap_init
 .text.cbpprintf_external
                0x0000000000006954       0x5e H:\nrf54l15\spi_speed\.pio\build\seeed-xiao-nrf54l15\zephyr/libzephyr.a(cbprintf_packaged.c.o)
                0x0000000000006954                cbpprintf_external
 .text.arch_printk_char_out
                0x00000000000069b2        0x4 H:\nrf54l15\spi_speed\.pio\build\seeed-xiao-nrf54l15\zephyr/libzephyr.a(printk.c.o)
                0x00000000000069b2                arch_printk_char_out
 .text.printk   0x00000000000069b6       0x1a H:\nrf54l15\spi_speed\.pio\build\seeed-xiao-nrf54l15\zephyr/libzephyr.a(printk.c.o)
                0x00000000000069b6                printk
 .text.z_thread_entry
                0x00000000000069d0       0x14 H:\nrf54l15\spi_speed\.pio\build\seeed-xiao-nrf54l15\zephyr/libzephyr.a(thread_entry.c.o)
                0x00000000000069d0                z_thread_entry
 .text.process_recheck
                0x00000000000069e4       0x38 H:\nrf54l15\spi_speed\.pio\build\seeed-xiao-nrf54l15\zephyr/libzephyr.a(onoff.c.o)
 .text.notify_one
                0x0000000000006a1c       0x2c H:\nrf54l15\spi_speed\.pio\build\seeed-xiao-nrf54l15\zephyr/libzephyr.a(onoff.c.o)
 .text.transition_complete
                0x0000000000006a48       0x1a H:\nrf54l15\spi_speed\.pio\build\seeed-xiao-nrf54l15\zephyr/libzephyr.a(onoff.c.o)
 .text.validate_args
                0x0000000000006a62       0x1e H:\nrf54l15\spi_speed\.pio\build\seeed-xiao-nrf54l15\zephyr/libzephyr.a(onoff.c.o)
 .text.onoff_manager_init
                0x0000000000006a80       0x26 H:\nrf54l15\spi_speed\.pio\build\seeed-xiao-nrf54l15\zephyr/libzephyr.a(onoff.c.o)
                0x0000000000006a80                onoff_manager_init
 .text.onoff_request
                0x0000000000006aa6       0x90 H:\nrf54l15\spi_speed\.pio\build\seeed-xiao-nrf54l15\zephyr/libzephyr.a(onoff.c.o)
                0x0000000000006aa6                onoff_request
 .text.sys_notify_validate
                0x0000000000006b36       0x22 H:\nrf54l15\spi_speed\.pio\build\seeed-xiao-nrf54l15\zephyr/libzephyr.a(notify.c.o)
                0x0000000000006b36                sys_notify_validate
 .text.sys_notify_finalize
                0x0000000000006b58       0x1a H:\nrf54l15\spi_speed\.pio\build\seeed-xiao-nrf54l15\zephyr/libzephyr.a(notify.c.o)
                0x0000000000006b58                sys_notify_finalize
 .text._ConfigAbsSyms
                0x0000000000006b72        0x2 H:\nrf54l15\spi_speed\.pio\build\seeed-xiao-nrf54l15\zephyr/libzephyr.a(configs.c.o)
                0x0000000000006b72                _ConfigAbsSyms
 .text.dummy_timestamp
                0x0000000000006b74        0x4 H:\nrf54l15\spi_speed\.pio\build\seeed-xiao-nrf54l15\zephyr/libzephyr.a(log_core.c.o)
 .text.default_get_timestamp
                0x0000000000006b78        0x4 H:\nrf54l15\spi_speed\.pio\build\seeed-xiao-nrf54l15\zephyr/libzephyr.a(log_core.c.o)
 .text.atomic_inc
                0x0000000000006b7c       0x12 H:\nrf54l15\spi_speed\.pio\build\seeed-xiao-nrf54l15\zephyr/libzephyr.a(log_core.c.o)
 .text.enable_logger
                0x0000000000006b8e        0xe H:\nrf54l15\spi_speed\.pio\build\seeed-xiao-nrf54l15\zephyr/libzephyr.a(log_core.c.o)
 .text.z_log_vprintk
                0x0000000000006b9c       0x1c H:\nrf54l15\spi_speed\.pio\build\seeed-xiao-nrf54l15\zephyr/libzephyr.a(log_core.c.o)
                0x0000000000006b9c                z_log_vprintk
 .text.z_log_notify_backend_enabled
                0x0000000000006bb8        0x2 H:\nrf54l15\spi_speed\.pio\build\seeed-xiao-nrf54l15\zephyr/libzephyr.a(log_core.c.o)
                0x0000000000006bb8                z_log_notify_backend_enabled
 .text.z_log_get_tag
                0x0000000000006bba        0x4 H:\nrf54l15\spi_speed\.pio\build\seeed-xiao-nrf54l15\zephyr/libzephyr.a(log_core.c.o)
                0x0000000000006bba                z_log_get_tag
 .text.log_backend_enable
                0x0000000000006bbe       0x12 H:\nrf54l15\spi_speed\.pio\build\seeed-xiao-nrf54l15\zephyr/libzephyr.a(log_mgmt.c.o)
                0x0000000000006bbe                log_backend_enable
 .text.z_log_msg_finalize
                0x0000000000006bd0       0x34 H:\nrf54l15\spi_speed\.pio\build\seeed-xiao-nrf54l15\zephyr/libzephyr.a(log_msg.c.o)
                0x0000000000006bd0                z_log_msg_finalize
 .text.z_log_msg_runtime_create.constprop.2
                0x0000000000006c04       0x20 H:\nrf54l15\spi_speed\.pio\build\seeed-xiao-nrf54l15\zephyr/libzephyr.a(log_msg.c.o)
 .text.log_output_write
                0x0000000000006c24       0x1c H:\nrf54l15\spi_speed\.pio\build\seeed-xiao-nrf54l15\zephyr/libzephyr.a(log_output.c.o)
 .text.out_func
                0x0000000000006c40       0x1c H:\nrf54l15\spi_speed\.pio\build\seeed-xiao-nrf54l15\zephyr/libzephyr.a(log_output.c.o)
 .text.cr_out_func
                0x0000000000006c5c       0x1c H:\nrf54l15\spi_speed\.pio\build\seeed-xiao-nrf54l15\zephyr/libzephyr.a(log_output.c.o)
 .text.log_output_msg_process
                0x0000000000006c78       0x66 H:\nrf54l15\spi_speed\.pio\build\seeed-xiao-nrf54l15\zephyr/libzephyr.a(log_output.c.o)
                0x0000000000006c78                log_output_msg_process
 .text.format_set
                0x0000000000006cde        0xc H:\nrf54l15\spi_speed\.pio\build\seeed-xiao-nrf54l15\zephyr/libzephyr.a(log_backend_uart.c.o)
 .text.log_backend_uart_init
                0x0000000000006cea        0xc H:\nrf54l15\spi_speed\.pio\build\seeed-xiao-nrf54l15\zephyr/libzephyr.a(log_backend_uart.c.o)
 .text.process  0x0000000000006cf6       0x1e H:\nrf54l15\spi_speed\.pio\build\seeed-xiao-nrf54l15\zephyr/libzephyr.a(log_backend_uart.c.o)
 .text.pm_device_state_get
                0x0000000000006d14       0x12 H:\nrf54l15\spi_speed\.pio\build\seeed-xiao-nrf54l15\zephyr/libzephyr.a(device.c.o)
                0x0000000000006d14                pm_device_state_get
 .text.pm_device_is_powered
                0x0000000000006d26       0x18 H:\nrf54l15\spi_speed\.pio\build\seeed-xiao-nrf54l15\zephyr/libzephyr.a(device.c.o)
                0x0000000000006d26                pm_device_is_powered
 .text.pm_device_driver_init
                0x0000000000006d3e       0x40 H:\nrf54l15\spi_speed\.pio\build\seeed-xiao-nrf54l15\zephyr/libzephyr.a(device.c.o)
                0x0000000000006d3e                pm_device_driver_init
 .text.z_log_msg_runtime_create.constprop.0
                0x0000000000006d7e       0x20 H:\nrf54l15\spi_speed\.pio\build\seeed-xiao-nrf54l15\zephyr/arch/arch/arm/core/libarch__arm__core.a(fatal.c.o)
 .text.z_do_kernel_oops
                0x0000000000006d9e        0x8 H:\nrf54l15\spi_speed\.pio\build\seeed-xiao-nrf54l15\zephyr/arch/arch/arm/core/libarch__arm__core.a(fatal.c.o)
                0x0000000000006d9e                z_do_kernel_oops
 .text.z_arm_nmi
                0x0000000000006da6        0xe H:\nrf54l15\spi_speed\.pio\build\seeed-xiao-nrf54l15\zephyr/arch/arch/arm/core/libarch__arm__core.a(nmi.c.o)
                0x0000000000006da6                z_arm_nmi
 .text.z_log_msg_runtime_create.constprop.8
                0x0000000000006db4       0x20 H:\nrf54l15\spi_speed\.pio\build\seeed-xiao-nrf54l15\zephyr/arch/arch/arm/core/cortex_m/libarch__arm__core__cortex_m.a(fault.c.o)
 .text.z_irq_spurious
                0x0000000000006dd4        0x8 H:\nrf54l15\spi_speed\.pio\build\seeed-xiao-nrf54l15\zephyr/arch/arch/arm/core/cortex_m/libarch__arm__core__cortex_m.a(irq_manage.c.o)
                0x0000000000006dd4                z_irq_spurious
 .text.configure_builtin_stack_guard
                0x0000000000006ddc        0x8 H:\nrf54l15\spi_speed\.pio\build\seeed-xiao-nrf54l15\zephyr/arch/arch/arm/core/cortex_m/libarch__arm__core__cortex_m.a(thread.c.o)
                0x0000000000006ddc                configure_builtin_stack_guard
 .text.arch_irq_unlock_outlined
                0x0000000000006de4        0xe H:\nrf54l15\spi_speed\.pio\build\seeed-xiao-nrf54l15\zephyr/arch/arch/arm/core/cortex_m/libarch__arm__core__cortex_m.a(thread.c.o)
                0x0000000000006de4                arch_irq_unlock_outlined
 .text.arch_cpu_idle
                0x0000000000006df2       0x1a H:\nrf54l15\spi_speed\.pio\build\seeed-xiao-nrf54l15\zephyr/arch/arch/arm/core/cortex_m/libarch__arm__core__cortex_m.a(cpu_idle.c.o)
                0x0000000000006df2                arch_cpu_idle
 .text.arch_cpu_atomic_idle
                0x0000000000006e0c       0x1e H:\nrf54l15\spi_speed\.pio\build\seeed-xiao-nrf54l15\zephyr/arch/arch/arm/core/cortex_m/libarch__arm__core__cortex_m.a(cpu_idle.c.o)
                0x0000000000006e0c                arch_cpu_atomic_idle
 .text.arm_cmse_mpu_region_get
                0x0000000000006e2a       0x12 H:\nrf54l15\spi_speed\.pio\build\seeed-xiao-nrf54l15\zephyr/arch/arch/arm/core/cortex_m/cmse/libarch__arm__core__cortex_m__cmse.a(arm_core_cmse.c.o)
                0x0000000000006e2a                arm_cmse_mpu_region_get
 .text.z_log_msg_runtime_create.constprop.4
                0x0000000000006e3c       0x20 H:\nrf54l15\spi_speed\.pio\build\seeed-xiao-nrf54l15\zephyr/arch/arch/arm/core/mpu/libarch__arm__core__mpu.a(arm_mpu.c.o)
 .text.mpu_configure_region
                0x0000000000006e5c       0x36 H:\nrf54l15\spi_speed\.pio\build\seeed-xiao-nrf54l15\zephyr/arch/arch/arm/core/mpu/libarch__arm__core__mpu.a(arm_mpu.c.o)
 .text.cbputc   0x0000000000006e92        0xc H:\nrf54l15\spi_speed\.pio\build\seeed-xiao-nrf54l15\zephyr/lib/libc/picolibc/liblib__libc__picolibc.a(cbprintf.c.o)
 .text.picolibc_put
                0x0000000000006e9e        0xa H:\nrf54l15\spi_speed\.pio\build\seeed-xiao-nrf54l15\zephyr/lib/libc/picolibc/liblib__libc__picolibc.a(stdio.c.o)
 .text.get_status
                0x0000000000006ea8       0x12 H:\nrf54l15\spi_speed\.pio\build\seeed-xiao-nrf54l15\zephyr/drivers/clock_control/libdrivers__clock_control.a(clock_control_nrf.c.o)
 .text.stop     0x0000000000006eba       0x52 H:\nrf54l15\spi_speed\.pio\build\seeed-xiao-nrf54l15\zephyr/drivers/clock_control/libdrivers__clock_control.a(clock_control_nrf.c.o)
 .text.api_stop
                0x0000000000006f0c        0x6 H:\nrf54l15\spi_speed\.pio\build\seeed-xiao-nrf54l15\zephyr/drivers/clock_control/libdrivers__clock_control.a(clock_control_nrf.c.o)
 .text.onoff_started_callback
                0x0000000000006f12       0x12 H:\nrf54l15\spi_speed\.pio\build\seeed-xiao-nrf54l15\zephyr/drivers/clock_control/libdrivers__clock_control.a(clock_control_nrf.c.o)
 .text.lfclk_start
                0x0000000000006f24        0x6 H:\nrf54l15\spi_speed\.pio\build\seeed-xiao-nrf54l15\zephyr/drivers/clock_control/libdrivers__clock_control.a(clock_control_nrf.c.o)
 .text.lfclk_stop
                0x0000000000006f2a        0x6 H:\nrf54l15\spi_speed\.pio\build\seeed-xiao-nrf54l15\zephyr/drivers/clock_control/libdrivers__clock_control.a(clock_control_nrf.c.o)
 .text.blocking_start_callback
                0x0000000000006f30        0x6 H:\nrf54l15\spi_speed\.pio\build\seeed-xiao-nrf54l15\zephyr/drivers/clock_control/libdrivers__clock_control.a(clock_control_nrf.c.o)
 .text.clock_event_handler
                0x0000000000006f36       0x14 H:\nrf54l15\spi_speed\.pio\build\seeed-xiao-nrf54l15\zephyr/drivers/clock_control/libdrivers__clock_control.a(clock_control_nrf.c.o)
 .text.api_start
                0x0000000000006f4a       0x5c H:\nrf54l15\spi_speed\.pio\build\seeed-xiao-nrf54l15\zephyr/drivers/clock_control/libdrivers__clock_control.a(clock_control_nrf.c.o)
 .text.gpio_nrfx_port_get_raw
                0x0000000000006fa6        0xc H:\nrf54l15\spi_speed\.pio\build\seeed-xiao-nrf54l15\zephyr/drivers/gpio/libdrivers__gpio.a(gpio_nrfx.c.o)
 .text.gpio_nrfx_port_set_masked_raw
                0x0000000000006fb2       0x14 H:\nrf54l15\spi_speed\.pio\build\seeed-xiao-nrf54l15\zephyr/drivers/gpio/libdrivers__gpio.a(gpio_nrfx.c.o)
 .text.gpio_nrfx_port_set_bits_raw
                0x0000000000006fc6        0xa H:\nrf54l15\spi_speed\.pio\build\seeed-xiao-nrf54l15\zephyr/drivers/gpio/libdrivers__gpio.a(gpio_nrfx.c.o)
 .text.gpio_nrfx_port_clear_bits_raw
                0x0000000000006fd0        0xa H:\nrf54l15\spi_speed\.pio\build\seeed-xiao-nrf54l15\zephyr/drivers/gpio/libdrivers__gpio.a(gpio_nrfx.c.o)
 .text.gpio_nrfx_port_toggle_bits
                0x0000000000006fda       0x14 H:\nrf54l15\spi_speed\.pio\build\seeed-xiao-nrf54l15\zephyr/drivers/gpio/libdrivers__gpio.a(gpio_nrfx.c.o)
 .text.gpio_nrfx_manage_callback
                0x0000000000006fee       0x58 H:\nrf54l15\spi_speed\.pio\build\seeed-xiao-nrf54l15\zephyr/drivers/gpio/libdrivers__gpio.a(gpio_nrfx.c.o)
 .text.gpio_nrfx_pm_hook
                0x0000000000007046        0xc H:\nrf54l15\spi_speed\.pio\build\seeed-xiao-nrf54l15\zephyr/drivers/gpio/libdrivers__gpio.a(gpio_nrfx.c.o)
 .text.z_log_msg_runtime_create.constprop.1
                0x0000000000007052       0x20 H:\nrf54l15\spi_speed\.pio\build\seeed-xiao-nrf54l15\zephyr/drivers/gpio/libdrivers__gpio.a(gpio_hogs.c.o)
 .text.pinctrl_lookup_state
                0x0000000000007072       0x28 H:\nrf54l15\spi_speed\.pio\build\seeed-xiao-nrf54l15\zephyr/drivers/pinctrl/libdrivers__pinctrl.a(common.c.o)
                0x0000000000007072                pinctrl_lookup_state
 .text.regulator_delay
                0x000000000000709a       0x18 H:\nrf54l15\spi_speed\.pio\build\seeed-xiao-nrf54l15\zephyr/drivers/regulator/libdrivers__regulator.a(regulator_common.c.o)
 .text.regulator_common_data_init
                0x00000000000070b2       0x10 H:\nrf54l15\spi_speed\.pio\build\seeed-xiao-nrf54l15\zephyr/drivers/regulator/libdrivers__regulator.a(regulator_common.c.o)
                0x00000000000070b2                regulator_common_data_init
 .text.regulator_disable
                0x00000000000070c2       0x54 H:\nrf54l15\spi_speed\.pio\build\seeed-xiao-nrf54l15\zephyr/drivers/regulator/libdrivers__regulator.a(regulator_common.c.o)
                0x00000000000070c2                regulator_disable
 .text.regulator_set_voltage
                0x0000000000007116       0x28 H:\nrf54l15\spi_speed\.pio\build\seeed-xiao-nrf54l15\zephyr/drivers/regulator/libdrivers__regulator.a(regulator_common.c.o)
                0x0000000000007116                regulator_set_voltage
 .text.regulator_set_current_limit
                0x000000000000713e       0x28 H:\nrf54l15\spi_speed\.pio\build\seeed-xiao-nrf54l15\zephyr/drivers/regulator/libdrivers__regulator.a(regulator_common.c.o)
                0x000000000000713e                regulator_set_current_limit
 .text.regulator_set_mode
                0x0000000000007166       0x3e H:\nrf54l15\spi_speed\.pio\build\seeed-xiao-nrf54l15\zephyr/drivers/regulator/libdrivers__regulator.a(regulator_common.c.o)
                0x0000000000007166                regulator_set_mode
 .text.regulator_common_init
                0x00000000000071a4       0xf4 H:\nrf54l15\spi_speed\.pio\build\seeed-xiao-nrf54l15\zephyr/drivers/regulator/libdrivers__regulator.a(regulator_common.c.o)
                0x00000000000071a4                regulator_common_init
 .text.gpio_pin_set_raw
                0x0000000000007298       0x18 H:\nrf54l15\spi_speed\.pio\build\seeed-xiao-nrf54l15\zephyr/drivers/regulator/libdrivers__regulator.a(regulator_fixed.c.o)
 .text.regulator_fixed_enable
                0x00000000000072b0       0x2c H:\nrf54l15\spi_speed\.pio\build\seeed-xiao-nrf54l15\zephyr/drivers/regulator/libdrivers__regulator.a(regulator_fixed.c.o)
 .text.regulator_fixed_count_voltages
                0x00000000000072dc        0xe H:\nrf54l15\spi_speed\.pio\build\seeed-xiao-nrf54l15\zephyr/drivers/regulator/libdrivers__regulator.a(regulator_fixed.c.o)
 .text.regulator_fixed_list_voltage
                0x00000000000072ea       0x18 H:\nrf54l15\spi_speed\.pio\build\seeed-xiao-nrf54l15\zephyr/drivers/regulator/libdrivers__regulator.a(regulator_fixed.c.o)
 .text.regulator_fixed_disable
                0x0000000000007302       0x24 H:\nrf54l15\spi_speed\.pio\build\seeed-xiao-nrf54l15\zephyr/drivers/regulator/libdrivers__regulator.a(regulator_fixed.c.o)
 .text.uarte_nrfx_isr_int
                0x0000000000007326        0xa H:\nrf54l15\spi_speed\.pio\build\seeed-xiao-nrf54l15\zephyr/drivers/serial/libdrivers__serial.a(uart_nrfx_uarte.c.o)
 .text.uarte_nrfx_err_check
                0x0000000000007330        0xe H:\nrf54l15\spi_speed\.pio\build\seeed-xiao-nrf54l15\zephyr/drivers/serial/libdrivers__serial.a(uart_nrfx_uarte.c.o)
 .text.uarte_nrfx_poll_in
                0x000000000000733e       0x26 H:\nrf54l15\spi_speed\.pio\build\seeed-xiao-nrf54l15\zephyr/drivers/serial/libdrivers__serial.a(uart_nrfx_uarte.c.o)
 .text.pinctrl_apply_state
                0x0000000000007364       0x1e H:\nrf54l15\spi_speed\.pio\build\seeed-xiao-nrf54l15\zephyr/drivers/serial/libdrivers__serial.a(uart_nrfx_uarte.c.o)
 .text.uarte_nrfx_pm_action
                0x0000000000007382       0xa4 H:\nrf54l15\spi_speed\.pio\build\seeed-xiao-nrf54l15\zephyr/drivers/serial/libdrivers__serial.a(uart_nrfx_uarte.c.o)
 .text.uarte_20_init
                0x0000000000007426       0x1e H:\nrf54l15\spi_speed\.pio\build\seeed-xiao-nrf54l15\zephyr/drivers/serial/libdrivers__serial.a(uart_nrfx_uarte.c.o)
 .text.uarte_21_init
                0x0000000000007444       0x1e H:\nrf54l15\spi_speed\.pio\build\seeed-xiao-nrf54l15\zephyr/drivers/serial/libdrivers__serial.a(uart_nrfx_uarte.c.o)
 .text.gpio_pin_set_dt
                0x0000000000007462       0x28 H:\nrf54l15\spi_speed\.pio\build\seeed-xiao-nrf54l15\zephyr/drivers/spi/libdrivers__spi.a(spi_nrfx_spim.c.o)
 .text.spi_nrfx_deinit
                0x000000000000748a       0x22 H:\nrf54l15\spi_speed\.pio\build\seeed-xiao-nrf54l15\zephyr/drivers/spi/libdrivers__spi.a(spi_nrfx_spim.c.o)
 .text.irq_connect00
                0x00000000000074ac        0xa H:\nrf54l15\spi_speed\.pio\build\seeed-xiao-nrf54l15\zephyr/drivers/spi/libdrivers__spi.a(spi_nrfx_spim.c.o)
 .text.pinctrl_apply_state
                0x00000000000074b6       0x1e H:\nrf54l15\spi_speed\.pio\build\seeed-xiao-nrf54l15\zephyr/drivers/spi/libdrivers__spi.a(spi_nrfx_spim.c.o)
 .text.spi_context_get_next_buf.constprop.20
                0x00000000000074d4       0x26 H:\nrf54l15\spi_speed\.pio\build\seeed-xiao-nrf54l15\zephyr/drivers/spi/libdrivers__spi.a(spi_nrfx_spim.c.o)
 .text.z_log_msg_runtime_create.constprop.23
                0x00000000000074fa       0x1e H:\nrf54l15\spi_speed\.pio\build\seeed-xiao-nrf54l15\zephyr/drivers/spi/libdrivers__spi.a(spi_nrfx_spim.c.o)
 .text.spim_nrfx_pm_action
                0x0000000000007518       0x38 H:\nrf54l15\spi_speed\.pio\build\seeed-xiao-nrf54l15\zephyr/drivers/spi/libdrivers__spi.a(spi_nrfx_spim.c.o)
 .text._spi_context_cs_control.isra.11
                0x0000000000007550       0x40 H:\nrf54l15\spi_speed\.pio\build\seeed-xiao-nrf54l15\zephyr/drivers/spi/libdrivers__spi.a(spi_nrfx_spim.c.o)
 .text.spi_context_unlock_unconditionally
                0x0000000000007590       0x20 H:\nrf54l15\spi_speed\.pio\build\seeed-xiao-nrf54l15\zephyr/drivers/spi/libdrivers__spi.a(spi_nrfx_spim.c.o)
 .text.spi_nrfx_release
                0x00000000000075b0       0x24 H:\nrf54l15\spi_speed\.pio\build\seeed-xiao-nrf54l15\zephyr/drivers/spi/libdrivers__spi.a(spi_nrfx_spim.c.o)
 .text.finish_transaction
                0x00000000000075d4       0x22 H:\nrf54l15\spi_speed\.pio\build\seeed-xiao-nrf54l15\zephyr/drivers/spi/libdrivers__spi.a(spi_nrfx_spim.c.o)
 .text.counter  0x00000000000075f6       0x12 H:\nrf54l15\spi_speed\.pio\build\seeed-xiao-nrf54l15\zephyr/drivers/timer/libdrivers__timer.a(nrf_grtc_timer.c.o)
 .text.sys_clock_cycle_get_32
                0x0000000000007608       0x1e H:\nrf54l15\spi_speed\.pio\build\seeed-xiao-nrf54l15\zephyr/drivers/timer/libdrivers__timer.a(nrf_grtc_timer.c.o)
                0x0000000000007608                sys_clock_cycle_get_32
 .text.nrfx_isr
                0x0000000000007626        0x2 H:\nrf54l15\spi_speed\.pio\build\seeed-xiao-nrf54l15\modules/hal_nordic/nrfx/libmodules__hal_nordic__nrfx.a(nrfx_glue.c.o)
                0x0000000000007626                nrfx_isr
 .text.nrfx_busy_wait
                0x0000000000007628        0x4 H:\nrf54l15\spi_speed\.pio\build\seeed-xiao-nrf54l15\modules/hal_nordic/nrfx/libmodules__hal_nordic__nrfx.a(nrfx_glue.c.o)
                0x0000000000007628                nrfx_busy_wait
 .text.nrfx_clock_stop
                0x000000000000762c        0x4 H:\nrf54l15\spi_speed\.pio\build\seeed-xiao-nrf54l15\modules/hal_nordic/nrfx/libmodules__hal_nordic__nrfx.a(nrfx_clock.c.o)
                0x000000000000762c                nrfx_clock_stop
 .text.nrf_gpio_reconfigure
                0x0000000000007630       0x90 H:\nrf54l15\spi_speed\.pio\build\seeed-xiao-nrf54l15\modules/hal_nordic/nrfx/libmodules__hal_nordic__nrfx.a(nrfx_gpiote.c.o)
 .text.nrf_gpio_cfg_sense_set
                0x00000000000076c0       0x1e H:\nrf54l15\spi_speed\.pio\build\seeed-xiao-nrf54l15\modules/hal_nordic/nrfx/libmodules__hal_nordic__nrfx.a(nrfx_gpiote.c.o)
 .text.call_handler
                0x00000000000076de       0x3e H:\nrf54l15\spi_speed\.pio\build\seeed-xiao-nrf54l15\modules/hal_nordic/nrfx/libmodules__hal_nordic__nrfx.a(nrfx_gpiote.c.o)
 .text.pin_in_event_get
                0x000000000000771c       0x24 H:\nrf54l15\spi_speed\.pio\build\seeed-xiao-nrf54l15\modules/hal_nordic/nrfx/libmodules__hal_nordic__nrfx.a(nrfx_gpiote.c.o)
 .text.__nrfy_internal_gpiote_events_process
                0x0000000000007740       0x4e H:\nrf54l15\spi_speed\.pio\build\seeed-xiao-nrf54l15\modules/hal_nordic/nrfx/libmodules__hal_nordic__nrfx.a(nrfx_gpiote.c.o)
 .text.pin_trigger_disable
                0x000000000000778e       0x4a H:\nrf54l15\spi_speed\.pio\build\seeed-xiao-nrf54l15\modules/hal_nordic/nrfx/libmodules__hal_nordic__nrfx.a(nrfx_gpiote.c.o)
 .text.nrfx_gpiote_pin_uninit
                0x00000000000077d8        0x4 H:\nrf54l15\spi_speed\.pio\build\seeed-xiao-nrf54l15\modules/hal_nordic/nrfx/libmodules__hal_nordic__nrfx.a(nrfx_gpiote.c.o)
                0x00000000000077d8                nrfx_gpiote_pin_uninit
 .text.nrfx_gpiote_trigger_disable
                0x00000000000077dc        0x4 H:\nrf54l15\spi_speed\.pio\build\seeed-xiao-nrf54l15\modules/hal_nordic/nrfx/libmodules__hal_nordic__nrfx.a(nrfx_gpiote.c.o)
                0x00000000000077dc                nrfx_gpiote_trigger_disable
 .text.nrfx_gpiote_in_event_get
                0x00000000000077e0        0x4 H:\nrf54l15\spi_speed\.pio\build\seeed-xiao-nrf54l15\modules/hal_nordic/nrfx/libmodules__hal_nordic__nrfx.a(nrfx_gpiote.c.o)
                0x00000000000077e0                nrfx_gpiote_in_event_get
 .text.nrfx_power_clock_irq_handler
                0x00000000000077e4        0xe H:\nrf54l15\spi_speed\.pio\build\seeed-xiao-nrf54l15\modules/hal_nordic/nrfx/libmodules__hal_nordic__nrfx.a(nrfx_power.c.o)
                0x00000000000077e4                nrfx_power_clock_irq_handler
 .text.__nrfy_internal_spim_event_handle
                0x00000000000077f2       0x2a H:\nrf54l15\spi_speed\.pio\build\seeed-xiao-nrf54l15\modules/hal_nordic/nrfx/libmodules__hal_nordic__nrfx.a(nrfx_spim.c.o)
 .text.__nrfy_internal_spim_events_process
                0x000000000000781c       0x80 H:\nrf54l15\spi_speed\.pio\build\seeed-xiao-nrf54l15\modules/hal_nordic/nrfx/libmodules__hal_nordic__nrfx.a(nrfx_spim.c.o)
 .text.nrf_gpio_pin_set
                0x000000000000789c       0x18 H:\nrf54l15\spi_speed\.pio\build\seeed-xiao-nrf54l15\modules/hal_nordic/nrfx/libmodules__hal_nordic__nrfx.a(nrfx_spim.c.o)
 .text.nrf_gpio_pin_clear
                0x00000000000078b4       0x18 H:\nrf54l15\spi_speed\.pio\build\seeed-xiao-nrf54l15\modules/hal_nordic/nrfx/libmodules__hal_nordic__nrfx.a(nrfx_spim.c.o)
 .text.spim_abort
                0x00000000000078cc       0x2c H:\nrf54l15\spi_speed\.pio\build\seeed-xiao-nrf54l15\modules/hal_nordic/nrfx/libmodules__hal_nordic__nrfx.a(nrfx_spim.c.o)
 .text._OffsetAbsSyms
                0x00000000000078f8        0x2 H:\nrf54l15\spi_speed\.pio\build\seeed-xiao-nrf54l15\zephyr\liboffsets.a(offsets.c.o)
                0x00000000000078f8                _OffsetAbsSyms
 .text.z_impl_k_busy_wait
                0x00000000000078fa        0x8 H:\nrf54l15\spi_speed\.pio\build\seeed-xiao-nrf54l15\zephyr/kernel/libkernel.a(busy_wait.c.o)
                0x00000000000078fa                z_impl_k_busy_wait
 .text.z_device_state_init
                0x0000000000007902        0x2 H:\nrf54l15\spi_speed\.pio\build\seeed-xiao-nrf54l15\zephyr/kernel/libkernel.a(device.c.o)
                0x0000000000007902                z_device_state_init
 .text.z_impl_device_is_ready
                0x0000000000007904       0x16 H:\nrf54l15\spi_speed\.pio\build\seeed-xiao-nrf54l15\zephyr/kernel/libkernel.a(device.c.o)
                0x0000000000007904                z_impl_device_is_ready
 .text.z_log_msg_runtime_create.constprop.1
                0x000000000000791a       0x20 H:\nrf54l15\spi_speed\.pio\build\seeed-xiao-nrf54l15\zephyr/kernel/libkernel.a(fatal.c.o)
 .text.arch_system_halt
                0x000000000000793a       0x10 H:\nrf54l15\spi_speed\.pio\build\seeed-xiao-nrf54l15\zephyr/kernel/libkernel.a(fatal.c.o)
                0x000000000000793a                arch_system_halt
 .text.do_device_init
                0x000000000000794a       0x2e H:\nrf54l15\spi_speed\.pio\build\seeed-xiao-nrf54l15\zephyr/kernel/libkernel.a(init.c.o)
 .text.z_early_memset
                0x0000000000007978        0x4 H:\nrf54l15\spi_speed\.pio\build\seeed-xiao-nrf54l15\zephyr/kernel/libkernel.a(init.c.o)
                0x0000000000007978                z_early_memset
 .text.z_early_memcpy
                0x000000000000797c        0x4 H:\nrf54l15\spi_speed\.pio\build\seeed-xiao-nrf54l15\zephyr/kernel/libkernel.a(init.c.o)
                0x000000000000797c                z_early_memcpy
 .text.idle     0x0000000000007980       0x16 H:\nrf54l15\spi_speed\.pio\build\seeed-xiao-nrf54l15\zephyr/kernel/libkernel.a(idle.c.o)
                0x0000000000007980                idle
 .text.z_impl_k_mutex_init
                0x0000000000007996        0xe H:\nrf54l15\spi_speed\.pio\build\seeed-xiao-nrf54l15\zephyr/kernel/libkernel.a(mutex.c.o)
                0x0000000000007996                z_impl_k_mutex_init
 .text.k_is_in_isr
                0x00000000000079a4        0xc H:\nrf54l15\spi_speed\.pio\build\seeed-xiao-nrf54l15\zephyr/kernel/libkernel.a(thread.c.o)
                0x00000000000079a4                k_is_in_isr
 .text.k_thread_name_get
                0x00000000000079b0        0x4 H:\nrf54l15\spi_speed\.pio\build\seeed-xiao-nrf54l15\zephyr/kernel/libkernel.a(thread.c.o)
                0x00000000000079b0                k_thread_name_get
 .text.sys_dlist_remove
                0x00000000000079b4       0x10 H:\nrf54l15\spi_speed\.pio\build\seeed-xiao-nrf54l15\zephyr/kernel/libkernel.a(sched.c.o)
 .text.unpend_thread_no_timeout
                0x00000000000079c4       0x14 H:\nrf54l15\spi_speed\.pio\build\seeed-xiao-nrf54l15\zephyr/kernel/libkernel.a(sched.c.o)
 .text.add_to_waitq_locked
                0x00000000000079d8       0x54 H:\nrf54l15\spi_speed\.pio\build\seeed-xiao-nrf54l15\zephyr/kernel/libkernel.a(sched.c.o)
 .text.z_ready_thread
                0x0000000000007a2c       0x1e H:\nrf54l15\spi_speed\.pio\build\seeed-xiao-nrf54l15\zephyr/kernel/libkernel.a(sched.c.o)
                0x0000000000007a2c                z_ready_thread
 .text.z_sched_wake_thread
                0x0000000000007a4a       0x3a H:\nrf54l15\spi_speed\.pio\build\seeed-xiao-nrf54l15\zephyr/kernel/libkernel.a(sched.c.o)
                0x0000000000007a4a                z_sched_wake_thread
 .text.z_thread_timeout
                0x0000000000007a84        0x8 H:\nrf54l15\spi_speed\.pio\build\seeed-xiao-nrf54l15\zephyr/kernel/libkernel.a(sched.c.o)
                0x0000000000007a84                z_thread_timeout
 .text.next_timeout
                0x0000000000007a8c       0x38 H:\nrf54l15\spi_speed\.pio\build\seeed-xiao-nrf54l15\zephyr/kernel/libkernel.a(timeout.c.o)
 .text.z_abort_timeout
                0x0000000000007ac4       0x50 H:\nrf54l15\spi_speed\.pio\build\seeed-xiao-nrf54l15\zephyr/kernel/libkernel.a(timeout.c.o)
                0x0000000000007ac4                z_abort_timeout
 .text.sys_clock_tick_get_32
                0x0000000000007b14        0x8 H:\nrf54l15\spi_speed\.pio\build\seeed-xiao-nrf54l15\zephyr/kernel/libkernel.a(timeout.c.o)
                0x0000000000007b14                sys_clock_tick_get_32
 .text.memcpy   0x0000000000007b1c       0x1c H:\nrf54l15\spi_speed\.pio\build\seeed-xiao-nrf54l15\modules\picolibc\libc.a(memcpy.c.o)
                0x0000000000007b1c                __aeabi_memcpy
                0x0000000000007b1c                __aeabi_memcpy4
                0x0000000000007b1c                __aeabi_memcpy8
                0x0000000000007b1c                memcpy
 .text.memset   0x0000000000007b38       0x10 H:\nrf54l15\spi_speed\.pio\build\seeed-xiao-nrf54l15\modules\picolibc\libc.a(memset.c.o)
                0x0000000000007b38                memset
 .text.memcmp   0x0000000000007b48       0x1c H:\nrf54l15\spi_speed\.pio\build\seeed-xiao-nrf54l15\modules\picolibc\libc.a(memcmp.c.o)
                0x0000000000007b48                memcmp
 .text.strnlen  0x0000000000007b64       0x18 H:\nrf54l15\spi_speed\.pio\build\seeed-xiao-nrf54l15\modules\picolibc\libc.a(strnlen.c.o)
                0x0000000000007b64                strnlen
 .text.__ultoa_invert
                0x0000000000007b7c       0xe0 H:\nrf54l15\spi_speed\.pio\build\seeed-xiao-nrf54l15\modules\picolibc\libc.a(vflprintf.c.o)
 .text.skip_to_arg
                0x0000000000007c5c      0x11c H:\nrf54l15\spi_speed\.pio\build\seeed-xiao-nrf54l15\modules\picolibc\libc.a(vflprintf.c.o)
 *(SORT_BY_ALIGNMENT(.TEXT.*))
 *(SORT_BY_ALIGNMENT(.gnu.linkonce.t.*))
 *(SORT_BY_ALIGNMENT(.glue_7t))
 .glue_7t       0x0000000000007d78        0x0 linker stubs
 *(SORT_BY_ALIGNMENT(.glue_7))
 .glue_7        0x0000000000007d78        0x0 linker stubs
 *(SORT_BY_ALIGNMENT(.vfp11_veneer))
 .vfp11_veneer  0x0000000000007d78        0x0 linker stubs
 *(SORT_BY_ALIGNMENT(.v4_bx))
 .v4_bx         0x0000000000007d78        0x0 linker stubs
                0x0000000000007d78                . = ALIGN (0x4)
                0x0000000000007d78                __text_region_end = .

.ARM.exidx      0x0000000000007d78        0x8
                0x0000000000007d78                __exidx_start = .
 *(SORT_BY_ALIGNMENT(.ARM.exidx*) SORT_BY_ALIGNMENT(gnu.linkonce.armexidx.*))
 .ARM.exidx.text.__udivmoddi4
                0x0000000000007d78        0x8 c:/users/33846/.platformio/packages/toolchain-gccarmnoneeabi@1.80201.181220/bin/../lib/gcc/arm-none-eabi/8.2.1/thumb/v8-m.main/nofp\libgcc.a(_udivmoddi4.o)
                0x0000000000007d80                __exidx_end = .
                0x0000000000007d80                __rodata_region_start = .

initlevel       0x0000000000007d80       0x88
                0x0000000000007d80                __init_start = .
                0x0000000000007d80                __init_EARLY_start = .
 *(SORT_BY_NAME(SORT_BY_ALIGNMENT(.z_init_EARLY_P_?_*)))
 *(SORT_BY_NAME(SORT_BY_ALIGNMENT(.z_init_EARLY_P_??_*)))
 *(SORT_BY_NAME(SORT_BY_ALIGNMENT(.z_init_EARLY_P_???_*)))
                0x0000000000007d80                __init_PRE_KERNEL_1_start = .
 *(SORT_BY_NAME(SORT_BY_ALIGNMENT(.z_init_PRE_KERNEL_1_P_?_*)))
 .z_init_PRE_KERNEL_1_P_0_SUB_0_
                0x0000000000007d80        0x8 H:\nrf54l15\spi_speed\.pio\build\seeed-xiao-nrf54l15\zephyr/soc/soc/nrf54l15/libsoc__nordic.a(soc.c.o)
 *(SORT_BY_NAME(SORT_BY_ALIGNMENT(.z_init_PRE_KERNEL_1_P_??_*)))
 .z_init_PRE_KERNEL_1_P_30_SUB_00063_
                0x0000000000007d88        0x8 H:\nrf54l15\spi_speed\.pio\build\seeed-xiao-nrf54l15\zephyr/drivers/clock_control/libdrivers__clock_control.a(clock_control_nrf.c.o)
 .z_init_PRE_KERNEL_1_P_40_SUB_00010_
                0x0000000000007d90        0x8 H:\nrf54l15\spi_speed\.pio\build\seeed-xiao-nrf54l15\zephyr/drivers/gpio/libdrivers__gpio.a(gpio_nrfx.c.o)
 .z_init_PRE_KERNEL_1_P_40_SUB_00013_
                0x0000000000007d98        0x8 H:\nrf54l15\spi_speed\.pio\build\seeed-xiao-nrf54l15\zephyr/drivers/gpio/libdrivers__gpio.a(gpio_nrfx.c.o)
 .z_init_PRE_KERNEL_1_P_40_SUB_00018_
                0x0000000000007da0        0x8 H:\nrf54l15\spi_speed\.pio\build\seeed-xiao-nrf54l15\zephyr/drivers/gpio/libdrivers__gpio.a(gpio_nrfx.c.o)
 .z_init_PRE_KERNEL_1_P_50_SUB_00109_
                0x0000000000007da8        0x8 H:\nrf54l15\spi_speed\.pio\build\seeed-xiao-nrf54l15\zephyr/drivers/serial/libdrivers__serial.a(uart_nrfx_uarte.c.o)
 .z_init_PRE_KERNEL_1_P_50_SUB_00110_
                0x0000000000007db0        0x8 H:\nrf54l15\spi_speed\.pio\build\seeed-xiao-nrf54l15\zephyr/drivers/serial/libdrivers__serial.a(uart_nrfx_uarte.c.o)
 .z_init_PRE_KERNEL_1_P_60_SUB_0_
                0x0000000000007db8        0x8 H:\nrf54l15\spi_speed\.pio\build\seeed-xiao-nrf54l15\zephyr/drivers/console/libdrivers__console.a(uart_console.c.o)
 *(SORT_BY_NAME(SORT_BY_ALIGNMENT(.z_init_PRE_KERNEL_1_P_???_*)))
                0x0000000000007dc0                __init_PRE_KERNEL_2_start = .
 *(SORT_BY_NAME(SORT_BY_ALIGNMENT(.z_init_PRE_KERNEL_2_P_?_*)))
 .z_init_PRE_KERNEL_2_P_0_SUB_0_
                0x0000000000007dc0        0x8 H:\nrf54l15\spi_speed\.pio\build\seeed-xiao-nrf54l15\zephyr/drivers/timer/libdrivers__timer.a(nrf_grtc_timer.c.o)
 *(SORT_BY_NAME(SORT_BY_ALIGNMENT(.z_init_PRE_KERNEL_2_P_??_*)))
 *(SORT_BY_NAME(SORT_BY_ALIGNMENT(.z_init_PRE_KERNEL_2_P_???_*)))
                0x0000000000007dc8                __init_POST_KERNEL_start = .
 *(SORT_BY_NAME(SORT_BY_ALIGNMENT(.z_init_POST_KERNEL_P_?_*)))
 .z_init_POST_KERNEL_P_0_SUB_0_
                0x0000000000007dc8        0x8 H:\nrf54l15\spi_speed\.pio\build\seeed-xiao-nrf54l15\zephyr/libzephyr.a(log_core.c.o)
 *(SORT_BY_NAME(SORT_BY_ALIGNMENT(.z_init_POST_KERNEL_P_??_*)))
 .z_init_POST_KERNEL_P_35_SUB_0_
                0x0000000000007dd0        0x8 H:\nrf54l15\spi_speed\.pio\build\seeed-xiao-nrf54l15\zephyr/lib/libc/common/liblib__libc__common.a(malloc.c.o)
 .z_init_POST_KERNEL_P_41_SUB_0_
                0x0000000000007dd8        0x8 H:\nrf54l15\spi_speed\.pio\build\seeed-xiao-nrf54l15\zephyr/drivers/gpio/libdrivers__gpio.a(gpio_hogs.c.o)
 .z_init_POST_KERNEL_P_45_SUB_00011_
                0x0000000000007de0        0x8 H:\nrf54l15\spi_speed\.pio\build\seeed-xiao-nrf54l15\zephyr/drivers/regulator/libdrivers__regulator.a(regulator_fixed.c.o)
 .z_init_POST_KERNEL_P_45_SUB_00014_
                0x0000000000007de8        0x8 H:\nrf54l15\spi_speed\.pio\build\seeed-xiao-nrf54l15\zephyr/drivers/regulator/libdrivers__regulator.a(regulator_fixed.c.o)
 .z_init_POST_KERNEL_P_45_SUB_00015_
                0x0000000000007df0        0x8 H:\nrf54l15\spi_speed\.pio\build\seeed-xiao-nrf54l15\zephyr/drivers/regulator/libdrivers__regulator.a(regulator_fixed.c.o)
 .z_init_POST_KERNEL_P_45_SUB_00019_
                0x0000000000007df8        0x8 H:\nrf54l15\spi_speed\.pio\build\seeed-xiao-nrf54l15\zephyr/drivers/regulator/libdrivers__regulator.a(regulator_fixed.c.o)
 .z_init_POST_KERNEL_P_50_SUB_00094_
                0x0000000000007e00        0x8 H:\nrf54l15\spi_speed\.pio\build\seeed-xiao-nrf54l15\zephyr/drivers/spi/libdrivers__spi.a(spi_nrfx_spim.c.o)
 *(SORT_BY_NAME(SORT_BY_ALIGNMENT(.z_init_POST_KERNEL_P_???_*)))
                0x0000000000007e08                __init_APPLICATION_start = .
 *(SORT_BY_NAME(SORT_BY_ALIGNMENT(.z_init_APPLICATION_P_?_*)))
 *(SORT_BY_NAME(SORT_BY_ALIGNMENT(.z_init_APPLICATION_P_??_*)))
 *(SORT_BY_NAME(SORT_BY_ALIGNMENT(.z_init_APPLICATION_P_???_*)))
                0x0000000000007e08                __init_SMP_start = .
 *(SORT_BY_NAME(SORT_BY_ALIGNMENT(.z_init_SMP_P_?_*)))
 *(SORT_BY_NAME(SORT_BY_ALIGNMENT(.z_init_SMP_P_??_*)))
 *(SORT_BY_NAME(SORT_BY_ALIGNMENT(.z_init_SMP_P_???_*)))
                0x0000000000007e08                __init_end = .

device_area     0x0000000000007e08      0x18c
                0x0000000000007e08                _device_list_start = .
 *(SORT_BY_NAME(SORT_BY_ALIGNMENT(._device.static.*_?_*)))
 *(SORT_BY_NAME(SORT_BY_ALIGNMENT(._device.static.*_??_*)))
 ._device.static.1_30_
                0x0000000000007e08       0x24 H:\nrf54l15\spi_speed\.pio\build\seeed-xiao-nrf54l15\zephyr/drivers/clock_control/libdrivers__clock_control.a(clock_control_nrf.c.o)
                0x0000000000007e08                __device_dts_ord_63
 ._device.static.1_40_
                0x0000000000007e2c       0x6c H:\nrf54l15\spi_speed\.pio\build\seeed-xiao-nrf54l15\zephyr/drivers/gpio/libdrivers__gpio.a(gpio_nrfx.c.o)
                0x0000000000007e2c                __device_dts_ord_18
                0x0000000000007e50                __device_dts_ord_13
                0x0000000000007e74                __device_dts_ord_10
 ._device.static.1_50_
                0x0000000000007e98       0x48 H:\nrf54l15\spi_speed\.pio\build\seeed-xiao-nrf54l15\zephyr/drivers/serial/libdrivers__serial.a(uart_nrfx_uarte.c.o)
                0x0000000000007e98                __device_dts_ord_110
                0x0000000000007ebc                __device_dts_ord_109
 ._device.static.3_45_
                0x0000000000007ee0       0x90 H:\nrf54l15\spi_speed\.pio\build\seeed-xiao-nrf54l15\zephyr/drivers/regulator/libdrivers__regulator.a(regulator_fixed.c.o)
                0x0000000000007ee0                __device_dts_ord_19
                0x0000000000007f04                __device_dts_ord_15
                0x0000000000007f28                __device_dts_ord_14
                0x0000000000007f4c                __device_dts_ord_11
 ._device.static.3_50_
                0x0000000000007f70       0x24 H:\nrf54l15\spi_speed\.pio\build\seeed-xiao-nrf54l15\zephyr/drivers/spi/libdrivers__spi.a(spi_nrfx_spim.c.o)
                0x0000000000007f70                __device_dts_ord_94
 *(SORT_BY_NAME(SORT_BY_ALIGNMENT(._device.static.*_???_*)))
 *(SORT_BY_NAME(SORT_BY_ALIGNMENT(._device.static.*_????_*)))
 *(SORT_BY_NAME(SORT_BY_ALIGNMENT(._device.static.*_?????_*)))
                0x0000000000007f94                _device_list_end = .

sw_isr_table    0x0000000000007f94      0x878
                0x0000000000007f94                . = ALIGN (0x4)
 *(SORT_BY_ALIGNMENT(.gnu.linkonce.sw_isr_table*))
 .gnu.linkonce.sw_isr_table
                0x0000000000007f94      0x878 .pio\build\seeed-xiao-nrf54l15\zephyr_final\zephyr\isr_tables.c.o
                0x0000000000007f94                _sw_isr_table

initlevel_error
                0x0000000000007d80        0x0
 *(SORT_BY_NAME(SORT_BY_ALIGNMENT(.z_init_*)))
                0x0000000000000001                ASSERT ((SIZEOF (initlevel_error) == 0x0), Undefined initialization levels used.)

app_shmem_regions
                0x000000000000880c        0x0
                0x000000000000880c                __app_shmem_regions_start = .
 *(SORT_BY_NAME(SORT_BY_ALIGNMENT(.app_regions.*)))
                0x000000000000880c                __app_shmem_regions_end = .

k_p4wq_initparam_area
                0x000000000000880c        0x0
                0x000000000000880c                _k_p4wq_initparam_list_start = .
 *(SORT_BY_NAME(SORT_BY_ALIGNMENT(._k_p4wq_initparam.static.*)))
                0x000000000000880c                _k_p4wq_initparam_list_end = .

_static_thread_data_area
                0x000000000000880c        0x0
                0x000000000000880c                __static_thread_data_list_start = .
 *(SORT_BY_NAME(SORT_BY_ALIGNMENT(.__static_thread_data.static.*)))
                0x000000000000880c                __static_thread_data_list_end = .

device_deps     0x000000000000880c        0x0
                0x000000000000880c                __device_deps_start = .
 *(SORT_BY_NAME(SORT_BY_ALIGNMENT(.__device_deps_pass2*)))
                0x000000000000880c                __device_deps_end = .

gpio_driver_api_area
                0x000000000000880c       0x24
                0x000000000000880c                _gpio_driver_api_list_start = .
 *(SORT_BY_NAME(SORT_BY_ALIGNMENT(._gpio_driver_api.static.*)))
 ._gpio_driver_api.static.gpio_nrfx_drv_api_funcs_
                0x000000000000880c       0x24 H:\nrf54l15\spi_speed\.pio\build\seeed-xiao-nrf54l15\zephyr/drivers/gpio/libdrivers__gpio.a(gpio_nrfx.c.o)
                0x0000000000008830                _gpio_driver_api_list_end = .

spi_driver_api_area
                0x0000000000008830        0x8
                0x0000000000008830                _spi_driver_api_list_start = .
 *(SORT_BY_NAME(SORT_BY_ALIGNMENT(._spi_driver_api.static.*)))
 ._spi_driver_api.static.spi_nrfx_driver_api_
                0x0000000000008830        0x8 H:\nrf54l15\spi_speed\.pio\build\seeed-xiao-nrf54l15\zephyr/drivers/spi/libdrivers__spi.a(spi_nrfx_spim.c.o)
                0x0000000000008838                _spi_driver_api_list_end = .

shared_irq_driver_api_area
                0x0000000000008838        0x0
                0x0000000000008838                _shared_irq_driver_api_list_start = .
 *(SORT_BY_NAME(SORT_BY_ALIGNMENT(._shared_irq_driver_api.static.*)))
                0x0000000000008838                _shared_irq_driver_api_list_end = .

crypto_driver_api_area
                0x0000000000008838        0x0
                0x0000000000008838                _crypto_driver_api_list_start = .
 *(SORT_BY_NAME(SORT_BY_ALIGNMENT(._crypto_driver_api.static.*)))
                0x0000000000008838                _crypto_driver_api_list_end = .

adc_driver_api_area
                0x0000000000008838        0x0
                0x0000000000008838                _adc_driver_api_list_start = .
 *(SORT_BY_NAME(SORT_BY_ALIGNMENT(._adc_driver_api.static.*)))
                0x0000000000008838                _adc_driver_api_list_end = .

auxdisplay_driver_api_area
                0x0000000000008838        0x0
                0x0000000000008838                _auxdisplay_driver_api_list_start = .
 *(SORT_BY_NAME(SORT_BY_ALIGNMENT(._auxdisplay_driver_api.static.*)))
                0x0000000000008838                _auxdisplay_driver_api_list_end = .

bbram_driver_api_area
                0x0000000000008838        0x0
                0x0000000000008838                _bbram_driver_api_list_start = .
 *(SORT_BY_NAME(SORT_BY_ALIGNMENT(._bbram_driver_api.static.*)))
                0x0000000000008838                _bbram_driver_api_list_end = .

bt_hci_driver_api_area
                0x0000000000008838        0x0
                0x0000000000008838                _bt_hci_driver_api_list_start = .
 *(SORT_BY_NAME(SORT_BY_ALIGNMENT(._bt_hci_driver_api.static.*)))
                0x0000000000008838                _bt_hci_driver_api_list_end = .

can_driver_api_area
                0x0000000000008838        0x0
                0x0000000000008838                _can_driver_api_list_start = .
 *(SORT_BY_NAME(SORT_BY_ALIGNMENT(._can_driver_api.static.*)))
                0x0000000000008838                _can_driver_api_list_end = .

cellular_driver_api_area
                0x0000000000008838        0x0
                0x0000000000008838                _cellular_driver_api_list_start = .
 *(SORT_BY_NAME(SORT_BY_ALIGNMENT(._cellular_driver_api.static.*)))
                0x0000000000008838                _cellular_driver_api_list_end = .

charger_driver_api_area
                0x0000000000008838        0x0
                0x0000000000008838                _charger_driver_api_list_start = .
 *(SORT_BY_NAME(SORT_BY_ALIGNMENT(._charger_driver_api.static.*)))
                0x0000000000008838                _charger_driver_api_list_end = .

clock_control_driver_api_area
                0x0000000000008838       0x1c
                0x0000000000008838                _clock_control_driver_api_list_start = .
 *(SORT_BY_NAME(SORT_BY_ALIGNMENT(._clock_control_driver_api.static.*)))